<html>
<body>
<pre>
<h1>µVision Build Log</h1>
<h2>Tool Versions:</h2>
IDE-Version: ¦ÌVision V5.14.0.0
Copyright (C) 2015 ARM Ltd and ARM Germany GmbH. All rights reserved.
License Information: eti eti, eti, LIC=KIVRA-1FENA-8YZVV-P3LGW-2CWLU-BCJ4K
 
Tool Versions:
Toolchain:       MDK-ARM Professional  Version: 5.14.0.0
Toolchain Path:  C:\Keil_v5\ARM\ARMCC\Bin
C Compiler:      Armcc.exe V5.05 update 1 (build 106)
Assembler:       Armasm.exe V5.05 update 1 (build 106)
Linker/Locator:  ArmLink.exe V5.05 update 1 (build 106)
Library Manager: ArmAr.exe V5.05 update 1 (build 106)
Hex Converter:   FromElf.exe V5.05 update 1 (build 106)
CPU DLL:         SARMCM3.DLL V5.14.0.0
Dialog DLL:      DCM.DLL V1.13.1.0
Target DLL:      CMSIS_AGDI.dll V1.21.0.0
Dialog DLL:      TCM.DLL V1.14.4.0
 
<h2>Project:</h2>
D:\²Î¿¼\F429_Driver\Obj\F429_FanK.uvprojx
Project File Date:  11/27/2017

<h2>Output:</h2>
Build target 'Fanke'
compiling main.c...
..\User\Src\main.c(82): warning:  #177-D: variable "xHandleTaskTouch" was declared but never referenced
  static TaskHandle_t xHandleTaskTouch = NULL;
..\User\Src\main.c(83): warning:  #177-D: variable "TouchScreenTimer" was declared but never referenced
  static xTimerHandle TouchScreenTimer = NULL;
..\User\Src\main.c(168): warning:  #177-D: function "vTimerCallback" was declared but never referenced
  static void vTimerCallback( xTimerHandle pxTimer )
..\User\Src\main.c(172): warning:  #177-D: function "vTaskTouch" was declared but never referenced
  static void vTaskTouch(void *pvParameters)
..\User\Src\main.c: 4 warnings, 0 errors
linking...
Program Size: Code=218492 RO-data=464996 RW-data=18332 ZI-data=4354788  
".\Objects\F429_FanK.axf" - 0 Error(s), 4 Warning(s).

<h2>Collection of Component include folders:</h2>
  D:\²Î¿¼\F429_Driver\Obj\RTE
  C:\Keil_v5\ARM\PACK\Keil\STM32F4xx_DFP\2.7.0

<h2>Collection of Component Files used:</h2>
</pre>
</body>
</html>
