Component: ARM Compiler 5.05 update 1 (build 106) Tool: armlink [4d0efa]

==============================================================================

Section Cross References

    fmc.o(i.HAL_FMC_MspDeInit) refers to stm32f4xx_hal_gpio.o(i.HAL_GPIO_DeInit) for HAL_GPIO_DeInit
    fmc.o(i.HAL_FMC_MspDeInit) refers to fmc.o(.data) for FMC_DeInitialized
    fmc.o(i.HAL_FMC_MspInit) refers to stm32f4xx_hal_gpio.o(i.HAL_GPIO_Init) for HAL_GPIO_Init
    fmc.o(i.HAL_FMC_MspInit) refers to fmc.o(.data) for FMC_Initialized
    fmc.o(i.HAL_SDRAM_MspDeInit) refers to fmc.o(i.HAL_FMC_MspDeInit) for HAL_FMC_MspDeInit
    fmc.o(i.HAL_SDRAM_MspInit) refers to fmc.o(i.HAL_FMC_MspInit) for HAL_FMC_MspInit
    fmc.o(i.MX_FMC_Init) refers to stm32f4xx_hal_sdram.o(i.HAL_SDRAM_Init) for HAL_SDRAM_Init
    fmc.o(i.MX_FMC_Init) refers to main.o(i._Error_Handler) for _Error_Handler
    fmc.o(i.MX_FMC_Init) refers to fmc.o(.bss) for hsdram1
    fmc.o(i.SDRAM_Initialization_Sequence) refers to fmc.o(i.SDRAM_Send_Cmd) for SDRAM_Send_Cmd
    fmc.o(i.SDRAM_Initialization_Sequence) refers to main.o(i.HAL_Delay) for HAL_Delay
    fmc.o(i.SDRAM_Initialization_Sequence) refers to stm32f4xx_hal_sdram.o(i.HAL_SDRAM_ProgramRefreshRate) for HAL_SDRAM_ProgramRefreshRate
    fmc.o(i.SDRAM_Initialization_Sequence) refers to fmc.o(.bss) for hsdram1
    fmc.o(i.SDRAM_Send_Cmd) refers to stm32f4xx_hal_sdram.o(i.HAL_SDRAM_SendCommand) for HAL_SDRAM_SendCommand
    fmc.o(i.SDRAM_Send_Cmd) refers to fmc.o(.bss) for hsdram1
    gpio.o(i.MX_GPIO_Init) refers to stm32f4xx_hal_gpio.o(i.HAL_GPIO_WritePin) for HAL_GPIO_WritePin
    gpio.o(i.MX_GPIO_Init) refers to stm32f4xx_hal_gpio.o(i.HAL_GPIO_Init) for HAL_GPIO_Init
    ltdc.o(i.HAL_LTDC_MspDeInit) refers to stm32f4xx_hal_gpio.o(i.HAL_GPIO_DeInit) for HAL_GPIO_DeInit
    ltdc.o(i.HAL_LTDC_MspInit) refers to stm32f4xx_hal_gpio.o(i.HAL_GPIO_Init) for HAL_GPIO_Init
    ltdc.o(i.MX_LTDC_Init) refers to stm32f4xx_hal_ltdc.o(i.HAL_LTDC_Init) for HAL_LTDC_Init
    ltdc.o(i.MX_LTDC_Init) refers to main.o(i._Error_Handler) for _Error_Handler
    ltdc.o(i.MX_LTDC_Init) refers to stm32f4xx_hal_ltdc.o(i.HAL_LTDC_ConfigLayer) for HAL_LTDC_ConfigLayer
    ltdc.o(i.MX_LTDC_Init) refers to ltdc.o(.bss) for hltdc
    main.o(i.AppTaskCreate) refers to tasks.o(i.xTaskCreate) for xTaskCreate
    main.o(i.AppTaskCreate) refers to main.o(.data) for xHandleTaskLed
    main.o(i.AppTaskCreate) refers to main.o(i.vTaskLed) for vTaskLed
    main.o(i.AppTaskCreate) refers to main.o(i.vTaskMsgPro) for vTaskMsgPro
    main.o(i.AppTaskCreate) refers to main.o(i.vSD_Task) for vSD_Task
    main.o(i.HAL_Delay) refers to tasks.o(i.vTaskDelay) for vTaskDelay
    main.o(i.SystemClock_Config) refers to stm32f4xx_hal_rcc.o(i.HAL_RCC_OscConfig) for HAL_RCC_OscConfig
    main.o(i.SystemClock_Config) refers to main.o(i._Error_Handler) for _Error_Handler
    main.o(i.SystemClock_Config) refers to stm32f4xx_hal_pwr_ex.o(i.HAL_PWREx_EnableOverDrive) for HAL_PWREx_EnableOverDrive
    main.o(i.SystemClock_Config) refers to stm32f4xx_hal_rcc.o(i.HAL_RCC_ClockConfig) for HAL_RCC_ClockConfig
    main.o(i.SystemClock_Config) refers to stm32f4xx_hal_rcc_ex.o(i.HAL_RCCEx_PeriphCLKConfig) for HAL_RCCEx_PeriphCLKConfig
    main.o(i.SystemClock_Config) refers to stm32f4xx_hal_rcc.o(i.HAL_RCC_GetHCLKFreq) for HAL_RCC_GetHCLKFreq
    main.o(i.SystemClock_Config) refers to stm32f4xx_hal_cortex.o(i.HAL_SYSTICK_Config) for HAL_SYSTICK_Config
    main.o(i.SystemClock_Config) refers to stm32f4xx_hal_cortex.o(i.HAL_SYSTICK_CLKSourceConfig) for HAL_SYSTICK_CLKSourceConfig
    main.o(i.SystemClock_Config) refers to stm32f4xx_hal_cortex.o(i.HAL_NVIC_SetPriority) for HAL_NVIC_SetPriority
    main.o(i.main) refers to stm32f4xx_hal.o(i.HAL_Init) for HAL_Init
    main.o(i.main) refers to main.o(i.SystemClock_Config) for SystemClock_Config
    main.o(i.main) refers to gpio.o(i.MX_GPIO_Init) for MX_GPIO_Init
    main.o(i.main) refers to fmc.o(i.MX_FMC_Init) for MX_FMC_Init
    main.o(i.main) refers to ltdc.o(i.MX_LTDC_Init) for MX_LTDC_Init
    main.o(i.main) refers to sdio.o(i.MX_SDIO_SD_Init) for MX_SDIO_SD_Init
    main.o(i.main) refers to spi.o(i.MX_SPI1_Init) for MX_SPI1_Init
    main.o(i.main) refers to usart.o(i.MX_USART1_UART_Init) for MX_USART1_UART_Init
    main.o(i.main) refers to dma2d.o(i.MX_DMA2D_Init) for MX_DMA2D_Init
    main.o(i.main) refers to fatfs.o(i.MX_FATFS_Init) for MX_FATFS_Init
    main.o(i.main) refers to main.o(i.AppTaskCreate) for AppTaskCreate
    main.o(i.main) refers to tasks.o(i.vTaskStartScheduler) for vTaskStartScheduler
    main.o(i.vSD_Task) refers to ff.o(i.f_mount) for f_mount
    main.o(i.vSD_Task) refers to ff.o(i.f_open) for f_open
    main.o(i.vSD_Task) refers to ff.o(i.f_puts) for f_puts
    main.o(i.vSD_Task) refers to ff.o(i.f_close) for f_close
    main.o(i.vSD_Task) refers to ff.o(i.f_printf) for f_printf
    main.o(i.vSD_Task) refers to tasks.o(i.vTaskDelay) for vTaskDelay
[...]
    i.SD_WideBus_Enable                      0x0800380a   Section        0  stm32f4xx_hal_sd.o(i.SD_WideBus_Enable)
    SD_WideBus_Enable                        0x0800380b   Thumb Code   106  stm32f4xx_hal_sd.o(i.SD_WideBus_Enable)
    i.SD_initialize                          0x08003874   Section        0  sd_diskio.o(i.SD_initialize)
    i.SD_ioctl                               0x0800389c   Section        0  sd_diskio.o(i.SD_ioctl)
    i.SD_read                                0x08003904   Section        0  sd_diskio.o(i.SD_read)
    i.SD_status                              0x0800394c   Section        0  sd_diskio.o(i.SD_status)
    i.SD_write                               0x08003974   Section        0  sd_diskio.o(i.SD_write)
    i.SysTick_Handler                        0x080039bc   Section        0  stm32f4xx_it.o(i.SysTick_Handler)
    i.SystemClock_Config                     0x080039c8   Section        0  main.o(i.SystemClock_Config)
    i.SystemInit                             0x08003adc   Section        0  system_stm32f4xx.o(i.SystemInit)
    i.UART_SetConfig                         0x08003b40   Section        0  stm32f4xx_hal_uart.o(i.UART_SetConfig)
    UART_SetConfig                           0x08003b41   Thumb Code   864  stm32f4xx_hal_uart.o(i.UART_SetConfig)
    i.UsageFault_Handler                     0x08003ea8   Section        0  stm32f4xx_it.o(i.UsageFault_Handler)
    i._Error_Handler                         0x08003eac   Section        0  main.o(i._Error_Handler)
    i.__scatterload_copy                     0x08003eb0   Section       14  handlers.o(i.__scatterload_copy)
    i.__scatterload_null                     0x08003ebe   Section        2  handlers.o(i.__scatterload_null)
    i.__scatterload_zeroinit                 0x08003ec0   Section       14  handlers.o(i.__scatterload_zeroinit)
    i.check_fs                               0x08003ed0   Section        0  ff.o(i.check_fs)
    check_fs                                 0x08003ed1   Thumb Code   116  ff.o(i.check_fs)
    i.chk_chr                                0x08003f4c   Section        0  ff.o(i.chk_chr)
    chk_chr                                  0x08003f4d   Thumb Code    20  ff.o(i.chk_chr)
    i.clmt_clust                             0x08003f60   Section        0  ff.o(i.clmt_clust)
    clmt_clust                               0x08003f61   Thumb Code    50  ff.o(i.clmt_clust)
    i.clust2sect                             0x08003f92   Section        0  ff.o(i.clust2sect)
    clust2sect                               0x08003f93   Thumb Code    26  ff.o(i.clust2sect)
    i.cmp_lfn                                0x08003fac   Section        0  ff.o(i.cmp_lfn)
    cmp_lfn                                  0x08003fad   Thumb Code   148  ff.o(i.cmp_lfn)
    i.create_chain                           0x08004044   Section        0  ff.o(i.create_chain)
    create_chain                             0x08004045   Thumb Code   222  ff.o(i.create_chain)
    i.create_name                            0x08004124   Section        0  ff.o(i.create_name)
    create_name                              0x08004125   Thumb Code   690  ff.o(i.create_name)
    i.dir_alloc                              0x080043ec   Section        0  ff.o(i.dir_alloc)
    dir_alloc                                0x080043ed   Thumb Code    96  ff.o(i.dir_alloc)
    i.dir_find                               0x0800444c   Section        0  ff.o(i.dir_find)
    dir_find                                 0x0800444d   Thumb Code   252  ff.o(i.dir_find)
    i.dir_next                               0x08004548   Section        0  ff.o(i.dir_next)
    dir_next                                 0x08004549   Thumb Code   268  ff.o(i.dir_next)
    i.dir_register                           0x08004654   Section        0  ff.o(i.dir_register)
    dir_register                             0x08004655   Thumb Code   322  ff.o(i.dir_register)
    i.dir_sdi                                0x08004796   Section        0  ff.o(i.dir_sdi)
    dir_sdi                                  0x08004797   Thumb Code   154  ff.o(i.dir_sdi)
    i.disk_initialize                        0x08004830   Section        0  diskio.o(i.disk_initialize)
    i.disk_ioctl                             0x0800485c   Section        0  diskio.o(i.disk_ioctl)
    i.disk_read                              0x08004884   Section        0  diskio.o(i.disk_read)
    i.disk_status                            0x080048b4   Section        0  diskio.o(i.disk_status)
    i.disk_write                             0x080048d0   Section        0  diskio.o(i.disk_write)
    i.f_close                                0x08004900   Section        0  ff.o(i.f_close)
    i.f_mount                                0x08004924   Section        0  ff.o(i.f_mount)
    i.f_open                                 0x08004980   Section        0  ff.o(i.f_open)
    i.f_printf                               0x08004b7c   Section        0  ff.o(i.f_printf)
    i.f_puts                                 0x08004dd0   Section        0  ff.o(i.f_puts)
    i.f_sync                                 0x08004dfc   Section        0  ff.o(i.f_sync)
    i.f_write                                0x08004e9c   Section        0  ff.o(i.f_write)
    i.ff_convert                             0x0800508c   Section        0  cc936.o(i.ff_convert)
    i.ff_wtoupper                            0x08005108   Section        0  cc936.o(i.ff_wtoupper)
    i.find_volume                            0x080051ac   Section        0  ff.o(i.find_volume)
    find_volume                              0x080051ad   Thumb Code   748  ff.o(i.find_volume)
    i.follow_path                            0x080054a8   Section        0  ff.o(i.follow_path)
    follow_path                              0x080054a9   Thumb Code   208  ff.o(i.follow_path)
    i.gen_numname                            0x08005578   Section        0  ff.o(i.gen_numname)
    gen_numname                              0x08005579   Thumb Code   198  ff.o(i.gen_numname)
    i.get_fat                                0x08005644   Section        0  ff.o(i.get_fat)
    get_fat                                  0x08005645   Thumb Code   224  ff.o(i.get_fat)
    i.get_fattime                            0x08005724   Section        0  fatfs.o(i.get_fattime)
    i.get_ldnumber                           0x08005728   Section        0  ff.o(i.get_ldnumber)
    get_ldnumber                             0x08005729   Thumb Code    72  ff.o(i.get_ldnumber)
    i.ld_clust                               0x08005770   Section        0  ff.o(i.ld_clust)
    ld_clust                                 0x08005771   Thumb Code    38  ff.o(i.ld_clust)
    i.ld_dword                               0x08005796   Section        0  ff.o(i.ld_dword)
    ld_dword                                 0x08005797   Thumb Code    24  ff.o(i.ld_dword)
    i.ld_word                                0x080057ae   Section        0  ff.o(i.ld_word)
    ld_word                                  0x080057af   Thumb Code    12  ff.o(i.ld_word)
    i.main                                   0x080057ba   Section        0  main.o(i.main)
    i.mem_cmp                                0x080057f6   Section        0  ff.o(i.mem_cmp)
    mem_cmp                                  0x080057f7   Thumb Code    36  ff.o(i.mem_cmp)
    i.mem_cpy                                0x0800581a   Section        0  ff.o(i.mem_cpy)
    mem_cpy                                  0x0800581b   Thumb Code    26  ff.o(i.mem_cpy)
    i.mem_set                                0x08005834   Section        0  ff.o(i.mem_set)
    mem_set                                  0x08005835   Thumb Code    18  ff.o(i.mem_set)
    i.move_window                            0x08005846   Section        0  ff.o(i.move_window)
    move_window                              0x08005847   Thumb Code    52  ff.o(i.move_window)
    i.prvAddCurrentTaskToDelayedList         0x0800587c   Section        0  tasks.o(i.prvAddCurrentTaskToDelayedList)
    prvAddCurrentTaskToDelayedList           0x0800587d   Thumb Code   124  tasks.o(i.prvAddCurrentTaskToDelayedList)
    i.prvAddNewTaskToReadyList               0x08005914   Section        0  tasks.o(i.prvAddNewTaskToReadyList)
    prvAddNewTaskToReadyList                 0x08005915   Thumb Code   156  tasks.o(i.prvAddNewTaskToReadyList)
    i.prvCheckForValidListAndQueue           0x080059cc   Section        0  timers.o(i.prvCheckForValidListAndQueue)
    prvCheckForValidListAndQueue             0x080059cd   Thumb Code    72  timers.o(i.prvCheckForValidListAndQueue)
    i.prvCheckTasksWaitingTermination        0x08005a30   Section        0  tasks.o(i.prvCheckTasksWaitingTermination)
    prvCheckTasksWaitingTermination          0x08005a31   Thumb Code    86  tasks.o(i.prvCheckTasksWaitingTermination)
    i.prvCopyDataFromQueue                   0x08005a94   Section        0  queue.o(i.prvCopyDataFromQueue)
    prvCopyDataFromQueue                     0x08005a95   Thumb Code    42  queue.o(i.prvCopyDataFromQueue)
    i.prvCopyDataToQueue                     0x08005abe   Section        0  queue.o(i.prvCopyDataToQueue)
    prvCopyDataToQueue                       0x08005abf   Thumb Code   124  queue.o(i.prvCopyDataToQueue)
    i.prvDeleteTCB                           0x08005b3a   Section        0  tasks.o(i.prvDeleteTCB)
    prvDeleteTCB                             0x08005b3b   Thumb Code    18  tasks.o(i.prvDeleteTCB)
    i.prvGetNextExpireTime                   0x08005b4c   Section        0  timers.o(i.prvGetNextExpireTime)
    prvGetNextExpireTime                     0x08005b4d   Thumb Code    36  timers.o(i.prvGetNextExpireTime)
    i.prvHeapInit                            0x08005b74   Section        0  heap_4.o(i.prvHeapInit)
    prvHeapInit                              0x08005b75   Thumb Code    98  heap_4.o(i.prvHeapInit)
    i.prvIdleTask                            0x08005bf0   Section        0  tasks.o(i.prvIdleTask)
    prvIdleTask                              0x08005bf1   Thumb Code    32  tasks.o(i.prvIdleTask)
    i.prvInitialiseNewQueue                  0x08005c18   Section        0  queue.o(i.prvInitialiseNewQueue)
    prvInitialiseNewQueue                    0x08005c19   Thumb Code    42  queue.o(i.prvInitialiseNewQueue)
    i.prvInitialiseNewTask                   0x08005c42   Section        0  tasks.o(i.prvInitialiseNewTask)
    prvInitialiseNewTask                     0x08005c43   Thumb Code   180  tasks.o(i.prvInitialiseNewTask)
    i.prvInitialiseTaskLists                 0x08005cf8   Section        0  tasks.o(i.prvInitialiseTaskLists)
    prvInitialiseTaskLists                   0x08005cf9   Thumb Code    70  tasks.o(i.prvInitialiseTaskLists)
    i.prvInsertBlockIntoFreeList             0x08005d60   Section        0  heap_4.o(i.prvInsertBlockIntoFreeList)
    prvInsertBlockIntoFreeList               0x08005d61   Thumb Code    96  heap_4.o(i.prvInsertBlockIntoFreeList)
    i.prvInsertTimerInActiveList             0x08005dc8   Section        0  timers.o(i.prvInsertTimerInActiveList)
    prvInsertTimerInActiveList               0x08005dc9   Thumb Code    80  timers.o(i.prvInsertTimerInActiveList)
    i.prvIsQueueEmpty                        0x08005e20   Section        0  queue.o(i.prvIsQueueEmpty)
    prvIsQueueEmpty                          0x08005e21   Thumb Code    26  queue.o(i.prvIsQueueEmpty)
    i.prvIsQueueFull                         0x08005e3a   Section        0  queue.o(i.prvIsQueueFull)
    prvIsQueueFull                           0x08005e3b   Thumb Code    30  queue.o(i.prvIsQueueFull)
    i.prvProcessExpiredTimer                 0x08005e58   Section        0  timers.o(i.prvProcessExpiredTimer)
    prvProcessExpiredTimer                   0x08005e59   Thumb Code    94  timers.o(i.prvProcessExpiredTimer)
    i.prvProcessReceivedCommands             0x08005ebc   Section        0  timers.o(i.prvProcessReceivedCommands)
    prvProcessReceivedCommands               0x08005ebd   Thumb Code   242  timers.o(i.prvProcessReceivedCommands)
    i.prvProcessTimerOrBlockTask             0x08005fb4   Section        0  timers.o(i.prvProcessTimerOrBlockTask)
    prvProcessTimerOrBlockTask               0x08005fb5   Thumb Code   102  timers.o(i.prvProcessTimerOrBlockTask)
    i.prvResetNextTaskUnblockTime            0x08006028   Section        0  tasks.o(i.prvResetNextTaskUnblockTime)
    prvResetNextTaskUnblockTime              0x08006029   Thumb Code    42  tasks.o(i.prvResetNextTaskUnblockTime)
    i.prvSampleTimeNow                       0x0800605c   Section        0  timers.o(i.prvSampleTimeNow)
    prvSampleTimeNow                         0x0800605d   Thumb Code    40  timers.o(i.prvSampleTimeNow)
    i.prvSwitchTimerLists                    0x08006088   Section        0  timers.o(i.prvSwitchTimerLists)
    prvSwitchTimerLists                      0x08006089   Thumb Code   150  timers.o(i.prvSwitchTimerLists)
    i.prvTaskExitError                       0x08006128   Section        0  port.o(i.prvTaskExitError)
    prvTaskExitError                         0x08006129   Thumb Code    60  port.o(i.prvTaskExitError)
    i.prvTimerTask                           0x08006168   Section        0  timers.o(i.prvTimerTask)
    prvTimerTask                             0x08006169   Thumb Code    26  timers.o(i.prvTimerTask)
    i.prvUnlockQueue                         0x08006182   Section        0  queue.o(i.prvUnlockQueue)
    prvUnlockQueue                           0x08006183   Thumb Code   126  queue.o(i.prvUnlockQueue)
    i.put_fat                                0x08006200   Section        0  ff.o(i.put_fat)
    put_fat                                  0x08006201   Thumb Code   312  ff.o(i.put_fat)
    i.put_lfn                                0x08006338   Section        0  ff.o(i.put_lfn)
    put_lfn                                  0x08006339   Thumb Code   124  ff.o(i.put_lfn)
    i.putc_bfd                               0x080063b8   Section        0  ff.o(i.putc_bfd)
    putc_bfd                                 0x080063b9   Thumb Code    68  ff.o(i.putc_bfd)
    i.putc_flush                             0x080063fc   Section        0  ff.o(i.putc_flush)
    putc_flush                               0x080063fd   Thumb Code    44  ff.o(i.putc_flush)
    i.putc_init                              0x08006428   Section        0  ff.o(i.putc_init)
    putc_init                                0x08006429   Thumb Code    10  ff.o(i.putc_init)
    i.pvPortMalloc                           0x08006434   Section        0  heap_4.o(i.pvPortMalloc)
    i.pvTaskIncrementMutexHeldCount          0x08006570   Section        0  tasks.o(i.pvTaskIncrementMutexHeldCount)
    i.pxPortInitialiseStack                  0x08006590   Section        0  port.o(i.pxPortInitialiseStack)
    i.remove_chain                           0x080065bc   Section        0  ff.o(i.remove_chain)
    remove_chain                             0x080065bd   Thumb Code   154  ff.o(i.remove_chain)
    i.st_clust                               0x08006656   Section        0  ff.o(i.st_clust)
    st_clust                                 0x08006657   Thumb Code    36  ff.o(i.st_clust)
    i.st_dword                               0x0800667a   Section        0  ff.o(i.st_dword)
    st_dword                                 0x0800667b   Thumb Code    24  ff.o(i.st_dword)
    i.st_word                                0x08006692   Section        0  ff.o(i.st_word)
    st_word                                  0x08006693   Thumb Code    12  ff.o(i.st_word)
    i.sum_sfn                                0x0800669e   Section        0  ff.o(i.sum_sfn)
    sum_sfn                                  0x0800669f   Thumb Code    32  ff.o(i.sum_sfn)
    i.sync_fs                                0x080066c0   Section        0  ff.o(i.sync_fs)
    sync_fs                                  0x080066c1   Thumb Code   134  ff.o(i.sync_fs)
    i.sync_window                            0x08006750   Section        0  ff.o(i.sync_window)
    sync_window                              0x08006751   Thumb Code    82  ff.o(i.sync_window)
    i.uxListRemove                           0x080067a2   Section        0  list.o(i.uxListRemove)
    i.vListInitialise                        0x080067ca   Section        0  list.o(i.vListInitialise)
    i.vListInitialiseItem                    0x080067e4   Section        0  list.o(i.vListInitialiseItem)
    i.vListInsert                            0x080067ea   Section        0  list.o(i.vListInsert)
    i.vListInsertEnd                         0x0800681e   Section        0  list.o(i.vListInsertEnd)
    i.vPortEnterCritical                     0x08006838   Section        0  port.o(i.vPortEnterCritical)
    i.vPortExitCritical                      0x0800688c   Section        0  port.o(i.vPortExitCritical)
    i.vPortFree                              0x080068c8   Section        0  heap_4.o(i.vPortFree)
    i.vPortSetupTimerInterrupt               0x0800695c   Section        0  port.o(i.vPortSetupTimerInterrupt)
    i.vPortValidateInterruptPriority         0x08006970   Section        0  port.o(i.vPortValidateInterruptPriority)
    i.vQueueAddToRegistry                    0x080069e8   Section        0  queue.o(i.vQueueAddToRegistry)
    i.vQueueWaitForMessageRestricted         0x08006a14   Section        0  queue.o(i.vQueueWaitForMessageRestricted)
    i.vSD_Task                               0x08006a60   Section        0  main.o(i.vSD_Task)
    vSD_Task                                 0x08006a61   Thumb Code   134  main.o(i.vSD_Task)
    i.vTaskDelay                             0x08006b64   Section        0  tasks.o(i.vTaskDelay)
    i.vTaskLed                               0x08006bc0   Section        0  main.o(i.vTaskLed)
    vTaskLed                                 0x08006bc1   Thumb Code    20  main.o(i.vTaskLed)
    i.vTaskMissedYield                       0x08006bd8   Section        0  tasks.o(i.vTaskMissedYield)
    i.vTaskMsgPro                            0x08006be4   Section        0  main.o(i.vTaskMsgPro)
    vTaskMsgPro                              0x08006be5   Thumb Code    20  main.o(i.vTaskMsgPro)
    i.vTaskPlaceOnEventList                  0x08006bfc   Section        0  tasks.o(i.vTaskPlaceOnEventList)
    i.vTaskPlaceOnEventListRestricted        0x08006c34   Section        0  tasks.o(i.vTaskPlaceOnEventListRestricted)
    i.vTaskPriorityInherit                   0x08006c74   Section        0  tasks.o(i.vTaskPriorityInherit)
    i.vTaskSetTimeOutState                   0x08006d24   Section        0  tasks.o(i.vTaskSetTimeOutState)
    i.vTaskStartScheduler                    0x08006d54   Section        0  tasks.o(i.vTaskStartScheduler)
    i.vTaskSuspendAll                        0x08006de8   Section        0  tasks.o(i.vTaskSuspendAll)
    i.vTaskSwitchContext                     0x08006df8   Section        0  tasks.o(i.vTaskSwitchContext)
    i.validate                               0x08006e84   Section        0  ff.o(i.validate)
    validate                                 0x08006e85   Thumb Code    60  ff.o(i.validate)
    i.xPortStartScheduler                    0x08006ec0   Section        0  port.o(i.xPortStartScheduler)
    i.xPortSysTickHandler                    0x08006ffc   Section        0  port.o(i.xPortSysTickHandler)
    i.xQueueGenericCreate                    0x08007030   Section        0  queue.o(i.xQueueGenericCreate)
    i.xQueueGenericReceive                   0x08007088   Section        0  queue.o(i.xQueueGenericReceive)
    i.xQueueGenericReset                     0x0800724c   Section        0  queue.o(i.xQueueGenericReset)
    i.xQueueGenericSend                      0x080072e4   Section        0  queue.o(i.xQueueGenericSend)
    i.xQueueGenericSendFromISR               0x0800748c   Section        0  queue.o(i.xQueueGenericSendFromISR)
    i.xTaskCheckForTimeOut                   0x08007584   Section        0  tasks.o(i.xTaskCheckForTimeOut)
    i.xTaskCreate                            0x08007610   Section        0  tasks.o(i.xTaskCreate)
    i.xTaskGetSchedulerState                 0x08007670   Section        0  tasks.o(i.xTaskGetSchedulerState)
    i.xTaskGetTickCount                      0x08007690   Section        0  tasks.o(i.xTaskGetTickCount)
    i.xTaskIncrementTick                     0x0800769c   Section        0  tasks.o(i.xTaskIncrementTick)
    i.xTaskPriorityDisinherit                0x080077e4   Section        0  tasks.o(i.xTaskPriorityDisinherit)
    i.xTaskRemoveFromEventList               0x080078ac   Section        0  tasks.o(i.xTaskRemoveFromEventList)
    i.xTaskResumeAll                         0x08007944   Section        0  tasks.o(i.xTaskResumeAll)
    i.xTimerCreateTimerTask                  0x08007a48   Section        0  timers.o(i.xTimerCreateTimerTask)
    i.xTimerGenericCommand                   0x08007aa0   Section        0  timers.o(i.xTimerGenericCommand)
    .constdata                               0x08007b24   Section       24  system_stm32f4xx.o(.constdata)
    .constdata                               0x08007b3c   Section       13  ff.o(.constdata)
    LfnOfs                                   0x08007b3c   Data          13  ff.o(.constdata)
    .constdata                               0x08007b4c   Section       20  sd_diskio.o(.constdata)
    .constdata                               0x08007b60   Section    175030  cc936.o(.constdata)
    uni2oem                                  0x08007b60   Data       87172  cc936.o(.constdata)
    oem2uni                                  0x0801cfe4   Data       87172  cc936.o(.constdata)
    cvt1                                     0x08032468   Data         498  cc936.o(.constdata)
    cvt2                                     0x0803265a   Data         188  cc936.o(.constdata)
    .data                                    0x20000000   Section        8  fmc.o(.data)
    FMC_Initialized                          0x20000000   Data           4  fmc.o(.data)
    FMC_DeInitialized                        0x20000004   Data           4  fmc.o(.data)
    .data                                    0x20000008   Section       13  main.o(.data)
    xHandleTaskLed                           0x20000008   Data           4  main.o(.data)
    xHandleTaskMsgPro                        0x2000000c   Data           4  main.o(.data)
    xHandleTaskSD                            0x20000010   Data           4  main.o(.data)
    .data                                    0x20000018   Section        4  system_stm32f4xx.o(.data)
    .data                                    0x2000001c   Section        5  fatfs.o(.data)
    .data                                    0x20000024   Section        6  ff.o(.data)
    FatFs                                    0x20000024   Data           4  ff.o(.data)
    Fsid                                     0x20000028   Data           2  ff.o(.data)
    .data                                    0x2000002a   Section        1  sd_diskio.o(.data)
    Stat                                     0x2000002a   Data           1  sd_diskio.o(.data)
    .data                                    0x2000002c   Section        4  stm32f4xx_hal.o(.data)
    .data                                    0x20000030   Section       60  tasks.o(.data)
    pxDelayedTaskList                        0x20000034   Data           4  tasks.o(.data)
    pxOverflowDelayedTaskList                0x20000038   Data           4  tasks.o(.data)
    uxDeletedTasksWaitingCleanUp             0x2000003c   Data           4  tasks.o(.data)
    uxCurrentNumberOfTasks                   0x20000040   Data           4  tasks.o(.data)
    xTickCount                               0x20000044   Data           4  tasks.o(.data)
    uxTopReadyPriority                       0x20000048   Data           4  tasks.o(.data)
    xSchedulerRunning                        0x2000004c   Data           4  tasks.o(.data)
    uxPendedTicks                            0x20000050   Data           4  tasks.o(.data)
    xYieldPending                            0x20000054   Data           4  tasks.o(.data)
    xNumOfOverflows                          0x20000058   Data           4  tasks.o(.data)
    uxTaskNumber                             0x2000005c   Data           4  tasks.o(.data)
    xNextTaskUnblockTime                     0x20000060   Data           4  tasks.o(.data)
    xIdleTaskHandle                          0x20000064   Data           4  tasks.o(.data)
    uxSchedulerSuspended                     0x20000068   Data           4  tasks.o(.data)
    .data                                    0x2000006c   Section       20  timers.o(.data)
    pxCurrentTimerList                       0x2000006c   Data           4  timers.o(.data)
    pxOverflowTimerList                      0x20000070   Data           4  timers.o(.data)
    xTimerQueue                              0x20000074   Data           4  timers.o(.data)
    xTimerTaskHandle                         0x20000078   Data           4  timers.o(.data)
    xLastTime                                0x2000007c   Data           4  timers.o(.data)
    .data                                    0x20000080   Section       24  heap_4.o(.data)
    xStart                                   0x20000080   Data           8  heap_4.o(.data)
    pxEnd                                    0x20000088   Data           4  heap_4.o(.data)
    xFreeBytesRemaining                      0x2000008c   Data           4  heap_4.o(.data)
    xMinimumEverFreeBytesRemaining           0x20000090   Data           4  heap_4.o(.data)
    xBlockAllocatedBit                       0x20000094   Data           4  heap_4.o(.data)
    .data                                    0x20000098   Section       12  port.o(.data)
    uxCriticalNesting                        0x20000098   Data           4  port.o(.data)
    ucMaxSysCallPriority                     0x2000009c   Data           1  port.o(.data)
    ulMaxPRIGROUPValue                       0x200000a0   Data           4  port.o(.data)
    .bss                                     0x200000a4   Section       52  fmc.o(.bss)
    .bss                                     0x200000d8   Section      168  ltdc.o(.bss)
    .bss                                     0x20000180   Section     1124  main.o(.bss)
    .bss                                     0x200005e4   Section      132  sdio.o(.bss)
    .bss                                     0x20000668   Section       88  spi.o(.bss)
    .bss                                     0x200006c0   Section       64  usart.o(.bss)
    .bss                                     0x20000700   Section       64  dma2d.o(.bss)
    .bss                                     0x20000740   Section       12  ff_gen_drv.o(.bss)
    .bss                                     0x2000074c   Section       64  queue.o(.bss)
    .bss                                     0x2000078c   Section      200  tasks.o(.bss)
    pxReadyTasksLists                        0x2000078c   Data         100  tasks.o(.bss)
    xDelayedTaskList1                        0x200007f0   Data          20  tasks.o(.bss)
    xDelayedTaskList2                        0x20000804   Data          20  tasks.o(.bss)
    xPendingReadyList                        0x20000818   Data          20  tasks.o(.bss)
    xTasksWaitingTermination                 0x2000082c   Data          20  tasks.o(.bss)
    xSuspendedTaskList                       0x20000840   Data          20  tasks.o(.bss)
    .bss                                     0x20000854   Section       40  timers.o(.bss)
    xActiveTimerList1                        0x20000854   Data          20  timers.o(.bss)
    xActiveTimerList2                        0x20000868   Data          20  timers.o(.bss)
    .bss                                     0x2000087c   Section    76800  heap_4.o(.bss)
    ucHeap                                   0x2000087c   Data       76800  heap_4.o(.bss)
    STACK                                    0x20013480   Section     4096  startup_stm32f429xx.o(STACK)

    Global Symbols

    Symbol Name                              Value     Ov Type        Size  Object(Section)

    BuildAttributes$$THM_ISAv4$E$P$D$K$B$S$7EM$VFPi3$EXTD16$VFPS$VFMA$PE$A:L22UL41UL21$X:L11$S22US41US21$IEEE1$IW$USESV6$~STKCKD$USESV7$~SHL$OSPACE$EBA8$MICROLIB$REQ8$PRES8$EABIv2 0x00000000   Number         0  anon$$obj.o ABSOLUTE
    __ARM_use_no_argv                        0x00000000   Number         0  main.o ABSOLUTE
    __cpp_initialize__aeabi_                  - Undefined Weak Reference
    __cxa_finalize                            - Undefined Weak Reference
    __decompress                              - Undefined Weak Reference
    _clock_init                               - Undefined Weak Reference
    _microlib_exit                            - Undefined Weak Reference
    __Vectors_Size                           0x000001ac   Number         0  startup_stm32f429xx.o ABSOLUTE
    __Vectors                                0x08000000   Data           4  startup_stm32f429xx.o(RESET)
    __Vectors_End                            0x080001ac   Data           0  startup_stm32f429xx.o(RESET)
    __main                                   0x080001ad   Thumb Code     0  entry.o(.ARM.Collect$$$$00000000)
    _main_stk                                0x080001ad   Thumb Code     0  entry2.o(.ARM.Collect$$$$00000001)
    _main_scatterload                        0x080001b1   Thumb Code     0  entry5.o(.ARM.Collect$$$$00000004)
    __main_after_scatterload                 0x080001b5   Thumb Code     0  entry5.o(.ARM.Collect$$$$00000004)
    _main_clock                              0x080001b5   Thumb Code     0  entry7b.o(.ARM.Collect$$$$00000008)
    _main_cpp_init                           0x080001b5   Thumb Code     0  entry8b.o(.ARM.Collect$$$$0000000A)
    _main_init                               0x080001b5   Thumb Code     0  entry9a.o(.ARM.Collect$$$$0000000B)
    __rt_final_cpp                           0x080001bd   Thumb Code     0  entry10a.o(.ARM.Collect$$$$0000000D)
    __rt_final_exit                          0x080001bd   Thumb Code     0  entry11a.o(.ARM.Collect$$$$0000000F)
    SVC_Handler                              0x080001c1   Thumb Code    28  port.o(.emb_text)
    __asm___6_port_c_39a90d8d__prvStartFirstTask 0x080001e1   Thumb Code    28  port.o(.emb_text)
    __asm___6_port_c_39a90d8d__prvEnableVFP  0x08000201   Thumb Code    16  port.o(.emb_text)
    PendSV_Handler                           0x08000215   Thumb Code    88  port.o(.emb_text)
    vPortGetIPSR                             0x08000271   Thumb Code     6  port.o(.emb_text)
    Reset_Handler                            0x08000279   Thumb Code     8  startup_stm32f429xx.o(.text)
    ADC_IRQHandler                           0x08000293   Thumb Code     0  startup_stm32f429xx.o(.text)
    CAN1_RX0_IRQHandler                      0x08000293   Thumb Code     0  startup_stm32f429xx.o(.text)
    CAN1_RX1_IRQHandler                      0x08000293   Thumb Code     0  startup_stm32f429xx.o(.text)
    CAN1_SCE_IRQHandler                      0x08000293   Thumb Code     0  startup_stm32f429xx.o(.text)
    CAN1_TX_IRQHandler                       0x08000293   Thumb Code     0  startup_stm32f429xx.o(.text)
    CAN2_RX0_IRQHandler                      0x08000293   Thumb Code     0  startup_stm32f429xx.o(.text)
    CAN2_RX1_IRQHandler                      0x08000293   Thumb Code     0  startup_stm32f429xx.o(.text)
    CAN2_SCE_IRQHandler                      0x08000293   Thumb Code     0  startup_stm32f429xx.o(.text)
    CAN2_TX_IRQHandler                       0x08000293   Thumb Code     0  startup_stm32f429xx.o(.text)
    DCMI_IRQHandler                          0x08000293   Thumb Code     0  startup_stm32f429xx.o(.text)
    DMA1_Stream0_IRQHandler                  0x08000293   Thumb Code     0  startup_stm32f429xx.o(.text)
    DMA1_Stream1_IRQHandler                  0x08000293   Thumb Code     0  startup_stm32f429xx.o(.text)
    DMA1_Stream2_IRQHandler                  0x08000293   Thumb Code     0  startup_stm32f429xx.o(.text)
    DMA1_Stream3_IRQHandler                  0x08000293   Thumb Code     0  startup_stm32f429xx.o(.text)
    DMA1_Stream4_IRQHandler                  0x08000293   Thumb Code     0  startup_stm32f429xx.o(.text)
    DMA1_Stream5_IRQHandler                  0x08000293   Thumb Code     0  startup_stm32f429xx.o(.text)
    DMA1_Stream6_IRQHandler                  0x08000293   Thumb Code     0  startup_stm32f429xx.o(.text)
    DMA1_Stream7_IRQHandler                  0x08000293   Thumb Code     0  startup_stm32f429xx.o(.text)
    DMA2D_IRQHandler                         0x08000293   Thumb Code     0  startup_stm32f429xx.o(.text)
    DMA2_Stream0_IRQHandler                  0x08000293   Thumb Code     0  startup_stm32f429xx.o(.text)
    DMA2_Stream1_IRQHandler                  0x08000293   Thumb Code     0  startup_stm32f429xx.o(.text)
    DMA2_Stream2_IRQHandler                  0x08000293   Thumb Code     0  startup_stm32f429xx.o(.text)
    DMA2_Stream3_IRQHandler                  0x08000293   Thumb Code     0  startup_stm32f429xx.o(.text)
    DMA2_Stream4_IRQHandler                  0x08000293   Thumb Code     0  startup_stm32f429xx.o(.text)
    DMA2_Stream5_IRQHandler                  0x08000293   Thumb Code     0  startup_stm32f429xx.o(.text)
    DMA2_Stream6_IRQHandler                  0x08000293   Thumb Code     0  startup_stm32f429xx.o(.text)
    DMA2_Stream7_IRQHandler                  0x08000293   Thumb Code     0  startup_stm32f429xx.o(.text)
    ETH_IRQHandler                           0x08000293   Thumb Code     0  startup_stm32f429xx.o(.text)
    ETH_WKUP_IRQHandler                      0x08000293   Thumb Code     0  startup_stm32f429xx.o(.text)
    EXTI0_IRQHandler                         0x08000293   Thumb Code     0  startup_stm32f429xx.o(.text)
    EXTI15_10_IRQHandler                     0x08000293   Thumb Code     0  startup_stm32f429xx.o(.text)
    EXTI1_IRQHandler                         0x08000293   Thumb Code     0  startup_stm32f429xx.o(.text)
    EXTI2_IRQHandler                         0x08000293   Thumb Code     0  startup_stm32f429xx.o(.text)
    EXTI3_IRQHandler                         0x08000293   Thumb Code     0  startup_stm32f429xx.o(.text)
    EXTI4_IRQHandler                         0x08000293   Thumb Code     0  startup_stm32f429xx.o(.text)
    EXTI9_5_IRQHandler                       0x08000293   Thumb Code     0  startup_stm32f429xx.o(.text)
    FLASH_IRQHandler                         0x08000293   Thumb Code     0  startup_stm32f429xx.o(.text)
    FMC_IRQHandler                           0x08000293   Thumb Code     0  startup_stm32f429xx.o(.text)
    FPU_IRQHandler                           0x08000293   Thumb Code     0  startup_stm32f429xx.o(.text)
    HASH_RNG_IRQHandler                      0x08000293   Thumb Code     0  startup_stm32f429xx.o(.text)
    I2C1_ER_IRQHandler                       0x08000293   Thumb Code     0  startup_stm32f429xx.o(.text)
    I2C1_EV_IRQHandler                       0x08000293   Thumb Code     0  startup_stm32f429xx.o(.text)
    I2C2_ER_IRQHandler                       0x08000293   Thumb Code     0  startup_stm32f429xx.o(.text)
    I2C2_EV_IRQHandler                       0x08000293   Thumb Code     0  startup_stm32f429xx.o(.text)
    I2C3_ER_IRQHandler                       0x08000293   Thumb Code     0  startup_stm32f429xx.o(.text)
    I2C3_EV_IRQHandler                       0x08000293   Thumb Code     0  startup_stm32f429xx.o(.text)
    LTDC_ER_IRQHandler                       0x08000293   Thumb Code     0  startup_stm32f429xx.o(.text)
    LTDC_IRQHandler                          0x08000293   Thumb Code     0  startup_stm32f429xx.o(.text)
    OTG_FS_IRQHandler                        0x08000293   Thumb Code     0  startup_stm32f429xx.o(.text)
    OTG_FS_WKUP_IRQHandler                   0x08000293   Thumb Code     0  startup_stm32f429xx.o(.text)
    OTG_HS_EP1_IN_IRQHandler                 0x08000293   Thumb Code     0  startup_stm32f429xx.o(.text)
    OTG_HS_EP1_OUT_IRQHandler                0x08000293   Thumb Code     0  startup_stm32f429xx.o(.text)
    OTG_HS_IRQHandler                        0x08000293   Thumb Code     0  startup_stm32f429xx.o(.text)
    OTG_HS_WKUP_IRQHandler                   0x08000293   Thumb Code     0  startup_stm32f429xx.o(.text)
    PVD_IRQHandler                           0x08000293   Thumb Code     0  startup_stm32f429xx.o(.text)
    RCC_IRQHandler                           0x08000293   Thumb Code     0  startup_stm32f429xx.o(.text)
    RTC_Alarm_IRQHandler                     0x08000293   Thumb Code     0  startup_stm32f429xx.o(.text)
    RTC_WKUP_IRQHandler                      0x08000293   Thumb Code     0  startup_stm32f429xx.o(.text)
    SAI1_IRQHandler                          0x08000293   Thumb Code     0  startup_stm32f429xx.o(.text)
    SDIO_IRQHandler                          0x08000293   Thumb Code     0  startup_stm32f429xx.o(.text)
    SPI1_IRQHandler                          0x08000293   Thumb Code     0  startup_stm32f429xx.o(.text)
    SPI2_IRQHandler                          0x08000293   Thumb Code     0  startup_stm32f429xx.o(.text)
    SPI3_IRQHandler                          0x08000293   Thumb Code     0  startup_stm32f429xx.o(.text)
    SPI4_IRQHandler                          0x08000293   Thumb Code     0  startup_stm32f429xx.o(.text)
    SPI5_IRQHandler                          0x08000293   Thumb Code     0  startup_stm32f429xx.o(.text)
    SPI6_IRQHandler                          0x08000293   Thumb Code     0  startup_stm32f429xx.o(.text)
    TAMP_STAMP_IRQHandler                    0x08000293   Thumb Code     0  startup_stm32f429xx.o(.text)
    TIM1_BRK_TIM9_IRQHandler                 0x08000293   Thumb Code     0  startup_stm32f429xx.o(.text)
    TIM1_CC_IRQHandler                       0x08000293   Thumb Code     0  startup_stm32f429xx.o(.text)
    TIM1_TRG_COM_TIM11_IRQHandler            0x08000293   Thumb Code     0  startup_stm32f429xx.o(.text)
    TIM1_UP_TIM10_IRQHandler                 0x08000293   Thumb Code     0  startup_stm32f429xx.o(.text)
    TIM2_IRQHandler                          0x08000293   Thumb Code     0  startup_stm32f429xx.o(.text)
    TIM3_IRQHandler                          0x08000293   Thumb Code     0  startup_stm32f429xx.o(.text)
    TIM4_IRQHandler                          0x08000293   Thumb Code     0  startup_stm32f429xx.o(.text)
    TIM5_IRQHandler                          0x08000293   Thumb Code     0  startup_stm32f429xx.o(.text)
    TIM6_DAC_IRQHandler                      0x08000293   Thumb Code     0  startup_stm32f429xx.o(.text)
    TIM7_IRQHandler                          0x08000293   Thumb Code     0  startup_stm32f429xx.o(.text)
    TIM8_BRK_TIM12_IRQHandler                0x08000293   Thumb Code     0  startup_stm32f429xx.o(.text)
    TIM8_CC_IRQHandler                       0x08000293   Thumb Code     0  startup_stm32f429xx.o(.text)
    TIM8_TRG_COM_TIM14_IRQHandler            0x08000293   Thumb Code     0  startup_stm32f429xx.o(.text)
    TIM8_UP_TIM13_IRQHandler                 0x08000293   Thumb Code     0  startup_stm32f429xx.o(.text)
    UART4_IRQHandler                         0x08000293   Thumb Code     0  startup_stm32f429xx.o(.text)
    UART5_IRQHandler                         0x08000293   Thumb Code     0  startup_stm32f429xx.o(.text)
    UART7_IRQHandler                         0x08000293   Thumb Code     0  startup_stm32f429xx.o(.text)
    UART8_IRQHandler                         0x08000293   Thumb Code     0  startup_stm32f429xx.o(.text)
    USART1_IRQHandler                        0x08000293   Thumb Code     0  startup_stm32f429xx.o(.text)
    USART2_IRQHandler                        0x08000293   Thumb Code     0  startup_stm32f429xx.o(.text)
    USART3_IRQHandler                        0x08000293   Thumb Code     0  startup_stm32f429xx.o(.text)
    USART6_IRQHandler                        0x08000293   Thumb Code     0  startup_stm32f429xx.o(.text)
    WWDG_IRQHandler                          0x08000293   Thumb Code     0  startup_stm32f429xx.o(.text)
    __aeabi_memcpy                           0x0800029d   Thumb Code    36  memcpya.o(.text)
    __aeabi_memcpy4                          0x0800029d   Thumb Code     0  memcpya.o(.text)
    __aeabi_memcpy8                          0x0800029d   Thumb Code     0  memcpya.o(.text)
    __aeabi_memset                           0x080002c1   Thumb Code    14  memseta.o(.text)
    __aeabi_memset4                          0x080002c1   Thumb Code     0  memseta.o(.text)
    __aeabi_memset8                          0x080002c1   Thumb Code     0  memseta.o(.text)
    __aeabi_memclr                           0x080002cf   Thumb Code     4  memseta.o(.text)
    __aeabi_memclr4                          0x080002cf   Thumb Code     0  memseta.o(.text)
    __aeabi_memclr8                          0x080002cf   Thumb Code     0  memseta.o(.text)
    _memset$wrapper                          0x080002d3   Thumb Code    18  memseta.o(.text)
    __scatterload                            0x080002e5   Thumb Code    28  init.o(.text)
    __scatterload_rt2                        0x080002e5   Thumb Code     0  init.o(.text)
    BSP_SD_GetCardInfo                       0x08000385   Thumb Code    14  bsp_driver_sd.o(i.BSP_SD_GetCardInfo)
    BSP_SD_GetCardState                      0x08000399   Thumb Code    20  bsp_driver_sd.o(i.BSP_SD_GetCardState)
    BSP_SD_Init                              0x080003b1   Thumb Code    44  bsp_driver_sd.o(i.BSP_SD_Init)
    BSP_SD_IsDetected                        0x080003e1   Thumb Code    12  bsp_driver_sd.o(i.BSP_SD_IsDetected)
    BSP_SD_ReadBlocks                        0x080003ed   Thumb Code    42  bsp_driver_sd.o(i.BSP_SD_ReadBlocks)
    BSP_SD_WriteBlocks                       0x0800041d   Thumb Code    42  bsp_driver_sd.o(i.BSP_SD_WriteBlocks)
    BusFault_Handler                         0x0800044d   Thumb Code     4  stm32f4xx_it.o(i.BusFault_Handler)
    DebugMon_Handler                         0x08000451   Thumb Code     2  stm32f4xx_it.o(i.DebugMon_Handler)
    FATFS_LinkDriver                         0x08000453   Thumb Code    18  ff_gen_drv.o(i.FATFS_LinkDriver)
    FATFS_LinkDriverEx                       0x08000465   Thumb Code    78  ff_gen_drv.o(i.FATFS_LinkDriverEx)
    FMC_SDRAM_Init                           0x080004b9   Thumb Code   116  stm32f4xx_ll_fmc.o(i.FMC_SDRAM_Init)
    FMC_SDRAM_Timing_Init                    0x0800052d   Thumb Code   152  stm32f4xx_ll_fmc.o(i.FMC_SDRAM_Timing_Init)
    HAL_DMA2D_ConfigLayer                    0x080005c9   Thumb Code   250  stm32f4xx_hal_dma2d.o(i.HAL_DMA2D_ConfigLayer)
    HAL_DMA2D_Init                           0x080006c9   Thumb Code    96  stm32f4xx_hal_dma2d.o(i.HAL_DMA2D_Init)
    HAL_DMA2D_MspInit                        0x08000729   Thumb Code    44  dma2d.o(i.HAL_DMA2D_MspInit)
    HAL_Delay                                0x0800075d   Thumb Code    10  main.o(i.HAL_Delay)
    HAL_GPIO_Init                            0x08000851   Thumb Code   486  stm32f4xx_hal_gpio.o(i.HAL_GPIO_Init)
    HAL_GPIO_TogglePin                       0x08000a6d   Thumb Code     8  stm32f4xx_hal_gpio.o(i.HAL_GPIO_TogglePin)
    HAL_GPIO_WritePin                        0x08000a75   Thumb Code    12  stm32f4xx_hal_gpio.o(i.HAL_GPIO_WritePin)
    HAL_GetTick                              0x08000a81   Thumb Code     6  stm32f4xx_hal.o(i.HAL_GetTick)
    HAL_IncTick                              0x08000a8d   Thumb Code    12  stm32f4xx_hal.o(i.HAL_IncTick)
    HAL_Init                                 0x08000a9d   Thumb Code    54  stm32f4xx_hal.o(i.HAL_Init)
    HAL_InitTick                             0x08000ad9   Thumb Code    36  stm32f4xx_hal.o(i.HAL_InitTick)
    HAL_LTDC_ConfigLayer                     0x08000b01   Thumb Code    94  stm32f4xx_hal_ltdc.o(i.HAL_LTDC_ConfigLayer)
    HAL_LTDC_Init                            0x08000b61   Thumb Code   278  stm32f4xx_hal_ltdc.o(i.HAL_LTDC_Init)
    HAL_LTDC_MspInit                         0x08000c7d   Thumb Code   350  ltdc.o(i.HAL_LTDC_MspInit)
    HAL_MspInit                              0x08000e0d   Thumb Code    86  stm32f4xx_hal_msp.o(i.HAL_MspInit)
    HAL_NVIC_SetPriority                     0x08000e63   Thumb Code   124  stm32f4xx_hal_cortex.o(i.HAL_NVIC_SetPriority)
    HAL_NVIC_SetPriorityGrouping             0x08000ee1   Thumb Code    32  stm32f4xx_hal_cortex.o(i.HAL_NVIC_SetPriorityGrouping)
    HAL_PWREx_EnableOverDrive                0x08000f09   Thumb Code   152  stm32f4xx_hal_pwr_ex.o(i.HAL_PWREx_EnableOverDrive)
    HAL_RCCEx_PeriphCLKConfig                0x08000fad   Thumb Code   856  stm32f4xx_hal_rcc_ex.o(i.HAL_RCCEx_PeriphCLKConfig)
    HAL_RCC_ClockConfig                      0x0800131d   Thumb Code   446  stm32f4xx_hal_rcc.o(i.HAL_RCC_ClockConfig)
    HAL_RCC_GetHCLKFreq                      0x080014ed   Thumb Code     6  stm32f4xx_hal_rcc.o(i.HAL_RCC_GetHCLKFreq)
    HAL_RCC_GetPCLK1Freq                     0x080014f9   Thumb Code    36  stm32f4xx_hal_rcc.o(i.HAL_RCC_GetPCLK1Freq)
    HAL_RCC_GetPCLK2Freq                     0x08001525   Thumb Code    36  stm32f4xx_hal_rcc.o(i.HAL_RCC_GetPCLK2Freq)
    HAL_RCC_GetSysClockFreq                  0x08001551   Thumb Code   168  stm32f4xx_hal_rcc.o(i.HAL_RCC_GetSysClockFreq)
    HAL_RCC_OscConfig                        0x08001605   Thumb Code  1090  stm32f4xx_hal_rcc.o(i.HAL_RCC_OscConfig)
    HAL_SDRAM_Init                           0x08001a51   Thumb Code    64  stm32f4xx_hal_sdram.o(i.HAL_SDRAM_Init)
    HAL_SDRAM_MspInit                        0x08001a91   Thumb Code    10  fmc.o(i.HAL_SDRAM_MspInit)
    HAL_SD_ConfigWideBusOperation            0x08001a9b   Thumb Code   168  stm32f4xx_hal_sd.o(i.HAL_SD_ConfigWideBusOperation)
    HAL_SD_GetCardCSD                        0x08001b43   Thumb Code   496  stm32f4xx_hal_sd.o(i.HAL_SD_GetCardCSD)
    HAL_SD_GetCardInfo                       0x08001d33   Thumb Code    38  stm32f4xx_hal_sd.o(i.HAL_SD_GetCardInfo)
    HAL_SD_GetCardState                      0x08001d59   Thumb Code    40  stm32f4xx_hal_sd.o(i.HAL_SD_GetCardState)
    HAL_SD_Init                              0x08001d81   Thumb Code    54  stm32f4xx_hal_sd.o(i.HAL_SD_Init)
    HAL_SD_InitCard                          0x08001db9   Thumb Code   128  stm32f4xx_hal_sd.o(i.HAL_SD_InitCard)
    HAL_SD_MspInit                           0x08001e3d   Thumb Code   108  sdio.o(i.HAL_SD_MspInit)
    HAL_SD_ReadBlocks                        0x08001eb9   Thumb Code   588  stm32f4xx_hal_sd.o(i.HAL_SD_ReadBlocks)
    HAL_SD_WriteBlocks                       0x08002105   Thumb Code   516  stm32f4xx_hal_sd.o(i.HAL_SD_WriteBlocks)
    HAL_SPI_Init                             0x08002309   Thumb Code   140  stm32f4xx_hal_spi.o(i.HAL_SPI_Init)
    HAL_SPI_MspInit                          0x08002395   Thumb Code    78  spi.o(i.HAL_SPI_MspInit)
    HAL_SYSTICK_CLKSourceConfig              0x080023f1   Thumb Code    40  stm32f4xx_hal_cortex.o(i.HAL_SYSTICK_CLKSourceConfig)
    HAL_SYSTICK_Config                       0x08002419   Thumb Code    52  stm32f4xx_hal_cortex.o(i.HAL_SYSTICK_Config)
    HAL_UART_Init                            0x0800244d   Thumb Code   114  stm32f4xx_hal_uart.o(i.HAL_UART_Init)
    HAL_UART_MspInit                         0x080024c1   Thumb Code    80  usart.o(i.HAL_UART_MspInit)
    HardFault_Handler                        0x0800251d   Thumb Code     4  stm32f4xx_it.o(i.HardFault_Handler)
    MX_DMA2D_Init                            0x08002735   Thumb Code    62  dma2d.o(i.MX_DMA2D_Init)
    MX_FATFS_Init                            0x08002791   Thumb Code    16  fatfs.o(i.MX_FATFS_Init)
    MX_FMC_Init                              0x080027ad   Thumb Code   102  fmc.o(i.MX_FMC_Init)
    MX_GPIO_Init                             0x08002831   Thumb Code   426  gpio.o(i.MX_GPIO_Init)
    MX_LTDC_Init                             0x080029ed   Thumb Code   232  ltdc.o(i.MX_LTDC_Init)
    MX_SDIO_SD_Init                          0x08002af1   Thumb Code    52  sdio.o(i.MX_SDIO_SD_Init)
    MX_SPI1_Init                             0x08002b41   Thumb Code    62  spi.o(i.MX_SPI1_Init)
    MX_USART1_UART_Init                      0x08002b9d   Thumb Code    50  usart.o(i.MX_USART1_UART_Init)
    MemManage_Handler                        0x08002bed   Thumb Code     4  stm32f4xx_it.o(i.MemManage_Handler)
    NMI_Handler                              0x08002bf1   Thumb Code     2  stm32f4xx_it.o(i.NMI_Handler)
    SDIO_ConfigData                          0x08002c2d   Thumb Code    44  stm32f4xx_ll_sdmmc.o(i.SDIO_ConfigData)
    SDIO_GetCommandResponse                  0x08002c59   Thumb Code     8  stm32f4xx_ll_sdmmc.o(i.SDIO_GetCommandResponse)
    SDIO_GetPowerState                       0x08002c61   Thumb Code    10  stm32f4xx_ll_sdmmc.o(i.SDIO_GetPowerState)
    SDIO_GetResponse                         0x08002c6b   Thumb Code    22  stm32f4xx_ll_sdmmc.o(i.SDIO_GetResponse)
    SDIO_Init                                0x08002c81   Thumb Code    52  stm32f4xx_ll_sdmmc.o(i.SDIO_Init)
    SDIO_PowerState_ON                       0x08002cb5   Thumb Code    10  stm32f4xx_ll_sdmmc.o(i.SDIO_PowerState_ON)
    SDIO_ReadFIFO                            0x08002cbf   Thumb Code     8  stm32f4xx_ll_sdmmc.o(i.SDIO_ReadFIFO)
    SDIO_SendCommand                         0x08002cc7   Thumb Code    40  stm32f4xx_ll_sdmmc.o(i.SDIO_SendCommand)
    SDIO_WriteFIFO                           0x08002cef   Thumb Code    12  stm32f4xx_ll_sdmmc.o(i.SDIO_WriteFIFO)
    SDMMC_CmdAppCommand                      0x08002cfb   Thumb Code    58  stm32f4xx_ll_sdmmc.o(i.SDMMC_CmdAppCommand)
    SDMMC_CmdAppOperCommand                  0x08002d35   Thumb Code    56  stm32f4xx_ll_sdmmc.o(i.SDMMC_CmdAppOperCommand)
    SDMMC_CmdBlockLength                     0x08002d71   Thumb Code    58  stm32f4xx_ll_sdmmc.o(i.SDMMC_CmdBlockLength)
    SDMMC_CmdBusWidth                        0x08002dab   Thumb Code    58  stm32f4xx_ll_sdmmc.o(i.SDMMC_CmdBusWidth)
    SDMMC_CmdGoIdleState                     0x08002de5   Thumb Code    46  stm32f4xx_ll_sdmmc.o(i.SDMMC_CmdGoIdleState)
    SDMMC_CmdOperCond                        0x08002e13   Thumb Code    54  stm32f4xx_ll_sdmmc.o(i.SDMMC_CmdOperCond)
    SDMMC_CmdReadMultiBlock                  0x08002e49   Thumb Code    58  stm32f4xx_ll_sdmmc.o(i.SDMMC_CmdReadMultiBlock)
    SDMMC_CmdReadSingleBlock                 0x08002e83   Thumb Code    58  stm32f4xx_ll_sdmmc.o(i.SDMMC_CmdReadSingleBlock)
    SDMMC_CmdSelDesel                        0x08002ebd   Thumb Code    60  stm32f4xx_ll_sdmmc.o(i.SDMMC_CmdSelDesel)
    SDMMC_CmdSendCID                         0x08002ef9   Thumb Code    52  stm32f4xx_ll_sdmmc.o(i.SDMMC_CmdSendCID)
    SDMMC_CmdSendCSD                         0x08002f2d   Thumb Code    52  stm32f4xx_ll_sdmmc.o(i.SDMMC_CmdSendCSD)
    SDMMC_CmdSendSCR                         0x08002f61   Thumb Code    58  stm32f4xx_ll_sdmmc.o(i.SDMMC_CmdSendSCR)
    SDMMC_CmdSendStatus                      0x08002f9b   Thumb Code    58  stm32f4xx_ll_sdmmc.o(i.SDMMC_CmdSendStatus)
    SDMMC_CmdSetRelAdd                       0x08002fd5   Thumb Code    58  stm32f4xx_ll_sdmmc.o(i.SDMMC_CmdSetRelAdd)
    SDMMC_CmdStopTransfer                    0x08003011   Thumb Code    56  stm32f4xx_ll_sdmmc.o(i.SDMMC_CmdStopTransfer)
    SDMMC_CmdWriteMultiBlock                 0x0800304d   Thumb Code    58  stm32f4xx_ll_sdmmc.o(i.SDMMC_CmdWriteMultiBlock)
    SDMMC_CmdWriteSingleBlock                0x08003087   Thumb Code    58  stm32f4xx_ll_sdmmc.o(i.SDMMC_CmdWriteSingleBlock)
    SD_initialize                            0x08003875   Thumb Code    34  sd_diskio.o(i.SD_initialize)
    SD_ioctl                                 0x0800389d   Thumb Code   100  sd_diskio.o(i.SD_ioctl)
    SD_read                                  0x08003905   Thumb Code    64  sd_diskio.o(i.SD_read)
    SD_status                                0x0800394d   Thumb Code    34  sd_diskio.o(i.SD_status)
    SD_write                                 0x08003975   Thumb Code    64  sd_diskio.o(i.SD_write)
    SysTick_Handler                          0x080039bd   Thumb Code    12  stm32f4xx_it.o(i.SysTick_Handler)
    SystemClock_Config                       0x080039c9   Thumb Code   246  main.o(i.SystemClock_Config)
    SystemInit                               0x08003add   Thumb Code    82  system_stm32f4xx.o(i.SystemInit)
    UsageFault_Handler                       0x08003ea9   Thumb Code     4  stm32f4xx_it.o(i.UsageFault_Handler)
    _Error_Handler                           0x08003ead   Thumb Code     4  main.o(i._Error_Handler)
    __scatterload_copy                       0x08003eb1   Thumb Code    14  handlers.o(i.__scatterload_copy)
    __scatterload_null                       0x08003ebf   Thumb Code     2  handlers.o(i.__scatterload_null)
    __scatterload_zeroinit                   0x08003ec1   Thumb Code    14  handlers.o(i.__scatterload_zeroinit)
    disk_initialize                          0x08004831   Thumb Code    40  diskio.o(i.disk_initialize)
    disk_ioctl                               0x0800485d   Thumb Code    36  diskio.o(i.disk_ioctl)
    disk_read                                0x08004885   Thumb Code    42  diskio.o(i.disk_read)
    disk_status                              0x080048b5   Thumb Code    24  diskio.o(i.disk_status)
    disk_write                               0x080048d1   Thumb Code    42  diskio.o(i.disk_write)
    f_close                                  0x08004901   Thumb Code    34  ff.o(i.f_close)
    f_mount                                  0x08004925   Thumb Code    86  ff.o(i.f_mount)
    f_open                                   0x08004981   Thumb Code   508  ff.o(i.f_open)
    f_printf                                 0x08004b7d   Thumb Code   596  ff.o(i.f_printf)
    f_puts                                   0x08004dd1   Thumb Code    44  ff.o(i.f_puts)
    f_sync                                   0x08004dfd   Thumb Code   160  ff.o(i.f_sync)
    f_write                                  0x08004e9d   Thumb Code   494  ff.o(i.f_write)
    ff_convert                               0x0800508d   Thumb Code   116  cc936.o(i.ff_convert)
    ff_wtoupper                              0x08005109   Thumb Code   156  cc936.o(i.ff_wtoupper)
    get_fattime                              0x08005725   Thumb Code     4  fatfs.o(i.get_fattime)
    main                                     0x080057bb   Thumb Code    60  main.o(i.main)
    pvPortMalloc                             0x08006435   Thumb Code   296  heap_4.o(i.pvPortMalloc)
    pvTaskIncrementMutexHeldCount            0x08006571   Thumb Code    26  tasks.o(i.pvTaskIncrementMutexHeldCount)
    pxPortInitialiseStack                    0x08006591   Thumb Code    38  port.o(i.pxPortInitialiseStack)
    uxListRemove                             0x080067a3   Thumb Code    40  list.o(i.uxListRemove)
    vListInitialise                          0x080067cb   Thumb Code    26  list.o(i.vListInitialise)
    vListInitialiseItem                      0x080067e5   Thumb Code     6  list.o(i.vListInitialiseItem)
    vListInsert                              0x080067eb   Thumb Code    52  list.o(i.vListInsert)
    vListInsertEnd                           0x0800681f   Thumb Code    24  list.o(i.vListInsertEnd)
    vPortEnterCritical                       0x08006839   Thumb Code    76  port.o(i.vPortEnterCritical)
    vPortExitCritical                        0x0800688d   Thumb Code    56  port.o(i.vPortExitCritical)
    vPortFree                                0x080068c9   Thumb Code   140  heap_4.o(i.vPortFree)
    vPortSetupTimerInterrupt                 0x0800695d   Thumb Code    14  port.o(i.vPortSetupTimerInterrupt)
    vPortValidateInterruptPriority           0x08006971   Thumb Code   106  port.o(i.vPortValidateInterruptPriority)
    vQueueAddToRegistry                      0x080069e9   Thumb Code    38  queue.o(i.vQueueAddToRegistry)
    vQueueWaitForMessageRestricted           0x08006a15   Thumb Code    74  queue.o(i.vQueueWaitForMessageRestricted)
    vTaskDelay                               0x08006b65   Thumb Code    82  tasks.o(i.vTaskDelay)
    vTaskMissedYield                         0x08006bd9   Thumb Code     8  tasks.o(i.vTaskMissedYield)
    vTaskPlaceOnEventList                    0x08006bfd   Thumb Code    52  tasks.o(i.vTaskPlaceOnEventList)
    vTaskPlaceOnEventListRestricted          0x08006c35   Thumb Code    60  tasks.o(i.vTaskPlaceOnEventListRestricted)
    vTaskPriorityInherit                     0x08006c75   Thumb Code   164  tasks.o(i.vTaskPriorityInherit)
    vTaskSetTimeOutState                     0x08006d25   Thumb Code    38  tasks.o(i.vTaskSetTimeOutState)
    vTaskStartScheduler                      0x08006d55   Thumb Code   118  tasks.o(i.vTaskStartScheduler)
    vTaskSuspendAll                          0x08006de9   Thumb Code    12  tasks.o(i.vTaskSuspendAll)
    vTaskSwitchContext                       0x08006df9   Thumb Code   118  tasks.o(i.vTaskSwitchContext)
    xPortStartScheduler                      0x08006ec1   Thumb Code   288  port.o(i.xPortStartScheduler)
    xPortSysTickHandler                      0x08006ffd   Thumb Code    46  port.o(i.xPortSysTickHandler)
    xQueueGenericCreate                      0x08007031   Thumb Code    88  queue.o(i.xQueueGenericCreate)
    xQueueGenericReceive                     0x08007089   Thumb Code   446  queue.o(i.xQueueGenericReceive)
    xQueueGenericReset                       0x0800724d   Thumb Code   146  queue.o(i.xQueueGenericReset)
    xQueueGenericSend                        0x080072e5   Thumb Code   420  queue.o(i.xQueueGenericSend)
    xQueueGenericSendFromISR                 0x0800748d   Thumb Code   248  queue.o(i.xQueueGenericSendFromISR)
    xTaskCheckForTimeOut                     0x08007585   Thumb Code   132  tasks.o(i.xTaskCheckForTimeOut)
    xTaskCreate                              0x08007611   Thumb Code    96  tasks.o(i.xTaskCreate)
    xTaskGetSchedulerState                   0x08007671   Thumb Code    24  tasks.o(i.xTaskGetSchedulerState)
    xTaskGetTickCount                        0x08007691   Thumb Code     6  tasks.o(i.xTaskGetTickCount)
    xTaskIncrementTick                       0x0800769d   Thumb Code   282  tasks.o(i.xTaskIncrementTick)
    xTaskPriorityDisinherit                  0x080077e5   Thumb Code   188  tasks.o(i.xTaskPriorityDisinherit)
    xTaskRemoveFromEventList                 0x080078ad   Thumb Code   128  tasks.o(i.xTaskRemoveFromEventList)
    xTaskResumeAll                           0x08007945   Thumb Code   224  tasks.o(i.xTaskResumeAll)
    xTimerCreateTimerTask                    0x08007a49   Thumb Code    66  timers.o(i.xTimerCreateTimerTask)
    xTimerGenericCommand                     0x08007aa1   Thumb Code   126  timers.o(i.xTimerGenericCommand)
    AHBPrescTable                            0x08007b24   Data          16  system_stm32f4xx.o(.constdata)
    APBPrescTable                            0x08007b34   Data           8  system_stm32f4xx.o(.constdata)
    SD_Driver                                0x08007b4c   Data          20  sd_diskio.o(.constdata)
    Region$$Table$$Base                      0x08032718   Number         0  anon$$obj.o(Region$$Table)
    Region$$Table$$Limit                     0x08032738   Number         0  anon$$obj.o(Region$$Table)
    look                                     0x20000014   Data           1  main.o(.data)
    SystemCoreClock                          0x20000018   Data           4  system_stm32f4xx.o(.data)
    retSD                                    0x2000001c   Data           1  fatfs.o(.data)
    SD_Path                                  0x2000001d   Data           4  fatfs.o(.data)
    uwTick                                   0x2000002c   Data           4  stm32f4xx_hal.o(.data)
    pxCurrentTCB                             0x20000030   Data           4  tasks.o(.data)
    hsdram1                                  0x200000a4   Data          52  fmc.o(.bss)
    hltdc                                    0x200000d8   Data         168  ltdc.o(.bss)
    fs                                       0x20000180   Data         568  main.o(.bss)
    fil                                      0x200003b8   Data         556  main.o(.bss)
    hsd                                      0x200005e4   Data         132  sdio.o(.bss)
    hspi1                                    0x20000668   Data          88  spi.o(.bss)
    huart1                                   0x200006c0   Data          64  usart.o(.bss)
    hdma2d                                   0x20000700   Data          64  dma2d.o(.bss)
    disk                                     0x20000740   Data          12  ff_gen_drv.o(.bss)
    xQueueRegistry                           0x2000074c   Data          64  queue.o(.bss)
    __initial_sp                             0x20014480   Data           0  startup_stm32f429xx.o(STACK)



==============================================================================

Memory Map of the image

  Image Entry point : 0x080001ad

  Load Region LR_IROM1 (Base: 0x08000000, Size: 0x000327dc, Max: 0x00200000, ABSOLUTE)

    Execution Region ER_IROM1 (Base: 0x08000000, Size: 0x00032738, Max: 0x00200000, ABSOLUTE)

    Base Addr    Size         Type   Attr      Idx    E Section Name        Object

    0x08000000   0x000001ac   Data   RO         5555    RESET               startup_stm32f429xx.o
    0x080001ac   0x00000000   Code   RO         6492  * .ARM.Collect$$$$00000000  mc_w.l(entry.o)
    0x080001ac   0x00000004   Code   RO         6501    .ARM.Collect$$$$00000001  mc_w.l(entry2.o)
    0x080001b0   0x00000004   Code   RO         6504    .ARM.Collect$$$$00000004  mc_w.l(entry5.o)
    0x080001b4   0x00000000   Code   RO         6506    .ARM.Collect$$$$00000008  mc_w.l(entry7b.o)
    0x080001b4   0x00000000   Code   RO         6508    .ARM.Collect$$$$0000000A  mc_w.l(entry8b.o)
    0x080001b4   0x00000008   Code   RO         6509    .ARM.Collect$$$$0000000B  mc_w.l(entry9a.o)
    0x080001bc   0x00000000   Code   RO         6511    .ARM.Collect$$$$0000000D  mc_w.l(entry10a.o)
    0x080001bc   0x00000000   Code   RO         6513    .ARM.Collect$$$$0000000F  mc_w.l(entry11a.o)
    0x080001bc   0x00000004   Code   RO         6502    .ARM.Collect$$$$00002712  mc_w.l(entry2.o)
    0x080001c0   0x000000b6   Code   RO         6415    .emb_text           port.o
    0x08000276   0x00000002   PAD
    0x08000278   0x00000024   Code   RO         5556    .text               startup_stm32f429xx.o
    0x0800029c   0x00000024   Code   RO         6495    .text               mc_w.l(memcpya.o)
    0x080002c0   0x00000024   Code   RO         6497    .text               mc_w.l(memseta.o)
    0x080002e4   0x00000024   Code   RO         6515    .text               mc_w.l(init.o)
    0x08000308   0x0000007c   Code   RO          267    i.AppTaskCreate     main.o
    0x08000384   0x00000014   Code   RO          719    i.BSP_SD_GetCardInfo  bsp_driver_sd.o
    0x08000398   0x00000018   Code   RO          720    i.BSP_SD_GetCardState  bsp_driver_sd.o
    0x080003b0   0x00000030   Code   RO          723    i.BSP_SD_Init       bsp_driver_sd.o
    0x080003e0   0x0000000c   Code   RO          724    i.BSP_SD_IsDetected  bsp_driver_sd.o
    0x080003ec   0x00000030   Code   RO          725    i.BSP_SD_ReadBlocks  bsp_driver_sd.o
    0x0800041c   0x00000030   Code   RO          727    i.BSP_SD_WriteBlocks  bsp_driver_sd.o
    0x0800044c   0x00000004   Code   RO          530    i.BusFault_Handler  stm32f4xx_it.o
    0x08000450   0x00000002   Code   RO          531    i.DebugMon_Handler  stm32f4xx_it.o
    0x08000452   0x00000012   Code   RO         1277    i.FATFS_LinkDriver  ff_gen_drv.o
    0x08000464   0x00000054   Code   RO         1278    i.FATFS_LinkDriverEx  ff_gen_drv.o
    0x080004b8   0x00000074   Code   RO         4952    i.FMC_SDRAM_Init    stm32f4xx_ll_fmc.o
    0x0800052c   0x0000009c   Code   RO         4956    i.FMC_SDRAM_Timing_Init  stm32f4xx_ll_fmc.o
    0x080005c8   0x00000100   Code   RO         2113    i.HAL_DMA2D_ConfigLayer  stm32f4xx_hal_dma2d.o
    0x080006c8   0x00000060   Code   RO         2121    i.HAL_DMA2D_Init    stm32f4xx_hal_dma2d.o
    0x08000728   0x00000034   Code   RO          673    i.HAL_DMA2D_MspInit  dma2d.o
    0x0800075c   0x0000000a   Code   RO          268    i.HAL_Delay         main.o
    0x08000766   0x00000002   PAD
    0x08000768   0x000000e8   Code   RO            7    i.HAL_FMC_MspInit   fmc.o
    0x08000850   0x0000021c   Code   RO         2659    i.HAL_GPIO_Init     stm32f4xx_hal_gpio.o
    0x08000a6c   0x00000008   Code   RO         2662    i.HAL_GPIO_TogglePin  stm32f4xx_hal_gpio.o
    0x08000a74   0x0000000c   Code   RO         2663    i.HAL_GPIO_WritePin  stm32f4xx_hal_gpio.o
    0x08000a80   0x0000000c   Code   RO         1448    i.HAL_GetTick       stm32f4xx_hal.o
    0x08000a8c   0x00000010   Code   RO         1450    i.HAL_IncTick       stm32f4xx_hal.o
    0x08000a9c   0x0000003c   Code   RO         1451    i.HAL_Init          stm32f4xx_hal.o
    0x08000ad8   0x00000028   Code   RO         1452    i.HAL_InitTick      stm32f4xx_hal.o
    0x08000b00   0x0000005e   Code   RO         2905    i.HAL_LTDC_ConfigLayer  stm32f4xx_hal_ltdc.o
    0x08000b5e   0x00000002   PAD
    0x08000b60   0x0000011c   Code   RO         2922    i.HAL_LTDC_Init     stm32f4xx_hal_ltdc.o
    0x08000c7c   0x00000190   Code   RO          226    i.HAL_LTDC_MspInit  ltdc.o
    0x08000e0c   0x00000056   Code   RO          506    i.HAL_MspInit       stm32f4xx_hal_msp.o
    0x08000e62   0x0000007c   Code   RO         1681    i.HAL_NVIC_SetPriority  stm32f4xx_hal_cortex.o
    0x08000ede   0x00000002   PAD
    0x08000ee0   0x00000028   Code   RO         1682    i.HAL_NVIC_SetPriorityGrouping  stm32f4xx_hal_cortex.o
    0x08000f08   0x000000a4   Code   RO         3411    i.HAL_PWREx_EnableOverDrive  stm32f4xx_hal_pwr_ex.o
    0x08000fac   0x00000370   Code   RO         3599    i.HAL_RCCEx_PeriphCLKConfig  stm32f4xx_hal_rcc_ex.o
    0x0800131c   0x000001d0   Code   RO         3496    i.HAL_RCC_ClockConfig  stm32f4xx_hal_rcc.o
    0x080014ec   0x0000000c   Code   RO         3501    i.HAL_RCC_GetHCLKFreq  stm32f4xx_hal_rcc.o
    0x080014f8   0x0000002c   Code   RO         3503    i.HAL_RCC_GetPCLK1Freq  stm32f4xx_hal_rcc.o
    0x08001524   0x0000002c   Code   RO         3504    i.HAL_RCC_GetPCLK2Freq  stm32f4xx_hal_rcc.o
    0x08001550   0x000000b4   Code   RO         3505    i.HAL_RCC_GetSysClockFreq  stm32f4xx_hal_rcc.o
    0x08001604   0x0000044c   Code   RO         3508    i.HAL_RCC_OscConfig  stm32f4xx_hal_rcc.o
    0x08001a50   0x00000040   Code   RO         3990    i.HAL_SDRAM_Init    stm32f4xx_hal_sdram.o
    0x08001a90   0x0000000a   Code   RO            9    i.HAL_SDRAM_MspInit  fmc.o
    0x08001a9a   0x000000a8   Code   RO         3732    i.HAL_SD_ConfigWideBusOperation  stm32f4xx_hal_sd.o
    0x08001b42   0x000001f0   Code   RO         3737    i.HAL_SD_GetCardCSD  stm32f4xx_hal_sd.o
    0x08001d32   0x00000026   Code   RO         3738    i.HAL_SD_GetCardInfo  stm32f4xx_hal_sd.o
    0x08001d58   0x00000028   Code   RO         3739    i.HAL_SD_GetCardState  stm32f4xx_hal_sd.o
    0x08001d80   0x00000036   Code   RO         3744    i.HAL_SD_Init       stm32f4xx_hal_sd.o
    0x08001db6   0x00000002   PAD
    0x08001db8   0x00000084   Code   RO         3745    i.HAL_SD_InitCard   stm32f4xx_hal_sd.o
    0x08001e3c   0x0000007c   Code   RO          423    i.HAL_SD_MspInit    sdio.o
    0x08001eb8   0x0000024c   Code   RO         3748    i.HAL_SD_ReadBlocks  stm32f4xx_hal_sd.o
    0x08002104   0x00000204   Code   RO         3753    i.HAL_SD_WriteBlocks  stm32f4xx_hal_sd.o
    0x08002308   0x0000008c   Code   RO         4187    i.HAL_SPI_Init      stm32f4xx_hal_spi.o
    0x08002394   0x0000005c   Code   RO          465    i.HAL_SPI_MspInit   spi.o
    0x080023f0   0x00000028   Code   RO         1684    i.HAL_SYSTICK_CLKSourceConfig  stm32f4xx_hal_cortex.o
    0x08002418   0x00000034   Code   RO         1686    i.HAL_SYSTICK_Config  stm32f4xx_hal_cortex.o
    0x0800244c   0x00000072   Code   RO         4572    i.HAL_UART_Init     stm32f4xx_hal_uart.o
    0x080024be   0x00000002   PAD
    0x080024c0   0x0000005c   Code   RO          631    i.HAL_UART_MspInit  usart.o
    0x0800251c   0x00000004   Code   RO          532    i.HardFault_Handler  stm32f4xx_it.o
    0x08002520   0x00000212   Code   RO         2941    i.LTDC_SetConfig    stm32f4xx_hal_ltdc.o
    0x08002732   0x00000002   PAD
    0x08002734   0x0000005c   Code   RO          674    i.MX_DMA2D_Init     dma2d.o
    0x08002790   0x0000001c   Code   RO          826    i.MX_FATFS_Init     fatfs.o
    0x080027ac   0x00000084   Code   RO           10    i.MX_FMC_Init       fmc.o
    0x08002830   0x000001bc   Code   RO          198    i.MX_GPIO_Init      gpio.o
    0x080029ec   0x00000104   Code   RO          227    i.MX_LTDC_Init      ltdc.o
    0x08002af0   0x00000050   Code   RO          424    i.MX_SDIO_SD_Init   sdio.o
    0x08002b40   0x0000005c   Code   RO          466    i.MX_SPI1_Init      spi.o
    0x08002b9c   0x00000050   Code   RO          632    i.MX_USART1_UART_Init  usart.o
    0x08002bec   0x00000004   Code   RO          533    i.MemManage_Handler  stm32f4xx_it.o
    0x08002bf0   0x00000002   Code   RO          534    i.NMI_Handler       stm32f4xx_it.o
    0x08002bf2   0x00000002   PAD
    0x08002bf4   0x00000010   Code   RO         1688    i.NVIC_GetPriorityGrouping  stm32f4xx_hal_cortex.o
    0x08002c04   0x00000028   Code   RO         1689    i.NVIC_SetPriority  stm32f4xx_hal_cortex.o
    0x08002c2c   0x0000002c   Code   RO         5151    i.SDIO_ConfigData   stm32f4xx_ll_sdmmc.o
    0x08002c58   0x00000008   Code   RO         5152    i.SDIO_GetCommandResponse  stm32f4xx_ll_sdmmc.o
    0x08002c60   0x0000000a   Code   RO         5155    i.SDIO_GetPowerState  stm32f4xx_ll_sdmmc.o
    0x08002c6a   0x00000016   Code   RO         5156    i.SDIO_GetResponse  stm32f4xx_ll_sdmmc.o
    0x08002c80   0x00000034   Code   RO         5157    i.SDIO_Init         stm32f4xx_ll_sdmmc.o
    0x08002cb4   0x0000000a   Code   RO         5159    i.SDIO_PowerState_ON  stm32f4xx_ll_sdmmc.o
    0x08002cbe   0x00000008   Code   RO         5160    i.SDIO_ReadFIFO     stm32f4xx_ll_sdmmc.o
    0x08002cc6   0x00000028   Code   RO         5161    i.SDIO_SendCommand  stm32f4xx_ll_sdmmc.o
    0x08002cee   0x0000000c   Code   RO         5163    i.SDIO_WriteFIFO    stm32f4xx_ll_sdmmc.o
    0x08002cfa   0x0000003a   Code   RO         5164    i.SDMMC_CmdAppCommand  stm32f4xx_ll_sdmmc.o
    0x08002d34   0x0000003c   Code   RO         5165    i.SDMMC_CmdAppOperCommand  stm32f4xx_ll_sdmmc.o
    0x08002d70   0x0000003a   Code   RO         5166    i.SDMMC_CmdBlockLength  stm32f4xx_ll_sdmmc.o
    0x08002daa   0x0000003a   Code   RO         5167    i.SDMMC_CmdBusWidth  stm32f4xx_ll_sdmmc.o
    0x08002de4   0x0000002e   Code   RO         5171    i.SDMMC_CmdGoIdleState  stm32f4xx_ll_sdmmc.o
    0x08002e12   0x00000036   Code   RO         5173    i.SDMMC_CmdOperCond  stm32f4xx_ll_sdmmc.o
    0x08002e48   0x0000003a   Code   RO         5174    i.SDMMC_CmdReadMultiBlock  stm32f4xx_ll_sdmmc.o
    0x08002e82   0x0000003a   Code   RO         5175    i.SDMMC_CmdReadSingleBlock  stm32f4xx_ll_sdmmc.o
    0x08002ebc   0x0000003c   Code   RO         5178    i.SDMMC_CmdSelDesel  stm32f4xx_ll_sdmmc.o
    0x08002ef8   0x00000034   Code   RO         5179    i.SDMMC_CmdSendCID  stm32f4xx_ll_sdmmc.o
    0x08002f2c   0x00000034   Code   RO         5180    i.SDMMC_CmdSendCSD  stm32f4xx_ll_sdmmc.o
    0x08002f60   0x0000003a   Code   RO         5181    i.SDMMC_CmdSendSCR  stm32f4xx_ll_sdmmc.o
    0x08002f9a   0x0000003a   Code   RO         5182    i.SDMMC_CmdSendStatus  stm32f4xx_ll_sdmmc.o
    0x08002fd4   0x0000003a   Code   RO         5183    i.SDMMC_CmdSetRelAdd  stm32f4xx_ll_sdmmc.o
    0x0800300e   0x00000002   PAD
    0x08003010   0x0000003c   Code   RO         5185    i.SDMMC_CmdStopTransfer  stm32f4xx_ll_sdmmc.o
    0x0800304c   0x0000003a   Code   RO         5187    i.SDMMC_CmdWriteMultiBlock  stm32f4xx_ll_sdmmc.o
    0x08003086   0x0000003a   Code   RO         5188    i.SDMMC_CmdWriteSingleBlock  stm32f4xx_ll_sdmmc.o
    0x080030c0   0x00000040   Code   RO         5189    i.SDMMC_GetCmdError  stm32f4xx_ll_sdmmc.o
    0x08003100   0x000001a4   Code   RO         5190    i.SDMMC_GetCmdResp1  stm32f4xx_ll_sdmmc.o
    0x080032a4   0x0000005c   Code   RO         5191    i.SDMMC_GetCmdResp2  stm32f4xx_ll_sdmmc.o
    0x08003300   0x00000050   Code   RO         5192    i.SDMMC_GetCmdResp3  stm32f4xx_ll_sdmmc.o
    0x08003350   0x000000b0   Code   RO         5193    i.SDMMC_GetCmdResp6  stm32f4xx_ll_sdmmc.o
    0x08003400   0x00000058   Code   RO         5194    i.SDMMC_GetCmdResp7  stm32f4xx_ll_sdmmc.o
    0x08003458   0x0000012c   Code   RO         3761    i.SD_FindSCR        stm32f4xx_hal_sd.o
    0x08003584   0x000000fc   Code   RO         3762    i.SD_InitCard       stm32f4xx_hal_sd.o
    0x08003680   0x000000ee   Code   RO         3764    i.SD_PowerON        stm32f4xx_hal_sd.o
    0x0800376e   0x00000032   Code   RO         3767    i.SD_SendStatus     stm32f4xx_hal_sd.o
    0x080037a0   0x0000006a   Code   RO         3768    i.SD_WideBus_Disable  stm32f4xx_hal_sd.o
    0x0800380a   0x0000006a   Code   RO         3769    i.SD_WideBus_Enable  stm32f4xx_hal_sd.o
    0x08003874   0x00000028   Code   RO         1327    i.SD_initialize     sd_diskio.o
    0x0800389c   0x00000068   Code   RO         1328    i.SD_ioctl          sd_diskio.o
    0x08003904   0x00000048   Code   RO         1329    i.SD_read           sd_diskio.o
    0x0800394c   0x00000028   Code   RO         1330    i.SD_status         sd_diskio.o
    0x08003974   0x00000048   Code   RO         1331    i.SD_write          sd_diskio.o
    0x080039bc   0x0000000c   Code   RO          535    i.SysTick_Handler   stm32f4xx_it.o
    0x080039c8   0x00000114   Code   RO          269    i.SystemClock_Config  main.o
    0x08003adc   0x00000064   Code   RO          594    i.SystemInit        system_stm32f4xx.o
    0x08003b40   0x00000368   Code   RO         4599    i.UART_SetConfig    stm32f4xx_hal_uart.o
    0x08003ea8   0x00000004   Code   RO          536    i.UsageFault_Handler  stm32f4xx_it.o
    0x08003eac   0x00000004   Code   RO          270    i._Error_Handler    main.o
    0x08003eb0   0x0000000e   Code   RO         6519    i.__scatterload_copy  mc_w.l(handlers.o)
    0x08003ebe   0x00000002   Code   RO         6520    i.__scatterload_null  mc_w.l(handlers.o)
    0x08003ec0   0x0000000e   Code   RO         6521    i.__scatterload_zeroinit  mc_w.l(handlers.o)
    0x08003ece   0x00000002   PAD
    0x08003ed0   0x0000007c   Code   RO          930    i.check_fs          ff.o
    0x08003f4c   0x00000014   Code   RO          931    i.chk_chr           ff.o
    0x08003f60   0x00000032   Code   RO          932    i.clmt_clust        ff.o
    0x08003f92   0x0000001a   Code   RO          933    i.clust2sect        ff.o
    0x08003fac   0x00000098   Code   RO          934    i.cmp_lfn           ff.o
    0x08004044   0x000000de   Code   RO          935    i.create_chain      ff.o
    0x08004122   0x00000002   PAD
    0x08004124   0x000002c8   Code   RO          936    i.create_name       ff.o
    0x080043ec   0x00000060   Code   RO          937    i.dir_alloc         ff.o
    0x0800444c   0x000000fc   Code   RO          938    i.dir_find          ff.o
    0x08004548   0x0000010c   Code   RO          939    i.dir_next          ff.o
    0x08004654   0x00000142   Code   RO          941    i.dir_register      ff.o
    0x08004796   0x0000009a   Code   RO          943    i.dir_sdi           ff.o
    0x08004830   0x0000002c   Code   RO          878    i.disk_initialize   diskio.o
    0x0800485c   0x00000028   Code   RO          879    i.disk_ioctl        diskio.o
    0x08004884   0x00000030   Code   RO          880    i.disk_read         diskio.o
    0x080048b4   0x0000001c   Code   RO          881    i.disk_status       diskio.o
    0x080048d0   0x00000030   Code   RO          882    i.disk_write        diskio.o
    0x08004900   0x00000022   Code   RO          945    i.f_close           ff.o
    0x08004922   0x00000002   PAD
    0x08004924   0x0000005c   Code   RO          951    i.f_mount           ff.o
    0x08004980   0x000001fc   Code   RO          952    i.f_open            ff.o
    0x08004b7c   0x00000254   Code   RO          954    i.f_printf          ff.o
    0x08004dd0   0x0000002c   Code   RO          956    i.f_puts            ff.o
    0x08004dfc   0x000000a0   Code   RO          961    i.f_sync            ff.o
    0x08004e9c   0x000001ee   Code   RO          964    i.f_write           ff.o
    0x0800508a   0x00000002   PAD
    0x0800508c   0x0000007c   Code   RO         1392    i.ff_convert        cc936.o
    0x08005108   0x000000a4   Code   RO         1393    i.ff_wtoupper       cc936.o
    0x080051ac   0x000002fc   Code   RO          965    i.find_volume       ff.o
    0x080054a8   0x000000d0   Code   RO          966    i.follow_path       ff.o
    0x08005578   0x000000cc   Code   RO          967    i.gen_numname       ff.o
    0x08005644   0x000000e0   Code   RO          968    i.get_fat           ff.o
    0x08005724   0x00000004   Code   RO          827    i.get_fattime       fatfs.o
    0x08005728   0x00000048   Code   RO          970    i.get_ldnumber      ff.o
    0x08005770   0x00000026   Code   RO          971    i.ld_clust          ff.o
    0x08005796   0x00000018   Code   RO          972    i.ld_dword          ff.o
    0x080057ae   0x0000000c   Code   RO          973    i.ld_word           ff.o
    0x080057ba   0x0000003c   Code   RO          271    i.main              main.o
    0x080057f6   0x00000024   Code   RO          974    i.mem_cmp           ff.o
    0x0800581a   0x0000001a   Code   RO          975    i.mem_cpy           ff.o
    0x08005834   0x00000012   Code   RO          976    i.mem_set           ff.o
    0x08005846   0x00000034   Code   RO          977    i.move_window       ff.o
    0x0800587a   0x00000002   PAD
    0x0800587c   0x00000098   Code   RO         5899    i.prvAddCurrentTaskToDelayedList  tasks.o
    0x08005914   0x000000b8   Code   RO         5900    i.prvAddNewTaskToReadyList  tasks.o
    0x080059cc   0x00000064   Code   RO         6236    i.prvCheckForValidListAndQueue  timers.o
    0x08005a30   0x00000064   Code   RO         5901    i.prvCheckTasksWaitingTermination  tasks.o
    0x08005a94   0x0000002a   Code   RO         5701    i.prvCopyDataFromQueue  queue.o
    0x08005abe   0x0000007c   Code   RO         5702    i.prvCopyDataToQueue  queue.o
    0x08005b3a   0x00000012   Code   RO         5902    i.prvDeleteTCB      tasks.o
    0x08005b4c   0x00000028   Code   RO         6237    i.prvGetNextExpireTime  timers.o
    0x08005b74   0x0000007c   Code   RO         6366    i.prvHeapInit       heap_4.o
    0x08005bf0   0x00000028   Code   RO         5903    i.prvIdleTask       tasks.o
    0x08005c18   0x0000002a   Code   RO         5704    i.prvInitialiseNewQueue  queue.o
    0x08005c42   0x000000b4   Code   RO         5904    i.prvInitialiseNewTask  tasks.o
    0x08005cf6   0x00000002   PAD
    0x08005cf8   0x00000068   Code   RO         5905    i.prvInitialiseTaskLists  tasks.o
    0x08005d60   0x00000068   Code   RO         6367    i.prvInsertBlockIntoFreeList  heap_4.o
    0x08005dc8   0x00000058   Code   RO         6239    i.prvInsertTimerInActiveList  timers.o
    0x08005e20   0x0000001a   Code   RO         5705    i.prvIsQueueEmpty   queue.o
    0x08005e3a   0x0000001e   Code   RO         5706    i.prvIsQueueFull    queue.o
    0x08005e58   0x00000064   Code   RO         6240    i.prvProcessExpiredTimer  timers.o
    0x08005ebc   0x000000f8   Code   RO         6241    i.prvProcessReceivedCommands  timers.o
    0x08005fb4   0x00000074   Code   RO         6242    i.prvProcessTimerOrBlockTask  timers.o
    0x08006028   0x00000034   Code   RO         5907    i.prvResetNextTaskUnblockTime  tasks.o
    0x0800605c   0x0000002c   Code   RO         6243    i.prvSampleTimeNow  timers.o
    0x08006088   0x000000a0   Code   RO         6244    i.prvSwitchTimerLists  timers.o
    0x08006128   0x00000040   Code   RO         6416    i.prvTaskExitError  port.o
    0x08006168   0x0000001a   Code   RO         6245    i.prvTimerTask      timers.o
    0x08006182   0x0000007e   Code   RO         5707    i.prvUnlockQueue    queue.o
    0x08006200   0x00000138   Code   RO          979    i.put_fat           ff.o
    0x08006338   0x00000080   Code   RO          980    i.put_lfn           ff.o
    0x080063b8   0x00000044   Code   RO          981    i.putc_bfd          ff.o
    0x080063fc   0x0000002c   Code   RO          982    i.putc_flush        ff.o
    0x08006428   0x0000000a   Code   RO          983    i.putc_init         ff.o
    0x08006432   0x00000002   PAD
    0x08006434   0x0000013c   Code   RO         6368    i.pvPortMalloc      heap_4.o
    0x08006570   0x00000020   Code   RO         5910    i.pvTaskIncrementMutexHeldCount  tasks.o
    0x08006590   0x0000002c   Code   RO         6417    i.pxPortInitialiseStack  port.o
    0x080065bc   0x0000009a   Code   RO          984    i.remove_chain      ff.o
    0x08006656   0x00000024   Code   RO          985    i.st_clust          ff.o
    0x0800667a   0x00000018   Code   RO          986    i.st_dword          ff.o
    0x08006692   0x0000000c   Code   RO          987    i.st_word           ff.o
    0x0800669e   0x00000020   Code   RO          988    i.sum_sfn           ff.o
    0x080066be   0x00000002   PAD
    0x080066c0   0x00000090   Code   RO          989    i.sync_fs           ff.o
    0x08006750   0x00000052   Code   RO          990    i.sync_window       ff.o
    0x080067a2   0x00000028   Code   RO         5664    i.uxListRemove      list.o
    0x080067ca   0x0000001a   Code   RO         5665    i.vListInitialise   list.o
    0x080067e4   0x00000006   Code   RO         5666    i.vListInitialiseItem  list.o
    0x080067ea   0x00000034   Code   RO         5667    i.vListInsert       list.o
    0x0800681e   0x00000018   Code   RO         5668    i.vListInsertEnd    list.o
    0x08006836   0x00000002   PAD
    0x08006838   0x00000054   Code   RO         6419    i.vPortEnterCritical  port.o
    0x0800688c   0x0000003c   Code   RO         6420    i.vPortExitCritical  port.o
    0x080068c8   0x00000094   Code   RO         6369    i.vPortFree         heap_4.o
    0x0800695c   0x00000014   Code   RO         6421    i.vPortSetupTimerInterrupt  port.o
    0x08006970   0x00000078   Code   RO         6422    i.vPortValidateInterruptPriority  port.o
    0x080069e8   0x0000002c   Code   RO         5713    i.vQueueAddToRegistry  queue.o
    0x08006a14   0x0000004a   Code   RO         5717    i.vQueueWaitForMessageRestricted  queue.o
    0x08006a5e   0x00000002   PAD
    0x08006a60   0x00000104   Code   RO          272    i.vSD_Task          main.o
    0x08006b64   0x0000005c   Code   RO         5918    i.vTaskDelay        tasks.o
    0x08006bc0   0x00000018   Code   RO          273    i.vTaskLed          main.o
    0x08006bd8   0x0000000c   Code   RO         5923    i.vTaskMissedYield  tasks.o
    0x08006be4   0x00000018   Code   RO          274    i.vTaskMsgPro       main.o
    0x08006bfc   0x00000038   Code   RO         5925    i.vTaskPlaceOnEventList  tasks.o
    0x08006c34   0x00000040   Code   RO         5926    i.vTaskPlaceOnEventListRestricted  tasks.o
    0x08006c74   0x000000b0   Code   RO         5928    i.vTaskPriorityInherit  tasks.o
    0x08006d24   0x00000030   Code   RO         5932    i.vTaskSetTimeOutState  tasks.o
    0x08006d54   0x00000094   Code   RO         5933    i.vTaskStartScheduler  tasks.o
    0x08006de8   0x00000010   Code   RO         5935    i.vTaskSuspendAll   tasks.o
    0x08006df8   0x0000008c   Code   RO         5936    i.vTaskSwitchContext  tasks.o
    0x08006e84   0x0000003c   Code   RO          991    i.validate          ff.o
    0x08006ec0   0x0000013c   Code   RO         6423    i.xPortStartScheduler  port.o
    0x08006ffc   0x00000034   Code   RO         6424    i.xPortSysTickHandler  port.o
    0x08007030   0x00000058   Code   RO         5720    i.xQueueGenericCreate  queue.o
    0x08007088   0x000001c4   Code   RO         5721    i.xQueueGenericReceive  queue.o
    0x0800724c   0x00000098   Code   RO         5722    i.xQueueGenericReset  queue.o
    0x080072e4   0x000001a8   Code   RO         5723    i.xQueueGenericSend  queue.o
    0x0800748c   0x000000f8   Code   RO         5724    i.xQueueGenericSendFromISR  queue.o
    0x08007584   0x0000008c   Code   RO         5937    i.xTaskCheckForTimeOut  tasks.o
    0x08007610   0x00000060   Code   RO         5938    i.xTaskCreate       tasks.o
    0x08007670   0x00000020   Code   RO         5942    i.xTaskGetSchedulerState  tasks.o
    0x08007690   0x0000000c   Code   RO         5943    i.xTaskGetTickCount  tasks.o
    0x0800769c   0x00000148   Code   RO         5945    i.xTaskIncrementTick  tasks.o
    0x080077e4   0x000000c8   Code   RO         5948    i.xTaskPriorityDisinherit  tasks.o
    0x080078ac   0x00000098   Code   RO         5949    i.xTaskRemoveFromEventList  tasks.o
    0x08007944   0x00000104   Code   RO         5951    i.xTaskResumeAll    tasks.o
    0x08007a48   0x00000058   Code   RO         6249    i.xTimerCreateTimerTask  timers.o
    0x08007aa0   0x00000084   Code   RO         6250    i.xTimerGenericCommand  timers.o
    0x08007b24   0x00000018   Data   RO          595    .constdata          system_stm32f4xx.o
    0x08007b3c   0x0000000d   Data   RO          992    .constdata          ff.o
    0x08007b49   0x00000003   PAD
    0x08007b4c   0x00000014   Data   RO         1332    .constdata          sd_diskio.o
    0x08007b60   0x0002abb6   Data   RO         1394    .constdata          cc936.o
    0x08032716   0x00000002   PAD
    0x08032718   0x00000020   Data   RO         6517    Region$$Table       anon$$obj.o


    Execution Region RW_IRAM1 (Base: 0x20000000, Size: 0x00014480, Max: 0x00030000, ABSOLUTE)

    Base Addr    Size         Type   Attr      Idx    E Section Name        Object

    0x20000000   0x00000008   Data   RW           14    .data               fmc.o
    0x20000008   0x0000000d   Data   RW          276    .data               main.o
    0x20000015   0x00000003   PAD
    0x20000018   0x00000004   Data   RW          596    .data               system_stm32f4xx.o
    0x2000001c   0x00000005   Data   RW          828    .data               fatfs.o
    0x20000021   0x00000003   PAD
    0x20000024   0x00000006   Data   RW          993    .data               ff.o
    0x2000002a   0x00000001   Data   RW         1333    .data               sd_diskio.o
    0x2000002b   0x00000001   PAD
    0x2000002c   0x00000004   Data   RW         1457    .data               stm32f4xx_hal.o
    0x20000030   0x0000003c   Data   RW         5954    .data               tasks.o
    0x2000006c   0x00000014   Data   RW         6256    .data               timers.o
    0x20000080   0x00000018   Data   RW         6374    .data               heap_4.o
    0x20000098   0x0000000c   Data   RW         6425    .data               port.o
    0x200000a4   0x00000034   Zero   RW           13    .bss                fmc.o
    0x200000d8   0x000000a8   Zero   RW          228    .bss                ltdc.o
    0x20000180   0x00000464   Zero   RW          275    .bss                main.o
    0x200005e4   0x00000084   Zero   RW          425    .bss                sdio.o
    0x20000668   0x00000058   Zero   RW          467    .bss                spi.o
    0x200006c0   0x00000040   Zero   RW          633    .bss                usart.o
    0x20000700   0x00000040   Zero   RW          675    .bss                dma2d.o
    0x20000740   0x0000000c   Zero   RW         1281    .bss                ff_gen_drv.o
    0x2000074c   0x00000040   Zero   RW         5732    .bss                queue.o
    0x2000078c   0x000000c8   Zero   RW         5953    .bss                tasks.o
    0x20000854   0x00000028   Zero   RW         6255    .bss                timers.o
    0x2000087c   0x00012c00   Zero   RW         6373    .bss                heap_4.o
    0x2001347c   0x00000004   PAD
    0x20013480   0x00001000   Zero   RW         5553    STACK               startup_stm32f429xx.o


==============================================================================

Image component sizes


      Code (inc. data)   RO Data    RW Data    ZI Data      Debug   Object Name

       200         26          0          0          0       3896   bsp_driver_sd.o
       288         26     175030          0          0       2523   cc936.o
       208         24          0          0          0       3257   diskio.o
       144         38          0          0         64       1461   dma2d.o
         0          0          0          0          0      11672   event_groups.o
        32         12          0          5          0       3570   fatfs.o
      7110         76         13          6          0      36364   ff.o
       102          6          0          0         12       1443   ff_gen_drv.o
       374         58          0          8         52     766576   fmc.o
       444         18          0          0          0       1247   gpio.o
       692         62          0         24      76800       4063   heap_4.o
       148          0          0          0          0       3006   list.o
       660         78          0          0        168       1958   ltdc.o
       782        222          0         13       1124      25291   main.o
       942         92          0         12          0      10741   port.o
      1872         22          0          0         64      12657   queue.o
       328         32         20          1          0       3920   sd_diskio.o
       204         44          0          0        132       1561   sdio.o
       184         44          0          0         88       1545   spi.o
        36          8        428          0       4096        804   startup_stm32f429xx.o
       128         20          0          4          0       3383   stm32f4xx_hal.o
       312         22          0          0          0      30280   stm32f4xx_hal_cortex.o
       352          6          0          0          0       2497   stm32f4xx_hal_dma2d.o
       560         54          0          0          0       2613   stm32f4xx_hal_gpio.o
       908          6          0          0          0       2499   stm32f4xx_hal_ltdc.o
        86          0          0          0          0        498   stm32f4xx_hal_msp.o
       164         12          0          0          0       1112   stm32f4xx_hal_pwr_ex.o
      1844         80          0          0          0       4920   stm32f4xx_hal_rcc.o
       880         24          0          0          0       1384   stm32f4xx_hal_rcc_ex.o
      3084          4          0          0          0      11892   stm32f4xx_hal_sd.o
        64          0          0          0          0        989   stm32f4xx_hal_sdram.o
       140          0          0          0          0        947   stm32f4xx_hal_spi.o
       986          8          0          0          0       1572   stm32f4xx_hal_uart.o
        32          0          0          0          0       3163   stm32f4xx_it.o
       272          4          0          0          0       1717   stm32f4xx_ll_fmc.o
      2090         40          0          0          0      21227   stm32f4xx_ll_sdmmc.o
       100         18         24          4          0       1083   system_stm32f4xx.o
      2834        368          0         60        200      21061   tasks.o
      1142        118          0         20         40      16547   timers.o
       172         42          0          0         64       1570   usart.o

    ----------------------------------------------------------------------
     30936       1714     175552        164      82908    1028509   Object Totals
         0          0         32          0          0          0   (incl. Generated)
        36          0          5          7          4          0   (incl. Padding)

    ----------------------------------------------------------------------

      Code (inc. data)   RO Data    RW Data    ZI Data      Debug   Library Member Name

         0          0          0          0          0          0   entry.o
         0          0          0          0          0          0   entry10a.o
         0          0          0          0          0          0   entry11a.o
         8          4          0          0          0          0   entry2.o
         4          0          0          0          0          0   entry5.o
         0          0          0          0          0          0   entry7b.o
         0          0          0          0          0          0   entry8b.o
         8          4          0          0          0          0   entry9a.o
        30          0          0          0          0          0   handlers.o
        36          8          0          0          0         68   init.o
        36          0          0          0          0         68   memcpya.o
        36          0          0          0          0        108   memseta.o

    ----------------------------------------------------------------------
       160         16          0          0          0        244   Library Totals
         2          0          0          0          0          0   (incl. Padding)

    ----------------------------------------------------------------------

      Code (inc. data)   RO Data    RW Data    ZI Data      Debug   Library Name

       158         16          0          0          0        244   mc_w.l

    ----------------------------------------------------------------------
       160         16          0          0          0        244   Library Totals

    ----------------------------------------------------------------------

==============================================================================


      Code (inc. data)   RO Data    RW Data    ZI Data      Debug   

     31096       1730     175552        164      82908    1005305   Grand Totals
     31096       1730     175552        164      82908    1005305   ELF Image Totals
     31096       1730     175552        164          0          0   ROM Totals

==============================================================================

    Total RO  Size (Code + RO Data)               206648 ( 201.80kB)
    Total RW  Size (RW Data + ZI Data)             83072 (  81.13kB)
    Total ROM Size (Code + RO Data + RW Data)     206812 ( 201.96kB)

==============================================================================

