Component: ARM Compiler 5.05 update 1 (build 106) Tool: armlink [4d0efa]

==============================================================================

Section Cross References

    fmc.o(i.HAL_FMC_MspDeInit) refers to stm32f4xx_hal_gpio.o(i.HAL_GPIO_DeInit) for HAL_GPIO_DeInit
    fmc.o(i.HAL_FMC_MspDeInit) refers to fmc.o(.data) for FMC_DeInitialized
    fmc.o(i.HAL_FMC_MspInit) refers to stm32f4xx_hal_gpio.o(i.HAL_GPIO_Init) for HAL_GPIO_Init
    fmc.o(i.HAL_FMC_MspInit) refers to fmc.o(.data) for FMC_Initialized
    fmc.o(i.HAL_SDRAM_MspDeInit) refers to fmc.o(i.HAL_FMC_MspDeInit) for HAL_FMC_MspDeInit
    fmc.o(i.HAL_SDRAM_MspInit) refers to fmc.o(i.HAL_FMC_MspInit) for HAL_FMC_MspInit
    fmc.o(i.MX_FMC_Init) refers to stm32f4xx_hal_sdram.o(i.HAL_SDRAM_Init) for HAL_SDRAM_Init
    fmc.o(i.MX_FMC_Init) refers to main.o(i._Error_Handler) for _Error_Handler
    fmc.o(i.MX_FMC_Init) refers to fmc.o(i.sdram_init) for sdram_init
    fmc.o(i.MX_FMC_Init) refers to fmc.o(.bss) for hsdram1
    fmc.o(i.SDRAM_Initialization_Sequence) refers to fmc.o(i.SDRAM_Send_Cmd) for SDRAM_Send_Cmd
    fmc.o(i.SDRAM_Initialization_Sequence) refers to main.o(i.HAL_Delay) for HAL_Delay
    fmc.o(i.SDRAM_Initialization_Sequence) refers to stm32f4xx_hal_sdram.o(i.HAL_SDRAM_ProgramRefreshRate) for HAL_SDRAM_ProgramRefreshRate
    fmc.o(i.SDRAM_Initialization_Sequence) refers to fmc.o(.bss) for hsdram1
    fmc.o(i.SDRAM_Send_Cmd) refers to stm32f4xx_hal_sdram.o(i.HAL_SDRAM_SendCommand) for HAL_SDRAM_SendCommand
    fmc.o(i.SDRAM_Send_Cmd) refers to fmc.o(.bss) for hsdram1
    fmc.o(i.sdram_init) refers to stm32f4xx_hal_sdram.o(i.HAL_SDRAM_SendCommand) for HAL_SDRAM_SendCommand
    fmc.o(i.sdram_init) refers to stm32f4xx_hal_sdram.o(i.HAL_SDRAM_ProgramRefreshRate) for HAL_SDRAM_ProgramRefreshRate
    gpio.o(i.MX_GPIO_Init) refers to stm32f4xx_hal_gpio.o(i.HAL_GPIO_WritePin) for HAL_GPIO_WritePin
    gpio.o(i.MX_GPIO_Init) refers to stm32f4xx_hal_gpio.o(i.HAL_GPIO_Init) for HAL_GPIO_Init
    ltdc.o(i.HAL_LTDC_MspDeInit) refers to stm32f4xx_hal_gpio.o(i.HAL_GPIO_DeInit) for HAL_GPIO_DeInit
    ltdc.o(i.HAL_LTDC_MspDeInit) refers to stm32f4xx_hal_cortex.o(i.HAL_NVIC_DisableIRQ) for HAL_NVIC_DisableIRQ
    ltdc.o(i.HAL_LTDC_MspInit) refers to stm32f4xx_hal_gpio.o(i.HAL_GPIO_Init) for HAL_GPIO_Init
    ltdc.o(i.MX_LTDC_Init) refers to stm32f4xx_hal_ltdc.o(i.HAL_LTDC_Init) for HAL_LTDC_Init
    ltdc.o(i.MX_LTDC_Init) refers to main.o(i._Error_Handler) for _Error_Handler
    ltdc.o(i.MX_LTDC_Init) refers to stm32f4xx_hal_ltdc.o(i.HAL_LTDC_ConfigLayer) for HAL_LTDC_ConfigLayer
    ltdc.o(i.MX_LTDC_Init) refers to ltdc.o(.bss) for hltdc
    main.o(i.AppTaskCreate) refers to tasks.o(i.xTaskCreate) for xTaskCreate
    main.o(i.AppTaskCreate) refers to main.o(.data) for xHandleTaskLed
    main.o(i.AppTaskCreate) refers to main.o(i.vTaskLed) for vTaskLed
    main.o(i.AppTaskCreate) refers to main.o(i.vTaskMsgPro) for vTaskMsgPro
    main.o(i.AppTaskCreate) refers to main.o(i.vSD_Task) for vSD_Task
    main.o(i.HAL_Delay) refers to tasks.o(i.vTaskDelay) for vTaskDelay
    main.o(i.SystemClock_Config) refers to stm32f4xx_hal_rcc.o(i.HAL_RCC_OscConfig) for HAL_RCC_OscConfig
    main.o(i.SystemClock_Config) refers to main.o(i._Error_Handler) for _Error_Handler
    main.o(i.SystemClock_Config) refers to stm32f4xx_hal_pwr_ex.o(i.HAL_PWREx_EnableOverDrive) for HAL_PWREx_EnableOverDrive
    main.o(i.SystemClock_Config) refers to stm32f4xx_hal_rcc.o(i.HAL_RCC_ClockConfig) for HAL_RCC_ClockConfig
    main.o(i.SystemClock_Config) refers to stm32f4xx_hal_rcc_ex.o(i.HAL_RCCEx_PeriphCLKConfig) for HAL_RCCEx_PeriphCLKConfig
    main.o(i.SystemClock_Config) refers to stm32f4xx_hal_rcc.o(i.HAL_RCC_GetHCLKFreq) for HAL_RCC_GetHCLKFreq
    main.o(i.SystemClock_Config) refers to stm32f4xx_hal_cortex.o(i.HAL_SYSTICK_Config) for HAL_SYSTICK_Config
    main.o(i.SystemClock_Config) refers to stm32f4xx_hal_cortex.o(i.HAL_SYSTICK_CLKSourceConfig) for HAL_SYSTICK_CLKSourceConfig
    main.o(i.SystemClock_Config) refers to stm32f4xx_hal_cortex.o(i.HAL_NVIC_SetPriority) for HAL_NVIC_SetPriority
    main.o(i.fputc) refers to stm32f4xx_hal_uart.o(i.HAL_UART_Transmit) for HAL_UART_Transmit
    main.o(i.fputc) refers to usart.o(.bss) for huart1
    main.o(i.main) refers to stm32f4xx_hal.o(i.HAL_Init) for HAL_Init
    main.o(i.main) refers to main.o(i.SystemClock_Config) for SystemClock_Config
    main.o(i.main) refers to gpio.o(i.MX_GPIO_Init) for MX_GPIO_Init
    main.o(i.main) refers to dma.o(i.MX_DMA_Init) for MX_DMA_Init
    main.o(i.main) refers to fmc.o(i.MX_FMC_Init) for MX_FMC_Init
    main.o(i.main) refers to ltdc.o(i.MX_LTDC_Init) for MX_LTDC_Init
    main.o(i.main) refers to sdio.o(i.MX_SDIO_SD_Init) for MX_SDIO_SD_Init
    main.o(i.main) refers to spi.o(i.MX_SPI1_Init) for MX_SPI1_Init
    main.o(i.main) refers to usart.o(i.MX_USART1_UART_Init) for MX_USART1_UART_Init
    main.o(i.main) refers to dma2d.o(i.MX_DMA2D_Init) for MX_DMA2D_Init
[...]
    HAL_PCD_EP_Transmit                      0x080014dd   Thumb Code    90  stm32f4xx_hal_pcd.o(i.HAL_PCD_EP_Transmit)
    HAL_PCD_IRQHandler                       0x08001539   Thumb Code  1642  stm32f4xx_hal_pcd.o(i.HAL_PCD_IRQHandler)
    HAL_PCD_ISOINIncompleteCallback          0x08001bcd   Thumb Code    18  usbd_conf.o(i.HAL_PCD_ISOINIncompleteCallback)
    HAL_PCD_ISOOUTIncompleteCallback         0x08001bdf   Thumb Code    18  usbd_conf.o(i.HAL_PCD_ISOOUTIncompleteCallback)
    HAL_PCD_Init                             0x08001bf1   Thumb Code   322  stm32f4xx_hal_pcd.o(i.HAL_PCD_Init)
    HAL_PCD_MspInit                          0x08001d35   Thumb Code   124  usbd_conf.o(i.HAL_PCD_MspInit)
    HAL_PCD_ResetCallback                    0x08001dc1   Thumb Code    50  usbd_conf.o(i.HAL_PCD_ResetCallback)
    HAL_PCD_ResumeCallback                   0x08001df3   Thumb Code    14  usbd_conf.o(i.HAL_PCD_ResumeCallback)
    HAL_PCD_SOFCallback                      0x08001e01   Thumb Code    14  usbd_conf.o(i.HAL_PCD_SOFCallback)
    HAL_PCD_SetAddress                       0x08001e0f   Thumb Code    50  stm32f4xx_hal_pcd.o(i.HAL_PCD_SetAddress)
    HAL_PCD_SetupStageCallback               0x08001e41   Thumb Code    18  usbd_conf.o(i.HAL_PCD_SetupStageCallback)
    HAL_PCD_Start                            0x08001e53   Thumb Code    52  stm32f4xx_hal_pcd.o(i.HAL_PCD_Start)
    HAL_PCD_SuspendCallback                  0x08001e89   Thumb Code    46  usbd_conf.o(i.HAL_PCD_SuspendCallback)
    HAL_PWREx_EnableOverDrive                0x08001ebd   Thumb Code   152  stm32f4xx_hal_pwr_ex.o(i.HAL_PWREx_EnableOverDrive)
    HAL_RCCEx_PeriphCLKConfig                0x08001f61   Thumb Code   856  stm32f4xx_hal_rcc_ex.o(i.HAL_RCCEx_PeriphCLKConfig)
    HAL_RCC_ClockConfig                      0x080022d1   Thumb Code   446  stm32f4xx_hal_rcc.o(i.HAL_RCC_ClockConfig)
    HAL_RCC_GetHCLKFreq                      0x080024a1   Thumb Code     6  stm32f4xx_hal_rcc.o(i.HAL_RCC_GetHCLKFreq)
    HAL_RCC_GetPCLK1Freq                     0x080024ad   Thumb Code    36  stm32f4xx_hal_rcc.o(i.HAL_RCC_GetPCLK1Freq)
    HAL_RCC_GetPCLK2Freq                     0x080024d9   Thumb Code    36  stm32f4xx_hal_rcc.o(i.HAL_RCC_GetPCLK2Freq)
    HAL_RCC_GetSysClockFreq                  0x08002505   Thumb Code   168  stm32f4xx_hal_rcc.o(i.HAL_RCC_GetSysClockFreq)
    HAL_RCC_OscConfig                        0x080025b9   Thumb Code  1090  stm32f4xx_hal_rcc.o(i.HAL_RCC_OscConfig)
    HAL_SDRAM_Init                           0x08002a05   Thumb Code    64  stm32f4xx_hal_sdram.o(i.HAL_SDRAM_Init)
    HAL_SDRAM_MspInit                        0x08002a45   Thumb Code    10  fmc.o(i.HAL_SDRAM_MspInit)
    HAL_SDRAM_ProgramRefreshRate             0x08002a4f   Thumb Code    40  stm32f4xx_hal_sdram.o(i.HAL_SDRAM_ProgramRefreshRate)
    HAL_SDRAM_SendCommand                    0x08002a77   Thumb Code    58  stm32f4xx_hal_sdram.o(i.HAL_SDRAM_SendCommand)
    HAL_SD_ConfigWideBusOperation            0x08002ab1   Thumb Code   168  stm32f4xx_hal_sd.o(i.HAL_SD_ConfigWideBusOperation)
    HAL_SD_GetCardCSD                        0x08002b59   Thumb Code   496  stm32f4xx_hal_sd.o(i.HAL_SD_GetCardCSD)
    HAL_SD_GetCardInfo                       0x08002d49   Thumb Code    38  stm32f4xx_hal_sd.o(i.HAL_SD_GetCardInfo)
    HAL_SD_GetCardState                      0x08002d6f   Thumb Code    40  stm32f4xx_hal_sd.o(i.HAL_SD_GetCardState)
    HAL_SD_Init                              0x08002d97   Thumb Code    54  stm32f4xx_hal_sd.o(i.HAL_SD_Init)
    HAL_SD_InitCard                          0x08002dcd   Thumb Code   128  stm32f4xx_hal_sd.o(i.HAL_SD_InitCard)
    HAL_SD_MspInit                           0x08002e51   Thumb Code   108  sdio.o(i.HAL_SD_MspInit)
    HAL_SD_ReadBlocks                        0x08002ecd   Thumb Code   588  stm32f4xx_hal_sd.o(i.HAL_SD_ReadBlocks)
    HAL_SD_WriteBlocks                       0x08003119   Thumb Code   516  stm32f4xx_hal_sd.o(i.HAL_SD_WriteBlocks)
    HAL_SPI_Init                             0x0800331d   Thumb Code   140  stm32f4xx_hal_spi.o(i.HAL_SPI_Init)
    HAL_SPI_MspInit                          0x080033a9   Thumb Code    78  spi.o(i.HAL_SPI_MspInit)
    HAL_SPI_TransmitReceive                  0x08003405   Thumb Code   542  stm32f4xx_hal_spi.o(i.HAL_SPI_TransmitReceive)
    HAL_SYSTICK_CLKSourceConfig              0x08003623   Thumb Code    40  stm32f4xx_hal_cortex.o(i.HAL_SYSTICK_CLKSourceConfig)
    HAL_SYSTICK_Config                       0x0800364b   Thumb Code    52  stm32f4xx_hal_cortex.o(i.HAL_SYSTICK_Config)
    HAL_UART_Init                            0x0800367f   Thumb Code   114  stm32f4xx_hal_uart.o(i.HAL_UART_Init)
    HAL_UART_MspInit                         0x080036f1   Thumb Code    80  usart.o(i.HAL_UART_MspInit)
    HAL_UART_Transmit                        0x0800374d   Thumb Code   214  stm32f4xx_hal_uart.o(i.HAL_UART_Transmit)
    HardFault_Handler                        0x08003823   Thumb Code     4  stm32f4xx_it.o(i.HardFault_Handler)
    LTDC_IRQHandler                          0x08003827   Thumb Code     2  stm32f4xx_it.o(i.LTDC_IRQHandler)
    MSC_BOT_CplClrFeature                    0x08003b71   Thumb Code    54  usbd_msc_bot.o(i.MSC_BOT_CplClrFeature)
    MSC_BOT_DataIn                           0x08003ba7   Thumb Code    80  usbd_msc_bot.o(i.MSC_BOT_DataIn)
    MSC_BOT_DataOut                          0x08003bf7   Thumb Code    70  usbd_msc_bot.o(i.MSC_BOT_DataOut)
    MSC_BOT_DeInit                           0x08003c3d   Thumb Code    10  usbd_msc_bot.o(i.MSC_BOT_DeInit)
    MSC_BOT_Init                             0x08003c47   Thumb Code    70  usbd_msc_bot.o(i.MSC_BOT_Init)
    MSC_BOT_Reset                            0x08003c8d   Thumb Code    34  usbd_msc_bot.o(i.MSC_BOT_Reset)
    MSC_BOT_SendCSW                          0x08003cb1   Thumb Code    60  usbd_msc_bot.o(i.MSC_BOT_SendCSW)
    MX_CRC_Init                              0x08003d49   Thumb Code    26  crc.o(i.MX_CRC_Init)
    MX_DMA2D_Init                            0x08003d81   Thumb Code    68  dma2d.o(i.MX_DMA2D_Init)
    MX_DMA_Init                              0x08003de1   Thumb Code    98  dma.o(i.MX_DMA_Init)
    MX_FATFS_Init                            0x08003e65   Thumb Code    28  fatfs.o(i.MX_FATFS_Init)
    MX_FMC_Init                              0x08003e99   Thumb Code   110  fmc.o(i.MX_FMC_Init)
    MX_GPIO_Init                             0x08003f29   Thumb Code   426  gpio.o(i.MX_GPIO_Init)
    MX_LTDC_Init                             0x080040e5   Thumb Code   282  ltdc.o(i.MX_LTDC_Init)
    MX_SDIO_SD_Init                          0x08004221   Thumb Code    52  sdio.o(i.MX_SDIO_SD_Init)
    MX_SPI1_Init                             0x08004271   Thumb Code    62  spi.o(i.MX_SPI1_Init)
    MX_USART1_UART_Init                      0x080042cd   Thumb Code    50  usart.o(i.MX_USART1_UART_Init)
    MX_USB_DEVICE_Init                       0x0800431d   Thumb Code    36  usb_device.o(i.MX_USB_DEVICE_Init)
    MemManage_Handler                        0x08004351   Thumb Code     4  stm32f4xx_it.o(i.MemManage_Handler)
    NMI_Handler                              0x08004355   Thumb Code     2  stm32f4xx_it.o(i.NMI_Handler)
    OTG_HS_IRQHandler                        0x08004391   Thumb Code    10  stm32f4xx_it.o(i.OTG_HS_IRQHandler)
    SCSI_ProcessCmd                          0x08004521   Thumb Code   232  usbd_msc_scsi.o(i.SCSI_ProcessCmd)
    SCSI_SenseCode                           0x08004a57   Thumb Code    76  usbd_msc_scsi.o(i.SCSI_SenseCode)
    SDIO_ConfigData                          0x08004ca9   Thumb Code    44  stm32f4xx_ll_sdmmc.o(i.SDIO_ConfigData)
    SDIO_GetCommandResponse                  0x08004cd5   Thumb Code     8  stm32f4xx_ll_sdmmc.o(i.SDIO_GetCommandResponse)
    SDIO_GetPowerState                       0x08004cdd   Thumb Code    10  stm32f4xx_ll_sdmmc.o(i.SDIO_GetPowerState)
    SDIO_GetResponse                         0x08004ce7   Thumb Code    22  stm32f4xx_ll_sdmmc.o(i.SDIO_GetResponse)
    SDIO_Init                                0x08004cfd   Thumb Code    52  stm32f4xx_ll_sdmmc.o(i.SDIO_Init)
    SDIO_PowerState_ON                       0x08004d31   Thumb Code    10  stm32f4xx_ll_sdmmc.o(i.SDIO_PowerState_ON)
    SDIO_ReadFIFO                            0x08004d3b   Thumb Code     8  stm32f4xx_ll_sdmmc.o(i.SDIO_ReadFIFO)
    SDIO_SendCommand                         0x08004d43   Thumb Code    40  stm32f4xx_ll_sdmmc.o(i.SDIO_SendCommand)
    SDIO_WriteFIFO                           0x08004d6b   Thumb Code    12  stm32f4xx_ll_sdmmc.o(i.SDIO_WriteFIFO)
    SDMMC_CmdAppCommand                      0x08004d77   Thumb Code    58  stm32f4xx_ll_sdmmc.o(i.SDMMC_CmdAppCommand)
    SDMMC_CmdAppOperCommand                  0x08004db1   Thumb Code    56  stm32f4xx_ll_sdmmc.o(i.SDMMC_CmdAppOperCommand)
    SDMMC_CmdBlockLength                     0x08004ded   Thumb Code    58  stm32f4xx_ll_sdmmc.o(i.SDMMC_CmdBlockLength)
    SDMMC_CmdBusWidth                        0x08004e27   Thumb Code    58  stm32f4xx_ll_sdmmc.o(i.SDMMC_CmdBusWidth)
    SDMMC_CmdGoIdleState                     0x08004e61   Thumb Code    46  stm32f4xx_ll_sdmmc.o(i.SDMMC_CmdGoIdleState)
    SDMMC_CmdOperCond                        0x08004e8f   Thumb Code    54  stm32f4xx_ll_sdmmc.o(i.SDMMC_CmdOperCond)
    SDMMC_CmdReadMultiBlock                  0x08004ec5   Thumb Code    58  stm32f4xx_ll_sdmmc.o(i.SDMMC_CmdReadMultiBlock)
    SDMMC_CmdReadSingleBlock                 0x08004eff   Thumb Code    58  stm32f4xx_ll_sdmmc.o(i.SDMMC_CmdReadSingleBlock)
    SDMMC_CmdSelDesel                        0x08004f39   Thumb Code    60  stm32f4xx_ll_sdmmc.o(i.SDMMC_CmdSelDesel)
    SDMMC_CmdSendCID                         0x08004f75   Thumb Code    52  stm32f4xx_ll_sdmmc.o(i.SDMMC_CmdSendCID)
    SDMMC_CmdSendCSD                         0x08004fa9   Thumb Code    52  stm32f4xx_ll_sdmmc.o(i.SDMMC_CmdSendCSD)
    SDMMC_CmdSendSCR                         0x08004fdd   Thumb Code    58  stm32f4xx_ll_sdmmc.o(i.SDMMC_CmdSendSCR)
    SDMMC_CmdSendStatus                      0x08005017   Thumb Code    58  stm32f4xx_ll_sdmmc.o(i.SDMMC_CmdSendStatus)
    SDMMC_CmdSetRelAdd                       0x08005051   Thumb Code    58  stm32f4xx_ll_sdmmc.o(i.SDMMC_CmdSetRelAdd)
    SDMMC_CmdStopTransfer                    0x0800508d   Thumb Code    56  stm32f4xx_ll_sdmmc.o(i.SDMMC_CmdStopTransfer)
    SDMMC_CmdWriteMultiBlock                 0x080050c9   Thumb Code    58  stm32f4xx_ll_sdmmc.o(i.SDMMC_CmdWriteMultiBlock)
    SDMMC_CmdWriteSingleBlock                0x08005103   Thumb Code    58  stm32f4xx_ll_sdmmc.o(i.SDMMC_CmdWriteSingleBlock)
    SD_initialize                            0x080058f1   Thumb Code    34  sd_diskio.o(i.SD_initialize)
    SD_ioctl                                 0x08005919   Thumb Code   100  sd_diskio.o(i.SD_ioctl)
    SD_read                                  0x08005981   Thumb Code    68  sd_diskio.o(i.SD_read)
    SD_status                                0x080059cd   Thumb Code    34  sd_diskio.o(i.SD_status)
    SD_write                                 0x080059f5   Thumb Code    68  sd_diskio.o(i.SD_write)
    SysTick_Handler                          0x08005b89   Thumb Code    12  stm32f4xx_it.o(i.SysTick_Handler)
    SystemClock_Config                       0x08005b95   Thumb Code   252  main.o(i.SystemClock_Config)
    SystemInit                               0x08005cad   Thumb Code    82  system_stm32f4xx.o(i.SystemInit)
    USBD_ClrClassConfig                      0x080060e5   Thumb Code    22  usbd_core.o(i.USBD_ClrClassConfig)
    USBD_CtlContinueRx                       0x0800613f   Thumb Code    24  usbd_ioreq.o(i.USBD_CtlContinueRx)
    USBD_CtlContinueSendData                 0x08006157   Thumb Code    24  usbd_ioreq.o(i.USBD_CtlContinueSendData)
    USBD_CtlError                            0x0800616f   Thumb Code    24  usbd_ctlreq.o(i.USBD_CtlError)
    USBD_CtlReceiveStatus                    0x08006187   Thumb Code    26  usbd_ioreq.o(i.USBD_CtlReceiveStatus)
    USBD_CtlSendData                         0x080061a1   Thumb Code    34  usbd_ioreq.o(i.USBD_CtlSendData)
    USBD_CtlSendStatus                       0x080061c3   Thumb Code    26  usbd_ioreq.o(i.USBD_CtlSendStatus)
    USBD_GetString                           0x080063cd   Thumb Code    82  usbd_ctlreq.o(i.USBD_GetString)
    USBD_HS_ConfigStrDescriptor              0x08006421   Thumb Code    34  usbd_desc.o(i.USBD_HS_ConfigStrDescriptor)
    USBD_HS_DeviceDescriptor                 0x08006455   Thumb Code    10  usbd_desc.o(i.USBD_HS_DeviceDescriptor)
    USBD_HS_InterfaceStrDescriptor           0x08006465   Thumb Code    34  usbd_desc.o(i.USBD_HS_InterfaceStrDescriptor)
    USBD_HS_LangIDStrDescriptor              0x0800649d   Thumb Code    10  usbd_desc.o(i.USBD_HS_LangIDStrDescriptor)
    USBD_HS_ManufacturerStrDescriptor        0x080064ad   Thumb Code    20  usbd_desc.o(i.USBD_HS_ManufacturerStrDescriptor)
    USBD_HS_ProductStrDescriptor             0x080064d9   Thumb Code    34  usbd_desc.o(i.USBD_HS_ProductStrDescriptor)
    USBD_HS_SerialStrDescriptor              0x08006515   Thumb Code    34  usbd_desc.o(i.USBD_HS_SerialStrDescriptor)
    USBD_Init                                0x0800654d   Thumb Code    50  usbd_core.o(i.USBD_Init)
    USBD_LL_ClearStallEP                     0x0800657f   Thumb Code    68  usbd_conf.o(i.USBD_LL_ClearStallEP)
    USBD_LL_CloseEP                          0x080065c3   Thumb Code    68  usbd_conf.o(i.USBD_LL_CloseEP)
    USBD_LL_DataInStage                      0x08006607   Thumb Code   218  usbd_core.o(i.USBD_LL_DataInStage)
    USBD_LL_DataOutStage                     0x080066e1   Thumb Code   134  usbd_core.o(i.USBD_LL_DataOutStage)
    USBD_LL_DevConnected                     0x08006767   Thumb Code     6  usbd_core.o(i.USBD_LL_DevConnected)
    USBD_LL_DevDisconnected                  0x0800676d   Thumb Code    26  usbd_core.o(i.USBD_LL_DevDisconnected)
    USBD_LL_FlushEP                          0x08006787   Thumb Code    68  usbd_conf.o(i.USBD_LL_FlushEP)
    USBD_LL_GetRxDataSize                    0x080067cb   Thumb Code    18  usbd_conf.o(i.USBD_LL_GetRxDataSize)
    USBD_LL_Init                             0x080067dd   Thumb Code   114  usbd_conf.o(i.USBD_LL_Init)
    USBD_LL_IsStallEP                        0x08006871   Thumb Code    56  usbd_conf.o(i.USBD_LL_IsStallEP)
    USBD_LL_IsoINIncomplete                  0x080068a9   Thumb Code     6  usbd_core.o(i.USBD_LL_IsoINIncomplete)
    USBD_LL_IsoOUTIncomplete                 0x080068af   Thumb Code     6  usbd_core.o(i.USBD_LL_IsoOUTIncomplete)
    USBD_LL_OpenEP                           0x080068b5   Thumb Code    98  usbd_conf.o(i.USBD_LL_OpenEP)
    USBD_LL_PrepareReceive                   0x08006917   Thumb Code    98  usbd_conf.o(i.USBD_LL_PrepareReceive)
    USBD_LL_Reset                            0x08006979   Thumb Code    68  usbd_core.o(i.USBD_LL_Reset)
    USBD_LL_Resume                           0x080069bd   Thumb Code    14  usbd_core.o(i.USBD_LL_Resume)
    USBD_LL_SOF                              0x080069cb   Thumb Code    34  usbd_core.o(i.USBD_LL_SOF)
    USBD_LL_SetSpeed                         0x080069ed   Thumb Code     8  usbd_core.o(i.USBD_LL_SetSpeed)
    USBD_LL_SetUSBAddress                    0x080069f5   Thumb Code    68  usbd_conf.o(i.USBD_LL_SetUSBAddress)
    USBD_LL_SetupStage                       0x08006a39   Thumb Code   110  usbd_core.o(i.USBD_LL_SetupStage)
    USBD_LL_StallEP                          0x08006aa7   Thumb Code    68  usbd_conf.o(i.USBD_LL_StallEP)
    USBD_LL_Start                            0x08006aeb   Thumb Code    60  usbd_conf.o(i.USBD_LL_Start)
    USBD_LL_Suspend                          0x08006b27   Thumb Code    20  usbd_core.o(i.USBD_LL_Suspend)
    USBD_LL_Transmit                         0x08006b3b   Thumb Code    98  usbd_conf.o(i.USBD_LL_Transmit)
    USBD_MSC_DataIn                          0x08006b9d   Thumb Code    18  usbd_msc.o(i.USBD_MSC_DataIn)
    USBD_MSC_DataOut                         0x08006baf   Thumb Code    18  usbd_msc.o(i.USBD_MSC_DataOut)
    USBD_MSC_DeInit                          0x08006bc1   Thumb Code    52  usbd_msc.o(i.USBD_MSC_DeInit)
    USBD_MSC_GetDeviceQualifierDescriptor    0x08006bf5   Thumb Code    10  usbd_msc.o(i.USBD_MSC_GetDeviceQualifierDescriptor)
    USBD_MSC_GetFSCfgDesc                    0x08006c05   Thumb Code    10  usbd_msc.o(i.USBD_MSC_GetFSCfgDesc)
    USBD_MSC_GetHSCfgDesc                    0x08006c15   Thumb Code    10  usbd_msc.o(i.USBD_MSC_GetHSCfgDesc)
    USBD_MSC_GetOtherSpeedCfgDesc            0x08006c25   Thumb Code    10  usbd_msc.o(i.USBD_MSC_GetOtherSpeedCfgDesc)
    USBD_MSC_Init                            0x08006c35   Thumb Code   100  usbd_msc.o(i.USBD_MSC_Init)
    USBD_MSC_RegisterStorage                 0x08006c99   Thumb Code    12  usbd_msc.o(i.USBD_MSC_RegisterStorage)
    USBD_MSC_Setup                           0x08006ca5   Thumb Code   298  usbd_msc.o(i.USBD_MSC_Setup)
    USBD_ParseSetupRequest                   0x08006dcf   Thumb Code    40  usbd_ctlreq.o(i.USBD_ParseSetupRequest)
    USBD_RegisterClass                       0x08006df7   Thumb Code    16  usbd_core.o(i.USBD_RegisterClass)
    USBD_RunTestMode                         0x08006e07   Thumb Code     6  usbd_core.o(i.USBD_RunTestMode)
    USBD_SetClassConfig                      0x08006e61   Thumb Code    34  usbd_core.o(i.USBD_SetClassConfig)
    USBD_Start                               0x08006f89   Thumb Code    14  usbd_core.o(i.USBD_Start)
    USBD_StdDevReq                           0x08006f97   Thumb Code   114  usbd_ctlreq.o(i.USBD_StdDevReq)
    USBD_StdEPReq                            0x08007009   Thumb Code   342  usbd_ctlreq.o(i.USBD_StdEPReq)
    USBD_StdItfReq                           0x0800715f   Thumb Code    74  usbd_ctlreq.o(i.USBD_StdItfReq)
    USB_ActivateEndpoint                     0x080071a9   Thumb Code   192  stm32f4xx_ll_usb.o(i.USB_ActivateEndpoint)
    USB_ActivateSetup                        0x0800726d   Thumb Code    68  stm32f4xx_ll_usb.o(i.USB_ActivateSetup)
    USB_CoreInit                             0x080072b1   Thumb Code   108  stm32f4xx_ll_usb.o(i.USB_CoreInit)
    USB_DeactivateEndpoint                   0x0800736d   Thumb Code   258  stm32f4xx_ll_usb.o(i.USB_DeactivateEndpoint)
    USB_DevConnect                           0x08007479   Thumb Code    30  stm32f4xx_ll_usb.o(i.USB_DevConnect)
    USB_DevDisconnect                        0x08007497   Thumb Code    30  stm32f4xx_ll_usb.o(i.USB_DevDisconnect)
    USB_DevInit                              0x080074b5   Thumb Code   398  stm32f4xx_ll_usb.o(i.USB_DevInit)
    USB_DisableGlobalInt                     0x08007655   Thumb Code    14  stm32f4xx_ll_usb.o(i.USB_DisableGlobalInt)
    USB_EP0StartXfer                         0x08007665   Thumb Code   422  stm32f4xx_ll_usb.o(i.USB_EP0StartXfer)
    USB_EP0_OutStart                         0x08007811   Thumb Code    68  stm32f4xx_ll_usb.o(i.USB_EP0_OutStart)
    USB_EPClearStall                         0x08007855   Thumb Code   136  stm32f4xx_ll_usb.o(i.USB_EPClearStall)
    USB_EPSetStall                           0x080078dd   Thumb Code   140  stm32f4xx_ll_usb.o(i.USB_EPSetStall)
    USB_EPStartXfer                          0x08007969   Thumb Code   714  stm32f4xx_ll_usb.o(i.USB_EPStartXfer)
    USB_EnableGlobalInt                      0x08007c39   Thumb Code    14  stm32f4xx_ll_usb.o(i.USB_EnableGlobalInt)
    USB_FlushRxFifo                          0x08007c49   Thumb Code    38  stm32f4xx_ll_usb.o(i.USB_FlushRxFifo)
    USB_FlushTxFifo                          0x08007c75   Thumb Code    44  stm32f4xx_ll_usb.o(i.USB_FlushTxFifo)
    USB_GetDevSpeed                          0x08007ca5   Thumb Code    68  stm32f4xx_ll_usb.o(i.USB_GetDevSpeed)
    USB_GetMode                              0x08007ce9   Thumb Code    10  stm32f4xx_ll_usb.o(i.USB_GetMode)
    USB_ReadDevAllInEpInterrupt              0x08007cf3   Thumb Code    18  stm32f4xx_ll_usb.o(i.USB_ReadDevAllInEpInterrupt)
    USB_ReadDevAllOutEpInterrupt             0x08007d05   Thumb Code    18  stm32f4xx_ll_usb.o(i.USB_ReadDevAllOutEpInterrupt)
    USB_ReadDevInEPInterrupt                 0x08007d17   Thumb Code    44  stm32f4xx_ll_usb.o(i.USB_ReadDevInEPInterrupt)
    USB_ReadDevOutEPInterrupt                0x08007d43   Thumb Code    22  stm32f4xx_ll_usb.o(i.USB_ReadDevOutEPInterrupt)
    USB_ReadInterrupts                       0x08007d59   Thumb Code    12  stm32f4xx_ll_usb.o(i.USB_ReadInterrupts)
    USB_ReadPacket                           0x08007d65   Thumb Code    34  stm32f4xx_ll_usb.o(i.USB_ReadPacket)
    USB_SetCurrentMode                       0x08007d87   Thumb Code    48  stm32f4xx_ll_usb.o(i.USB_SetCurrentMode)
    USB_SetDevAddress                        0x08007db7   Thumb Code    36  stm32f4xx_ll_usb.o(i.USB_SetDevAddress)
    USB_SetDevSpeed                          0x08007ddb   Thumb Code    16  stm32f4xx_ll_usb.o(i.USB_SetDevSpeed)
    USB_WritePacket                          0x08007deb   Thumb Code    48  stm32f4xx_ll_usb.o(i.USB_WritePacket)
    USER_initialize                          0x08007e1b   Thumb Code    16  user_diskio.o(i.USER_initialize)
    USER_ioctl                               0x08007e2b   Thumb Code    46  user_diskio.o(i.USER_ioctl)
    USER_read                                0x08007e59   Thumb Code    34  user_diskio.o(i.USER_read)
    USER_status                              0x08007e7d   Thumb Code    28  user_diskio.o(i.USER_status)
    USER_write                               0x08007e9d   Thumb Code    42  user_diskio.o(i.USER_write)
    UsageFault_Handler                       0x08007ec7   Thumb Code     4  stm32f4xx_it.o(i.UsageFault_Handler)
    _Error_Handler                           0x08007ecb   Thumb Code     4  main.o(i._Error_Handler)
    __0printf$6                              0x08007ed1   Thumb Code    22  printf6.o(i.__0printf$6)
    __1printf$6                              0x08007ed1   Thumb Code     0  printf6.o(i.__0printf$6)
    __2printf                                0x08007ed1   Thumb Code     0  printf6.o(i.__0printf$6)
    __scatterload_copy                       0x08007ef1   Thumb Code    14  handlers.o(i.__scatterload_copy)
    __scatterload_null                       0x08007eff   Thumb Code     2  handlers.o(i.__scatterload_null)
    __scatterload_zeroinit                   0x08007f01   Thumb Code    14  handlers.o(i.__scatterload_zeroinit)
    disk_initialize                          0x08008cbd   Thumb Code    40  diskio.o(i.disk_initialize)
    disk_ioctl                               0x08008ce9   Thumb Code    36  diskio.o(i.disk_ioctl)
    disk_read                                0x08008d11   Thumb Code    42  diskio.o(i.disk_read)
    disk_status                              0x08008d41   Thumb Code    24  diskio.o(i.disk_status)
    disk_write                               0x08008d5d   Thumb Code    42  diskio.o(i.disk_write)
    f_close                                  0x08008db1   Thumb Code    52  ff.o(i.f_close)
    f_mount                                  0x08008de5   Thumb Code   128  ff.o(i.f_mount)
    f_open                                   0x08008e69   Thumb Code   596  ff.o(i.f_open)
    f_puts                                   0x080090bd   Thumb Code    44  ff.o(i.f_puts)
    f_read                                   0x080090e9   Thumb Code   564  ff.o(i.f_read)
    f_sync                                   0x0800931d   Thumb Code   176  ff.o(i.f_sync)
    f_write                                  0x080093cd   Thumb Code   632  ff.o(i.f_write)
    ff_convert                               0x08009645   Thumb Code   116  cc936.o(i.ff_convert)
    ff_cre_syncobj                           0x080096c1   Thumb Code    30  syscall.o(i.ff_cre_syncobj)
    ff_del_syncobj                           0x080096df   Thumb Code    16  syscall.o(i.ff_del_syncobj)
    ff_rel_grant                             0x080096ef   Thumb Code    18  syscall.o(i.ff_rel_grant)
    ff_req_grant                             0x08009701   Thumb Code    32  syscall.o(i.ff_req_grant)
    ff_wtoupper                              0x08009721   Thumb Code   156  cc936.o(i.ff_wtoupper)
    fputc                                    0x08009c01   Thumb Code    20  main.o(i.fputc)
    free                                     0x08009c19   Thumb Code    76  malloc.o(i.free)
    get_fattime                              0x08009e67   Thumb Code     4  fatfs.o(i.get_fattime)
    main                                     0x08009fd5   Thumb Code    72  main.o(i.main)
    malloc                                   0x0800a01d   Thumb Code    92  malloc.o(i.malloc)
    pvPortMalloc                             0x0800ad41   Thumb Code   296  heap_4.o(i.pvPortMalloc)
    pvTaskIncrementMutexHeldCount            0x0800ae7d   Thumb Code    26  tasks.o(i.pvTaskIncrementMutexHeldCount)
    pxPortInitialiseStack                    0x0800ae9d   Thumb Code    38  port.o(i.pxPortInitialiseStack)
    sFLASH_EraseSector                       0x0800af65   Thumb Code    62  spi_flash.o(i.sFLASH_EraseSector)
    sFLASH_Init                              0x0800afa9   Thumb Code    18  spi_flash.o(i.sFLASH_Init)
    sFLASH_LowLevel_Init                     0x0800afc1   Thumb Code     2  spi_flash.o(i.sFLASH_LowLevel_Init)
    sFLASH_ReadBuffer                        0x0800afc5   Thumb Code    80  spi_flash.o(i.sFLASH_ReadBuffer)
    sFLASH_ReadID                            0x0800b019   Thumb Code    78  spi_flash.o(i.sFLASH_ReadID)
    sFLASH_SendByte                          0x0800b06d   Thumb Code    36  spi_flash.o(i.sFLASH_SendByte)
    sFLASH_WaitForWriteEnd                   0x0800b095   Thumb Code    50  spi_flash.o(i.sFLASH_WaitForWriteEnd)
    sFLASH_WriteBuffer                       0x0800b0cd   Thumb Code   290  spi_flash.o(i.sFLASH_WriteBuffer)
    sFLASH_WriteEnable                       0x0800b1f1   Thumb Code    30  spi_flash.o(i.sFLASH_WriteEnable)
    sFLASH_WritePage                         0x0800b215   Thumb Code    86  spi_flash.o(i.sFLASH_WritePage)
    uxListRemove                             0x0800b4af   Thumb Code    40  list.o(i.uxListRemove)
    vListInitialise                          0x0800b4d7   Thumb Code    26  list.o(i.vListInitialise)
    vListInitialiseItem                      0x0800b4f1   Thumb Code     6  list.o(i.vListInitialiseItem)
    vListInsert                              0x0800b4f7   Thumb Code    52  list.o(i.vListInsert)
    vListInsertEnd                           0x0800b52b   Thumb Code    24  list.o(i.vListInsertEnd)
    vPortEnterCritical                       0x0800b545   Thumb Code    76  port.o(i.vPortEnterCritical)
    vPortExitCritical                        0x0800b599   Thumb Code    56  port.o(i.vPortExitCritical)
    vPortFree                                0x0800b5d5   Thumb Code   140  heap_4.o(i.vPortFree)
    vPortSetupTimerInterrupt                 0x0800b669   Thumb Code    14  port.o(i.vPortSetupTimerInterrupt)
    vPortValidateInterruptPriority           0x0800b67d   Thumb Code   106  port.o(i.vPortValidateInterruptPriority)
    vQueueAddToRegistry                      0x0800b6f5   Thumb Code    38  queue.o(i.vQueueAddToRegistry)
    vQueueDelete                             0x0800b721   Thumb Code    44  queue.o(i.vQueueDelete)
    vQueueUnregisterQueue                    0x0800b74d   Thumb Code    44  queue.o(i.vQueueUnregisterQueue)
    vQueueWaitForMessageRestricted           0x0800b77d   Thumb Code    74  queue.o(i.vQueueWaitForMessageRestricted)
    vTaskDelay                               0x0800ba05   Thumb Code    82  tasks.o(i.vTaskDelay)
    vTaskMissedYield                         0x0800ba79   Thumb Code     8  tasks.o(i.vTaskMissedYield)
    vTaskPlaceOnEventList                    0x0800ba9d   Thumb Code    52  tasks.o(i.vTaskPlaceOnEventList)
    vTaskPlaceOnEventListRestricted          0x0800bad5   Thumb Code    60  tasks.o(i.vTaskPlaceOnEventListRestricted)
    vTaskPriorityInherit                     0x0800bb15   Thumb Code   164  tasks.o(i.vTaskPriorityInherit)
    vTaskSetTimeOutState                     0x0800bbc5   Thumb Code    38  tasks.o(i.vTaskSetTimeOutState)
    vTaskStartScheduler                      0x0800bbf5   Thumb Code   118  tasks.o(i.vTaskStartScheduler)
    vTaskSuspendAll                          0x0800bc89   Thumb Code    12  tasks.o(i.vTaskSuspendAll)
    vTaskSwitchContext                       0x0800bc99   Thumb Code   118  tasks.o(i.vTaskSwitchContext)
    xPortStartScheduler                      0x0800bd6d   Thumb Code   288  port.o(i.xPortStartScheduler)
    xPortSysTickHandler                      0x0800bea9   Thumb Code    46  port.o(i.xPortSysTickHandler)
    xQueueCreateMutex                        0x0800bedd   Thumb Code    34  queue.o(i.xQueueCreateMutex)
    xQueueGenericCreate                      0x0800beff   Thumb Code    88  queue.o(i.xQueueGenericCreate)
    xQueueGenericReceive                     0x0800bf59   Thumb Code   446  queue.o(i.xQueueGenericReceive)
    xQueueGenericReset                       0x0800c11d   Thumb Code   146  queue.o(i.xQueueGenericReset)
    xQueueGenericSend                        0x0800c1b5   Thumb Code   420  queue.o(i.xQueueGenericSend)
    xQueueGenericSendFromISR                 0x0800c35d   Thumb Code   248  queue.o(i.xQueueGenericSendFromISR)
    xTaskCheckForTimeOut                     0x0800c455   Thumb Code   132  tasks.o(i.xTaskCheckForTimeOut)
    xTaskCreate                              0x0800c4e1   Thumb Code    96  tasks.o(i.xTaskCreate)
    xTaskGetSchedulerState                   0x0800c541   Thumb Code    24  tasks.o(i.xTaskGetSchedulerState)
    xTaskGetTickCount                        0x0800c561   Thumb Code     6  tasks.o(i.xTaskGetTickCount)
    xTaskIncrementTick                       0x0800c56d   Thumb Code   282  tasks.o(i.xTaskIncrementTick)
    xTaskPriorityDisinherit                  0x0800c6b5   Thumb Code   188  tasks.o(i.xTaskPriorityDisinherit)
    xTaskRemoveFromEventList                 0x0800c77d   Thumb Code   128  tasks.o(i.xTaskRemoveFromEventList)
    xTaskResumeAll                           0x0800c815   Thumb Code   224  tasks.o(i.xTaskResumeAll)
    xTimerCreateTimerTask                    0x0800c919   Thumb Code    66  timers.o(i.xTimerCreateTimerTask)
    xTimerGenericCommand                     0x0800c971   Thumb Code   126  timers.o(i.xTimerGenericCommand)
    AHBPrescTable                            0x0800c9f4   Data          16  system_stm32f4xx.o(.constdata)
    APBPrescTable                            0x0800ca04   Data           8  system_stm32f4xx.o(.constdata)
    STORAGE_Inquirydata_HS                   0x0800ca0c   Data          36  usbd_storage_if.o(.constdata)
    SD_Driver                                0x0800ca40   Data          20  sd_diskio.o(.constdata)
    MSC_Page00_Inquiry_Data                  0x08037612   Data           7  usbd_msc_data.o(.constdata)
    MSC_Mode_Sense6_data                     0x08037619   Data           8  usbd_msc_data.o(.constdata)
    MSC_Mode_Sense10_data                    0x08037621   Data           8  usbd_msc_data.o(.constdata)
    Region$$Table$$Base                      0x0803762c   Number         0  anon$$obj.o(Region$$Table)
    Region$$Table$$Limit                     0x0803764c   Number         0  anon$$obj.o(Region$$Table)
    look                                     0x20000014   Data           1  main.o(.data)
    SystemCoreClock                          0x20000018   Data           4  system_stm32f4xx.o(.data)
    retSD                                    0x2000001c   Data           1  fatfs.o(.data)
    SD_Path                                  0x2000001d   Data           4  fatfs.o(.data)
    retUSER                                  0x20000021   Data           1  fatfs.o(.data)
    USER_Path                                0x20000022   Data           4  fatfs.o(.data)
    hcrc                                     0x20000028   Data           8  crc.o(.data)
    HS_Desc                                  0x20000030   Data          28  usbd_desc.o(.data)
    USBD_HS_DeviceDesc                       0x2000004c   Data          18  usbd_desc.o(.data)
    USBD_LangIDDesc                          0x20000060   Data           4  usbd_desc.o(.data)
    USBD_Storage_Interface_fops_HS           0x20000064   Data          32  usbd_storage_if.o(.data)
    USER_Driver                              0x20000094   Data          20  user_diskio.o(.data)
    uwTick                                   0x200000a8   Data           4  stm32f4xx_hal.o(.data)
    pxCurrentTCB                             0x200000ac   Data           4  tasks.o(.data)
    USBD_MSC                                 0x20000124   Data          56  usbd_msc.o(.data)
    USBD_MSC_CfgHSDesc                       0x2000015c   Data          32  usbd_msc.o(.data)
    USBD_MSC_CfgFSDesc                       0x2000017c   Data          32  usbd_msc.o(.data)
    USBD_MSC_OtherSpeedCfgDesc               0x2000019c   Data          32  usbd_msc.o(.data)
    USBD_MSC_DeviceQualifierDesc             0x200001bc   Data          10  usbd_msc.o(.data)
    __stdout                                 0x200001c8   Data           4  stdout.o(.data)
    __microlib_freelist                      0x200001cc   Data           4  mvars.o(.data)
    __microlib_freelist_initialised          0x200001d0   Data           4  mvars.o(.data)
    hsdram1                                  0x200001d4   Data          52  fmc.o(.bss)
    hltdc                                    0x20000218   Data         168  ltdc.o(.bss)
    fs                                       0x200002c0   Data        8320  main.o(.bss)
    fil                                      0x20002340   Data        4144  main.o(.bss)
    ReadBuff                                 0x20003370   Data         200  main.o(.bss)
    hsd                                      0x20003438   Data         132  sdio.o(.bss)
    hspi1                                    0x200034bc   Data          88  spi.o(.bss)
    huart1                                   0x20003514   Data          64  usart.o(.bss)
    hdma2d                                   0x20003554   Data          64  dma2d.o(.bss)
    hUsbDeviceHS                             0x20003594   Data         548  usb_device.o(.bss)
    hpcd_USB_OTG_HS                          0x200037b8   Data        1008  usbd_conf.o(.bss)
    USBD_StrDesc                             0x20003ba8   Data         512  usbd_desc.o(.bss)
    hdma_memtomem_dma2_stream0               0x20003da8   Data          96  dma.o(.bss)
    disk                                     0x20003e18   Data          16  ff_gen_drv.o(.bss)
    xQueueRegistry                           0x20003e28   Data          64  queue.o(.bss)
    __heap_base                              0x20016b58   Data           0  startup_stm32f429xx.o(HEAP)
    __heap_limit                             0x2001ab58   Data           0  startup_stm32f429xx.o(HEAP)
    __initial_sp                             0x2001eb58   Data           0  startup_stm32f429xx.o(STACK)
    testsram                                 0xd0000000   Data        1000  main.o(.ARM.__AT_0xD0000000)
    testsram2                                0xd0020000   Data       10000  main.o(.ARM.__AT_0xD0020000)



==============================================================================

Memory Map of the image

  Image Entry point : 0x080001ad

  Load Region LR_IROM1 (Base: 0x08000000, Size: 0x00037820, Max: 0x00200000, ABSOLUTE, COMPRESSED[0x00037708])

    Execution Region ER_IROM1 (Base: 0x08000000, Size: 0x0003764c, Max: 0x00200000, ABSOLUTE)

    Base Addr    Size         Type   Attr      Idx    E Section Name        Object

    0x08000000   0x000001ac   Data   RO         6938    RESET               startup_stm32f429xx.o
    0x080001ac   0x00000000   Code   RO        10281  * .ARM.Collect$$$$00000000  mc_w.l(entry.o)
    0x080001ac   0x00000004   Code   RO        10583    .ARM.Collect$$$$00000001  mc_w.l(entry2.o)
    0x080001b0   0x00000004   Code   RO        10586    .ARM.Collect$$$$00000004  mc_w.l(entry5.o)
    0x080001b4   0x00000000   Code   RO        10588    .ARM.Collect$$$$00000008  mc_w.l(entry7b.o)
    0x080001b4   0x00000000   Code   RO        10590    .ARM.Collect$$$$0000000A  mc_w.l(entry8b.o)
    0x080001b4   0x00000008   Code   RO        10591    .ARM.Collect$$$$0000000B  mc_w.l(entry9a.o)
    0x080001bc   0x00000000   Code   RO        10593    .ARM.Collect$$$$0000000D  mc_w.l(entry10a.o)
    0x080001bc   0x00000000   Code   RO        10595    .ARM.Collect$$$$0000000F  mc_w.l(entry11a.o)
    0x080001bc   0x00000004   Code   RO        10584    .ARM.Collect$$$$00002712  mc_w.l(entry2.o)
    0x080001c0   0x000000b6   Code   RO         7798    .emb_text           port.o
    0x08000276   0x00000002   PAD
    0x08000278   0x00000024   Code   RO         6939    .text               startup_stm32f429xx.o
    0x0800029c   0x00000040   Code   RO        10286    .text               mc_w.l(memmovea.o)
    0x080002dc   0x00000024   Code   RO        10288    .text               mc_w.l(memseta.o)
    0x08000300   0x0000002c   Code   RO        10598    .text               mc_w.l(uidiv.o)
    0x0800032c   0x00000024   Code   RO        10615    .text               mc_w.l(init.o)
    0x08000350   0x00000056   Code   RO        10633    .text               mc_w.l(__dczerorl2.o)
    0x080003a6   0x00000002   PAD
    0x080003a8   0x0000007c   Code   RO          284    i.AppTaskCreate     main.o
    0x08000424   0x00000014   Code   RO          787    i.BSP_SD_GetCardInfo  bsp_driver_sd.o
    0x08000438   0x00000018   Code   RO          788    i.BSP_SD_GetCardState  bsp_driver_sd.o
    0x08000450   0x00000030   Code   RO          791    i.BSP_SD_Init       bsp_driver_sd.o
    0x08000480   0x0000000c   Code   RO          792    i.BSP_SD_IsDetected  bsp_driver_sd.o
    0x0800048c   0x00000030   Code   RO          793    i.BSP_SD_ReadBlocks  bsp_driver_sd.o
    0x080004bc   0x00000030   Code   RO          795    i.BSP_SD_WriteBlocks  bsp_driver_sd.o
    0x080004ec   0x00000004   Code   RO          585    i.BusFault_Handler  stm32f4xx_it.o
    0x080004f0   0x00000034   Code   RO         2858    i.DMA_CalcBaseAndBitshift  stm32f4xx_hal_dma.o
    0x08000524   0x000000aa   Code   RO         2859    i.DMA_CheckFifoParam  stm32f4xx_hal_dma.o
    0x080005ce   0x00000002   Code   RO          586    i.DebugMon_Handler  stm32f4xx_it.o
    0x080005d0   0x00000012   Code   RO         2064    i.FATFS_LinkDriver  ff_gen_drv.o
    0x080005e2   0x00000002   PAD
    0x080005e4   0x00000054   Code   RO         2065    i.FATFS_LinkDriverEx  ff_gen_drv.o
    0x08000638   0x00000074   Code   RO         6065    i.FMC_SDRAM_Init    stm32f4xx_ll_fmc.o
    0x080006ac   0x0000000e   Code   RO         6066    i.FMC_SDRAM_ProgramRefreshRate  stm32f4xx_ll_fmc.o
    0x080006ba   0x00000052   Code   RO         6067    i.FMC_SDRAM_SendCommand  stm32f4xx_ll_fmc.o
    0x0800070c   0x0000009c   Code   RO         6069    i.FMC_SDRAM_Timing_Init  stm32f4xx_ll_fmc.o
    0x080007a8   0x00000024   Code   RO         2676    i.HAL_CRC_Init      stm32f4xx_hal_crc.o
    0x080007cc   0x00000034   Code   RO         1071    i.HAL_CRC_MspInit   crc.o
    0x08000800   0x00000100   Code   RO         3017    i.HAL_DMA2D_ConfigLayer  stm32f4xx_hal_dma2d.o
    0x08000900   0x00000060   Code   RO         3025    i.HAL_DMA2D_Init    stm32f4xx_hal_dma2d.o
    0x08000960   0x00000034   Code   RO          741    i.HAL_DMA2D_MspInit  dma2d.o
    0x08000994   0x000000ec   Code   RO         2867    i.HAL_DMA_Init      stm32f4xx_hal_dma.o
    0x08000a80   0x0000000a   Code   RO          285    i.HAL_Delay         main.o
    0x08000a8a   0x00000002   PAD
    0x08000a8c   0x0000012c   Code   RO            7    i.HAL_FMC_MspInit   fmc.o
    0x08000bb8   0x0000021c   Code   RO         3563    i.HAL_GPIO_Init     stm32f4xx_hal_gpio.o
    0x08000dd4   0x00000008   Code   RO         3566    i.HAL_GPIO_TogglePin  stm32f4xx_hal_gpio.o
    0x08000ddc   0x0000000c   Code   RO         3567    i.HAL_GPIO_WritePin  stm32f4xx_hal_gpio.o
    0x08000de8   0x0000000c   Code   RO         2310    i.HAL_GetTick       stm32f4xx_hal.o
    0x08000df4   0x00000010   Code   RO         2312    i.HAL_IncTick       stm32f4xx_hal.o
    0x08000e04   0x0000003c   Code   RO         2313    i.HAL_Init          stm32f4xx_hal.o
    0x08000e40   0x00000028   Code   RO         2314    i.HAL_InitTick      stm32f4xx_hal.o
    0x08000e68   0x0000005e   Code   RO         3809    i.HAL_LTDC_ConfigLayer  stm32f4xx_hal_ltdc.o
    0x08000ec6   0x00000002   PAD
    0x08000ec8   0x0000011c   Code   RO         3826    i.HAL_LTDC_Init     stm32f4xx_hal_ltdc.o
    0x08000fe4   0x000000a0   Code   RO          243    i.HAL_LTDC_MspInit  ltdc.o
    0x08001084   0x00000056   Code   RO          561    i.HAL_MspInit       stm32f4xx_hal_msp.o
    0x080010da   0x0000001a   Code   RO         2537    i.HAL_NVIC_EnableIRQ  stm32f4xx_hal_cortex.o
    0x080010f4   0x0000007c   Code   RO         2543    i.HAL_NVIC_SetPriority  stm32f4xx_hal_cortex.o
    0x08001170   0x00000028   Code   RO         2544    i.HAL_NVIC_SetPriorityGrouping  stm32f4xx_hal_cortex.o
    0x08001198   0x0000000a   Code   RO         4368    i.HAL_PCDEx_SetRxFiFo  stm32f4xx_hal_pcd_ex.o
    0x080011a2   0x00000052   Code   RO         4369    i.HAL_PCDEx_SetTxFiFo  stm32f4xx_hal_pcd_ex.o
    0x080011f4   0x0000000e   Code   RO         1173    i.HAL_PCD_ConnectCallback  usbd_conf.o
    0x08001202   0x00000020   Code   RO         1174    i.HAL_PCD_DataInStageCallback  usbd_conf.o
    0x08001222   0x00000020   Code   RO         1175    i.HAL_PCD_DataOutStageCallback  usbd_conf.o
    0x08001242   0x0000000e   Code   RO         1176    i.HAL_PCD_DisconnectCallback  usbd_conf.o
    0x08001250   0x0000006a   Code   RO         4162    i.HAL_PCD_EP_Close  stm32f4xx_hal_pcd.o
    0x080012ba   0x00000068   Code   RO         4163    i.HAL_PCD_EP_ClrStall  stm32f4xx_hal_pcd.o
    0x08001322   0x00000044   Code   RO         4164    i.HAL_PCD_EP_Flush  stm32f4xx_hal_pcd.o
    0x08001366   0x00000018   Code   RO         4165    i.HAL_PCD_EP_GetRxCount  stm32f4xx_hal_pcd.o
    0x0800137e   0x0000008c   Code   RO         4166    i.HAL_PCD_EP_Open   stm32f4xx_hal_pcd.o
    0x0800140a   0x00000058   Code   RO         4167    i.HAL_PCD_EP_Receive  stm32f4xx_hal_pcd.o
    0x08001462   0x0000007a   Code   RO         4168    i.HAL_PCD_EP_SetStall  stm32f4xx_hal_pcd.o
    0x080014dc   0x0000005a   Code   RO         4169    i.HAL_PCD_EP_Transmit  stm32f4xx_hal_pcd.o
    0x08001536   0x00000002   PAD
    0x08001538   0x00000694   Code   RO         4171    i.HAL_PCD_IRQHandler  stm32f4xx_hal_pcd.o
    0x08001bcc   0x00000012   Code   RO         1177    i.HAL_PCD_ISOINIncompleteCallback  usbd_conf.o
    0x08001bde   0x00000012   Code   RO         1178    i.HAL_PCD_ISOOUTIncompleteCallback  usbd_conf.o
    0x08001bf0   0x00000142   Code   RO         4174    i.HAL_PCD_Init      stm32f4xx_hal_pcd.o
    0x08001d32   0x00000002   PAD
    0x08001d34   0x0000008c   Code   RO         1180    i.HAL_PCD_MspInit   usbd_conf.o
    0x08001dc0   0x00000032   Code   RO         1181    i.HAL_PCD_ResetCallback  usbd_conf.o
    0x08001df2   0x0000000e   Code   RO         1182    i.HAL_PCD_ResumeCallback  usbd_conf.o
    0x08001e00   0x0000000e   Code   RO         1183    i.HAL_PCD_SOFCallback  usbd_conf.o
    0x08001e0e   0x00000032   Code   RO         4180    i.HAL_PCD_SetAddress  stm32f4xx_hal_pcd.o
    0x08001e40   0x00000012   Code   RO         1184    i.HAL_PCD_SetupStageCallback  usbd_conf.o
    0x08001e52   0x00000034   Code   RO         4182    i.HAL_PCD_Start     stm32f4xx_hal_pcd.o
    0x08001e86   0x00000002   PAD
    0x08001e88   0x00000034   Code   RO         1185    i.HAL_PCD_SuspendCallback  usbd_conf.o
    0x08001ebc   0x000000a4   Code   RO         4524    i.HAL_PWREx_EnableOverDrive  stm32f4xx_hal_pwr_ex.o
    0x08001f60   0x00000370   Code   RO         4712    i.HAL_RCCEx_PeriphCLKConfig  stm32f4xx_hal_rcc_ex.o
    0x080022d0   0x000001d0   Code   RO         4609    i.HAL_RCC_ClockConfig  stm32f4xx_hal_rcc.o
    0x080024a0   0x0000000c   Code   RO         4614    i.HAL_RCC_GetHCLKFreq  stm32f4xx_hal_rcc.o
    0x080024ac   0x0000002c   Code   RO         4616    i.HAL_RCC_GetPCLK1Freq  stm32f4xx_hal_rcc.o
    0x080024d8   0x0000002c   Code   RO         4617    i.HAL_RCC_GetPCLK2Freq  stm32f4xx_hal_rcc.o
    0x08002504   0x000000b4   Code   RO         4618    i.HAL_RCC_GetSysClockFreq  stm32f4xx_hal_rcc.o
    0x080025b8   0x0000044c   Code   RO         4621    i.HAL_RCC_OscConfig  stm32f4xx_hal_rcc.o
    0x08002a04   0x00000040   Code   RO         5103    i.HAL_SDRAM_Init    stm32f4xx_hal_sdram.o
    0x08002a44   0x0000000a   Code   RO            9    i.HAL_SDRAM_MspInit  fmc.o
    0x08002a4e   0x00000028   Code   RO         5106    i.HAL_SDRAM_ProgramRefreshRate  stm32f4xx_hal_sdram.o
    0x08002a76   0x0000003a   Code   RO         5112    i.HAL_SDRAM_SendCommand  stm32f4xx_hal_sdram.o
    0x08002ab0   0x000000a8   Code   RO         4845    i.HAL_SD_ConfigWideBusOperation  stm32f4xx_hal_sd.o
    0x08002b58   0x000001f0   Code   RO         4850    i.HAL_SD_GetCardCSD  stm32f4xx_hal_sd.o
    0x08002d48   0x00000026   Code   RO         4851    i.HAL_SD_GetCardInfo  stm32f4xx_hal_sd.o
    0x08002d6e   0x00000028   Code   RO         4852    i.HAL_SD_GetCardState  stm32f4xx_hal_sd.o
    0x08002d96   0x00000036   Code   RO         4857    i.HAL_SD_Init       stm32f4xx_hal_sd.o
    0x08002dcc   0x00000084   Code   RO         4858    i.HAL_SD_InitCard   stm32f4xx_hal_sd.o
    0x08002e50   0x0000007c   Code   RO          478    i.HAL_SD_MspInit    sdio.o
    0x08002ecc   0x0000024c   Code   RO         4861    i.HAL_SD_ReadBlocks  stm32f4xx_hal_sd.o
    0x08003118   0x00000204   Code   RO         4866    i.HAL_SD_WriteBlocks  stm32f4xx_hal_sd.o
    0x0800331c   0x0000008c   Code   RO         5300    i.HAL_SPI_Init      stm32f4xx_hal_spi.o
    0x080033a8   0x0000005c   Code   RO          520    i.HAL_SPI_MspInit   spi.o
    0x08003404   0x0000021e   Code   RO         5309    i.HAL_SPI_TransmitReceive  stm32f4xx_hal_spi.o
    0x08003622   0x00000028   Code   RO         2546    i.HAL_SYSTICK_CLKSourceConfig  stm32f4xx_hal_cortex.o
    0x0800364a   0x00000034   Code   RO         2548    i.HAL_SYSTICK_Config  stm32f4xx_hal_cortex.o
    0x0800367e   0x00000072   Code   RO         5685    i.HAL_UART_Init     stm32f4xx_hal_uart.o
    0x080036f0   0x0000005c   Code   RO          699    i.HAL_UART_MspInit  usart.o
    0x0800374c   0x000000d6   Code   RO         5693    i.HAL_UART_Transmit  stm32f4xx_hal_uart.o
    0x08003822   0x00000004   Code   RO          587    i.HardFault_Handler  stm32f4xx_it.o
    0x08003826   0x00000002   Code   RO          588    i.LTDC_IRQHandler   stm32f4xx_it.o
    0x08003828   0x00000212   Code   RO         3845    i.LTDC_SetConfig    stm32f4xx_hal_ltdc.o
    0x08003a3a   0x00000048   Code   RO         8608    i.MSC_BOT_Abort     usbd_msc_bot.o
    0x08003a82   0x00000002   PAD
    0x08003a84   0x000000ec   Code   RO         8609    i.MSC_BOT_CBW_Decode  usbd_msc_bot.o
    0x08003b70   0x00000036   Code   RO         8610    i.MSC_BOT_CplClrFeature  usbd_msc_bot.o
    0x08003ba6   0x00000050   Code   RO         8611    i.MSC_BOT_DataIn    usbd_msc_bot.o
    0x08003bf6   0x00000046   Code   RO         8612    i.MSC_BOT_DataOut   usbd_msc_bot.o
    0x08003c3c   0x0000000a   Code   RO         8613    i.MSC_BOT_DeInit    usbd_msc_bot.o
    0x08003c46   0x00000046   Code   RO         8614    i.MSC_BOT_Init      usbd_msc_bot.o
    0x08003c8c   0x00000022   Code   RO         8615    i.MSC_BOT_Reset     usbd_msc_bot.o
    0x08003cae   0x00000002   PAD
    0x08003cb0   0x00000040   Code   RO         8616    i.MSC_BOT_SendCSW   usbd_msc_bot.o
    0x08003cf0   0x00000058   Code   RO         8617    i.MSC_BOT_SendData  usbd_msc_bot.o
    0x08003d48   0x00000038   Code   RO         1072    i.MX_CRC_Init       crc.o
    0x08003d80   0x00000060   Code   RO          742    i.MX_DMA2D_Init     dma2d.o
    0x08003de0   0x00000084   Code   RO         1497    i.MX_DMA_Init       dma.o
    0x08003e64   0x00000034   Code   RO          894    i.MX_FATFS_Init     fatfs.o
    0x08003e98   0x00000090   Code   RO           10    i.MX_FMC_Init       fmc.o
    0x08003f28   0x000001bc   Code   RO          215    i.MX_GPIO_Init      gpio.o
    0x080040e4   0x0000013c   Code   RO          244    i.MX_LTDC_Init      ltdc.o
    0x08004220   0x00000050   Code   RO          479    i.MX_SDIO_SD_Init   sdio.o
    0x08004270   0x0000005c   Code   RO          521    i.MX_SPI1_Init      spi.o
    0x080042cc   0x00000050   Code   RO          700    i.MX_USART1_UART_Init  usart.o
    0x0800431c   0x00000034   Code   RO         1112    i.MX_USB_DEVICE_Init  usb_device.o
    0x08004350   0x00000004   Code   RO          589    i.MemManage_Handler  stm32f4xx_it.o
    0x08004354   0x00000002   Code   RO          590    i.NMI_Handler       stm32f4xx_it.o
    0x08004356   0x00000002   PAD
    0x08004358   0x00000010   Code   RO         2550    i.NVIC_GetPriorityGrouping  stm32f4xx_hal_cortex.o
    0x08004368   0x00000028   Code   RO         2551    i.NVIC_SetPriority  stm32f4xx_hal_cortex.o
    0x08004390   0x00000010   Code   RO          591    i.OTG_HS_IRQHandler  stm32f4xx_it.o
    0x080043a0   0x000000a2   Code   RO         4185    i.PCD_WriteEmptyTxFifo  stm32f4xx_hal_pcd.o
    0x08004442   0x00000036   Code   RO         8707    i.SCSI_CheckAddressRange  usbd_msc_scsi.o
    0x08004478   0x00000050   Code   RO         8708    i.SCSI_Inquiry      usbd_msc_scsi.o
    0x080044c8   0x0000002c   Code   RO         8709    i.SCSI_ModeSense10  usbd_msc_scsi.o
    0x080044f4   0x0000002c   Code   RO         8710    i.SCSI_ModeSense6   usbd_msc_scsi.o
    0x08004520   0x000000e8   Code   RO         8711    i.SCSI_ProcessCmd   usbd_msc_scsi.o
    0x08004608   0x000000b8   Code   RO         8712    i.SCSI_ProcessRead  usbd_msc_scsi.o
    0x080046c0   0x000000d6   Code   RO         8713    i.SCSI_ProcessWrite  usbd_msc_scsi.o
    0x08004796   0x00000104   Code   RO         8714    i.SCSI_Read10       usbd_msc_scsi.o
    0x0800489a   0x00000094   Code   RO         8715    i.SCSI_ReadCapacity10  usbd_msc_scsi.o
    0x0800492e   0x0000008a   Code   RO         8716    i.SCSI_ReadFormatCapacity  usbd_msc_scsi.o
    0x080049b8   0x0000009e   Code   RO         8717    i.SCSI_RequestSense  usbd_msc_scsi.o
    0x08004a56   0x0000004c   Code   RO         8718    i.SCSI_SenseCode    usbd_msc_scsi.o
    0x08004aa2   0x00000010   Code   RO         8719    i.SCSI_StartStopUnit  usbd_msc_scsi.o
    0x08004ab2   0x0000005a   Code   RO         8720    i.SCSI_TestUnitReady  usbd_msc_scsi.o
    0x08004b0c   0x00000054   Code   RO         8721    i.SCSI_Verify10     usbd_msc_scsi.o
    0x08004b60   0x00000148   Code   RO         8722    i.SCSI_Write10      usbd_msc_scsi.o
    0x08004ca8   0x0000002c   Code   RO         6264    i.SDIO_ConfigData   stm32f4xx_ll_sdmmc.o
    0x08004cd4   0x00000008   Code   RO         6265    i.SDIO_GetCommandResponse  stm32f4xx_ll_sdmmc.o
    0x08004cdc   0x0000000a   Code   RO         6268    i.SDIO_GetPowerState  stm32f4xx_ll_sdmmc.o
    0x08004ce6   0x00000016   Code   RO         6269    i.SDIO_GetResponse  stm32f4xx_ll_sdmmc.o
    0x08004cfc   0x00000034   Code   RO         6270    i.SDIO_Init         stm32f4xx_ll_sdmmc.o
    0x08004d30   0x0000000a   Code   RO         6272    i.SDIO_PowerState_ON  stm32f4xx_ll_sdmmc.o
    0x08004d3a   0x00000008   Code   RO         6273    i.SDIO_ReadFIFO     stm32f4xx_ll_sdmmc.o
    0x08004d42   0x00000028   Code   RO         6274    i.SDIO_SendCommand  stm32f4xx_ll_sdmmc.o
    0x08004d6a   0x0000000c   Code   RO         6276    i.SDIO_WriteFIFO    stm32f4xx_ll_sdmmc.o
    0x08004d76   0x0000003a   Code   RO         6277    i.SDMMC_CmdAppCommand  stm32f4xx_ll_sdmmc.o
    0x08004db0   0x0000003c   Code   RO         6278    i.SDMMC_CmdAppOperCommand  stm32f4xx_ll_sdmmc.o
    0x08004dec   0x0000003a   Code   RO         6279    i.SDMMC_CmdBlockLength  stm32f4xx_ll_sdmmc.o
    0x08004e26   0x0000003a   Code   RO         6280    i.SDMMC_CmdBusWidth  stm32f4xx_ll_sdmmc.o
    0x08004e60   0x0000002e   Code   RO         6284    i.SDMMC_CmdGoIdleState  stm32f4xx_ll_sdmmc.o
    0x08004e8e   0x00000036   Code   RO         6286    i.SDMMC_CmdOperCond  stm32f4xx_ll_sdmmc.o
    0x08004ec4   0x0000003a   Code   RO         6287    i.SDMMC_CmdReadMultiBlock  stm32f4xx_ll_sdmmc.o
    0x08004efe   0x0000003a   Code   RO         6288    i.SDMMC_CmdReadSingleBlock  stm32f4xx_ll_sdmmc.o
    0x08004f38   0x0000003c   Code   RO         6291    i.SDMMC_CmdSelDesel  stm32f4xx_ll_sdmmc.o
    0x08004f74   0x00000034   Code   RO         6292    i.SDMMC_CmdSendCID  stm32f4xx_ll_sdmmc.o
    0x08004fa8   0x00000034   Code   RO         6293    i.SDMMC_CmdSendCSD  stm32f4xx_ll_sdmmc.o
    0x08004fdc   0x0000003a   Code   RO         6294    i.SDMMC_CmdSendSCR  stm32f4xx_ll_sdmmc.o
    0x08005016   0x0000003a   Code   RO         6295    i.SDMMC_CmdSendStatus  stm32f4xx_ll_sdmmc.o
    0x08005050   0x0000003a   Code   RO         6296    i.SDMMC_CmdSetRelAdd  stm32f4xx_ll_sdmmc.o
    0x0800508a   0x00000002   PAD
    0x0800508c   0x0000003c   Code   RO         6298    i.SDMMC_CmdStopTransfer  stm32f4xx_ll_sdmmc.o
    0x080050c8   0x0000003a   Code   RO         6300    i.SDMMC_CmdWriteMultiBlock  stm32f4xx_ll_sdmmc.o
    0x08005102   0x0000003a   Code   RO         6301    i.SDMMC_CmdWriteSingleBlock  stm32f4xx_ll_sdmmc.o
    0x0800513c   0x00000040   Code   RO         6302    i.SDMMC_GetCmdError  stm32f4xx_ll_sdmmc.o
    0x0800517c   0x000001a4   Code   RO         6303    i.SDMMC_GetCmdResp1  stm32f4xx_ll_sdmmc.o
    0x08005320   0x0000005c   Code   RO         6304    i.SDMMC_GetCmdResp2  stm32f4xx_ll_sdmmc.o
    0x0800537c   0x00000050   Code   RO         6305    i.SDMMC_GetCmdResp3  stm32f4xx_ll_sdmmc.o
    0x080053cc   0x000000b0   Code   RO         6306    i.SDMMC_GetCmdResp6  stm32f4xx_ll_sdmmc.o
    0x0800547c   0x00000058   Code   RO         6307    i.SDMMC_GetCmdResp7  stm32f4xx_ll_sdmmc.o
    0x080054d4   0x0000012c   Code   RO         4874    i.SD_FindSCR        stm32f4xx_hal_sd.o
    0x08005600   0x000000fc   Code   RO         4875    i.SD_InitCard       stm32f4xx_hal_sd.o
    0x080056fc   0x000000ee   Code   RO         4877    i.SD_PowerON        stm32f4xx_hal_sd.o
    0x080057ea   0x00000032   Code   RO         4880    i.SD_SendStatus     stm32f4xx_hal_sd.o
    0x0800581c   0x0000006a   Code   RO         4881    i.SD_WideBus_Disable  stm32f4xx_hal_sd.o
    0x08005886   0x0000006a   Code   RO         4882    i.SD_WideBus_Enable  stm32f4xx_hal_sd.o
    0x080058f0   0x00000028   Code   RO         2114    i.SD_initialize     sd_diskio.o
    0x08005918   0x00000068   Code   RO         2115    i.SD_ioctl          sd_diskio.o
    0x08005980   0x0000004c   Code   RO         2116    i.SD_read           sd_diskio.o
    0x080059cc   0x00000028   Code   RO         2117    i.SD_status         sd_diskio.o
    0x080059f4   0x0000004c   Code   RO         2118    i.SD_write          sd_diskio.o
    0x08005a40   0x00000028   Code   RO         5324    i.SPI_CheckFlag_BSY  stm32f4xx_hal_spi.o
    0x08005a68   0x000000aa   Code   RO         5342    i.SPI_WaitFlagStateUntilTimeout  stm32f4xx_hal_spi.o
    0x08005b12   0x00000010   Code   RO         1432    i.STORAGE_GetCapacity_HS  usbd_storage_if.o
    0x08005b22   0x00000004   Code   RO         1433    i.STORAGE_GetMaxLun_HS  usbd_storage_if.o
    0x08005b26   0x0000000c   Code   RO         1434    i.STORAGE_Init_HS   usbd_storage_if.o
    0x08005b32   0x00000006   Code   RO         1435    i.STORAGE_IsReady_HS  usbd_storage_if.o
    0x08005b38   0x00000006   Code   RO         1436    i.STORAGE_IsWriteProtected_HS  usbd_storage_if.o
    0x08005b3e   0x00000022   Code   RO         1437    i.STORAGE_Read_HS   usbd_storage_if.o
    0x08005b60   0x00000028   Code   RO         1438    i.STORAGE_Write_HS  usbd_storage_if.o
    0x08005b88   0x0000000c   Code   RO          592    i.SysTick_Handler   stm32f4xx_it.o
    0x08005b94   0x00000118   Code   RO          286    i.SystemClock_Config  main.o
    0x08005cac   0x00000064   Code   RO          662    i.SystemInit        system_stm32f4xx.o
    0x08005d10   0x00000368   Code   RO         5712    i.UART_SetConfig    stm32f4xx_hal_uart.o
    0x08006078   0x0000006c   Code   RO         5714    i.UART_WaitOnFlagUntilTimeout  stm32f4xx_hal_uart.o
    0x080060e4   0x00000016   Code   RO         8231    i.USBD_ClrClassConfig  usbd_core.o
    0x080060fa   0x00000044   Code   RO         8369    i.USBD_ClrFeature   usbd_ctlreq.o
    0x0800613e   0x00000018   Code   RO         8464    i.USBD_CtlContinueRx  usbd_ioreq.o
    0x08006156   0x00000018   Code   RO         8465    i.USBD_CtlContinueSendData  usbd_ioreq.o
    0x0800616e   0x00000018   Code   RO         8370    i.USBD_CtlError     usbd_ctlreq.o
    0x08006186   0x0000001a   Code   RO         8467    i.USBD_CtlReceiveStatus  usbd_ioreq.o
    0x080061a0   0x00000022   Code   RO         8468    i.USBD_CtlSendData  usbd_ioreq.o
    0x080061c2   0x0000001a   Code   RO         8469    i.USBD_CtlSendStatus  usbd_ioreq.o
    0x080061dc   0x00000050   Code   RO         8371    i.USBD_GetConfig    usbd_ctlreq.o
    0x0800622c   0x00000148   Code   RO         8372    i.USBD_GetDescriptor  usbd_ctlreq.o
    0x08006374   0x00000014   Code   RO         8373    i.USBD_GetLen       usbd_ctlreq.o
    0x08006388   0x00000044   Code   RO         8374    i.USBD_GetStatus    usbd_ctlreq.o
    0x080063cc   0x00000052   Code   RO         8375    i.USBD_GetString    usbd_ctlreq.o
    0x0800641e   0x00000002   PAD
    0x08006420   0x00000034   Code   RO         1365    i.USBD_HS_ConfigStrDescriptor  usbd_desc.o
    0x08006454   0x00000010   Code   RO         1366    i.USBD_HS_DeviceDescriptor  usbd_desc.o
    0x08006464   0x00000038   Code   RO         1367    i.USBD_HS_InterfaceStrDescriptor  usbd_desc.o
    0x0800649c   0x00000010   Code   RO         1368    i.USBD_HS_LangIDStrDescriptor  usbd_desc.o
    0x080064ac   0x0000002c   Code   RO         1369    i.USBD_HS_ManufacturerStrDescriptor  usbd_desc.o
    0x080064d8   0x0000003c   Code   RO         1370    i.USBD_HS_ProductStrDescriptor  usbd_desc.o
    0x08006514   0x00000038   Code   RO         1371    i.USBD_HS_SerialStrDescriptor  usbd_desc.o
    0x0800654c   0x00000032   Code   RO         8233    i.USBD_Init         usbd_core.o
    0x0800657e   0x00000044   Code   RO         1186    i.USBD_LL_ClearStallEP  usbd_conf.o
    0x080065c2   0x00000044   Code   RO         1187    i.USBD_LL_CloseEP   usbd_conf.o
    0x08006606   0x000000da   Code   RO         8234    i.USBD_LL_DataInStage  usbd_core.o
    0x080066e0   0x00000086   Code   RO         8235    i.USBD_LL_DataOutStage  usbd_core.o
    0x08006766   0x00000006   Code   RO         8236    i.USBD_LL_DevConnected  usbd_core.o
    0x0800676c   0x0000001a   Code   RO         8237    i.USBD_LL_DevDisconnected  usbd_core.o
    0x08006786   0x00000044   Code   RO         1190    i.USBD_LL_FlushEP   usbd_conf.o
    0x080067ca   0x00000012   Code   RO         1191    i.USBD_LL_GetRxDataSize  usbd_conf.o
    0x080067dc   0x00000094   Code   RO         1192    i.USBD_LL_Init      usbd_conf.o
    0x08006870   0x00000038   Code   RO         1193    i.USBD_LL_IsStallEP  usbd_conf.o
    0x080068a8   0x00000006   Code   RO         8238    i.USBD_LL_IsoINIncomplete  usbd_core.o
    0x080068ae   0x00000006   Code   RO         8239    i.USBD_LL_IsoOUTIncomplete  usbd_core.o
    0x080068b4   0x00000062   Code   RO         1194    i.USBD_LL_OpenEP    usbd_conf.o
    0x08006916   0x00000062   Code   RO         1195    i.USBD_LL_PrepareReceive  usbd_conf.o
    0x08006978   0x00000044   Code   RO         8240    i.USBD_LL_Reset     usbd_core.o
    0x080069bc   0x0000000e   Code   RO         8241    i.USBD_LL_Resume    usbd_core.o
    0x080069ca   0x00000022   Code   RO         8242    i.USBD_LL_SOF       usbd_core.o
    0x080069ec   0x00000008   Code   RO         8243    i.USBD_LL_SetSpeed  usbd_core.o
    0x080069f4   0x00000044   Code   RO         1196    i.USBD_LL_SetUSBAddress  usbd_conf.o
    0x08006a38   0x0000006e   Code   RO         8244    i.USBD_LL_SetupStage  usbd_core.o
    0x08006aa6   0x00000044   Code   RO         1197    i.USBD_LL_StallEP   usbd_conf.o
    0x08006aea   0x0000003c   Code   RO         1198    i.USBD_LL_Start     usbd_conf.o
    0x08006b26   0x00000014   Code   RO         8245    i.USBD_LL_Suspend   usbd_core.o
    0x08006b3a   0x00000062   Code   RO         1200    i.USBD_LL_Transmit  usbd_conf.o
    0x08006b9c   0x00000012   Code   RO         8524    i.USBD_MSC_DataIn   usbd_msc.o
    0x08006bae   0x00000012   Code   RO         8525    i.USBD_MSC_DataOut  usbd_msc.o
    0x08006bc0   0x00000034   Code   RO         8526    i.USBD_MSC_DeInit   usbd_msc.o
    0x08006bf4   0x00000010   Code   RO         8527    i.USBD_MSC_GetDeviceQualifierDescriptor  usbd_msc.o
    0x08006c04   0x00000010   Code   RO         8528    i.USBD_MSC_GetFSCfgDesc  usbd_msc.o
    0x08006c14   0x00000010   Code   RO         8529    i.USBD_MSC_GetHSCfgDesc  usbd_msc.o
    0x08006c24   0x00000010   Code   RO         8530    i.USBD_MSC_GetOtherSpeedCfgDesc  usbd_msc.o
    0x08006c34   0x00000064   Code   RO         8531    i.USBD_MSC_Init     usbd_msc.o
    0x08006c98   0x0000000c   Code   RO         8532    i.USBD_MSC_RegisterStorage  usbd_msc.o
    0x08006ca4   0x0000012a   Code   RO         8533    i.USBD_MSC_Setup    usbd_msc.o
    0x08006dce   0x00000028   Code   RO         8376    i.USBD_ParseSetupRequest  usbd_ctlreq.o
    0x08006df6   0x00000010   Code   RO         8246    i.USBD_RegisterClass  usbd_core.o
    0x08006e06   0x00000006   Code   RO         8247    i.USBD_RunTestMode  usbd_core.o
    0x08006e0c   0x00000054   Code   RO         8377    i.USBD_SetAddress   usbd_ctlreq.o
    0x08006e60   0x00000022   Code   RO         8248    i.USBD_SetClassConfig  usbd_core.o
    0x08006e82   0x00000002   PAD
    0x08006e84   0x000000e0   Code   RO         8378    i.USBD_SetConfig    usbd_ctlreq.o
    0x08006f64   0x00000024   Code   RO         8379    i.USBD_SetFeature   usbd_ctlreq.o
    0x08006f88   0x0000000e   Code   RO         8249    i.USBD_Start        usbd_core.o
    0x08006f96   0x00000072   Code   RO         8380    i.USBD_StdDevReq    usbd_ctlreq.o
    0x08007008   0x00000156   Code   RO         8381    i.USBD_StdEPReq     usbd_ctlreq.o
    0x0800715e   0x0000004a   Code   RO         8382    i.USBD_StdItfReq    usbd_ctlreq.o
    0x080071a8   0x000000c4   Code   RO         6550    i.USB_ActivateEndpoint  stm32f4xx_ll_usb.o
    0x0800726c   0x00000044   Code   RO         6551    i.USB_ActivateSetup  stm32f4xx_ll_usb.o
    0x080072b0   0x00000070   Code   RO         6553    i.USB_CoreInit      stm32f4xx_ll_usb.o
    0x08007320   0x0000004c   Code   RO         6554    i.USB_CoreReset     stm32f4xx_ll_usb.o
    0x0800736c   0x0000010c   Code   RO         6556    i.USB_DeactivateEndpoint  stm32f4xx_ll_usb.o
    0x08007478   0x0000001e   Code   RO         6557    i.USB_DevConnect    stm32f4xx_ll_usb.o
    0x08007496   0x0000001e   Code   RO         6558    i.USB_DevDisconnect  stm32f4xx_ll_usb.o
    0x080074b4   0x000001a0   Code   RO         6559    i.USB_DevInit       stm32f4xx_ll_usb.o
    0x08007654   0x0000000e   Code   RO         6560    i.USB_DisableGlobalInt  stm32f4xx_ll_usb.o
    0x08007662   0x00000002   PAD
    0x08007664   0x000001ac   Code   RO         6563    i.USB_EP0StartXfer  stm32f4xx_ll_usb.o
    0x08007810   0x00000044   Code   RO         6564    i.USB_EP0_OutStart  stm32f4xx_ll_usb.o
    0x08007854   0x00000088   Code   RO         6565    i.USB_EPClearStall  stm32f4xx_ll_usb.o
    0x080078dc   0x0000008c   Code   RO         6566    i.USB_EPSetStall    stm32f4xx_ll_usb.o
    0x08007968   0x000002d0   Code   RO         6567    i.USB_EPStartXfer   stm32f4xx_ll_usb.o
    0x08007c38   0x0000000e   Code   RO         6568    i.USB_EnableGlobalInt  stm32f4xx_ll_usb.o
    0x08007c46   0x00000002   PAD
    0x08007c48   0x0000002c   Code   RO         6569    i.USB_FlushRxFifo   stm32f4xx_ll_usb.o
    0x08007c74   0x00000030   Code   RO         6570    i.USB_FlushTxFifo   stm32f4xx_ll_usb.o
    0x08007ca4   0x00000044   Code   RO         6572    i.USB_GetDevSpeed   stm32f4xx_ll_usb.o
    0x08007ce8   0x0000000a   Code   RO         6574    i.USB_GetMode       stm32f4xx_ll_usb.o
    0x08007cf2   0x00000012   Code   RO         6581    i.USB_ReadDevAllInEpInterrupt  stm32f4xx_ll_usb.o
    0x08007d04   0x00000012   Code   RO         6582    i.USB_ReadDevAllOutEpInterrupt  stm32f4xx_ll_usb.o
    0x08007d16   0x0000002c   Code   RO         6583    i.USB_ReadDevInEPInterrupt  stm32f4xx_ll_usb.o
    0x08007d42   0x00000016   Code   RO         6584    i.USB_ReadDevOutEPInterrupt  stm32f4xx_ll_usb.o
    0x08007d58   0x0000000c   Code   RO         6585    i.USB_ReadInterrupts  stm32f4xx_ll_usb.o
    0x08007d64   0x00000022   Code   RO         6586    i.USB_ReadPacket    stm32f4xx_ll_usb.o
    0x08007d86   0x00000030   Code   RO         6588    i.USB_SetCurrentMode  stm32f4xx_ll_usb.o
    0x08007db6   0x00000024   Code   RO         6589    i.USB_SetDevAddress  stm32f4xx_ll_usb.o
    0x08007dda   0x00000010   Code   RO         6590    i.USB_SetDevSpeed   stm32f4xx_ll_usb.o
    0x08007dea   0x00000030   Code   RO         6593    i.USB_WritePacket   stm32f4xx_ll_usb.o
    0x08007e1a   0x00000010   Code   RO         2244    i.USER_initialize   user_diskio.o
    0x08007e2a   0x0000002e   Code   RO         2245    i.USER_ioctl        user_diskio.o
    0x08007e58   0x00000022   Code   RO         2246    i.USER_read         user_diskio.o
    0x08007e7a   0x00000002   PAD
    0x08007e7c   0x00000020   Code   RO         2247    i.USER_status       user_diskio.o
    0x08007e9c   0x0000002a   Code   RO         2248    i.USER_write        user_diskio.o
    0x08007ec6   0x00000004   Code   RO          593    i.UsageFault_Handler  stm32f4xx_it.o
    0x08007eca   0x00000004   Code   RO          287    i._Error_Handler    main.o
    0x08007ece   0x00000002   PAD
    0x08007ed0   0x00000020   Code   RO        10449    i.__0printf$6       mc_w.l(printf6.o)
    0x08007ef0   0x0000000e   Code   RO        10627    i.__scatterload_copy  mc_w.l(handlers.o)
    0x08007efe   0x00000002   Code   RO        10628    i.__scatterload_null  mc_w.l(handlers.o)
    0x08007f00   0x0000000e   Code   RO        10629    i.__scatterload_zeroinit  mc_w.l(handlers.o)
    0x08007f0e   0x00000002   PAD
    0x08007f10   0x000002f0   Code   RO        10456    i._printf_core      mc_w.l(printf6.o)
    0x08008200   0x00000024   Code   RO        10457    i._printf_post_padding  mc_w.l(printf6.o)
    0x08008224   0x0000002e   Code   RO        10458    i._printf_pre_padding  mc_w.l(printf6.o)
    0x08008252   0x00000002   PAD
    0x08008254   0x0000007c   Code   RO         1669    i.check_fs          ff.o
    0x080082d0   0x00000014   Code   RO         1670    i.chk_chr           ff.o
    0x080082e4   0x0000007c   Code   RO         1671    i.chk_lock          ff.o
    0x08008360   0x00000028   Code   RO         1672    i.clear_lock        ff.o
    0x08008388   0x00000036   Code   RO         1673    i.clmt_clust        ff.o
    0x080083be   0x0000001a   Code   RO         1674    i.clust2sect        ff.o
    0x080083d8   0x00000098   Code   RO         1675    i.cmp_lfn           ff.o
    0x08008470   0x000000de   Code   RO         1676    i.create_chain      ff.o
    0x0800854e   0x00000002   PAD
    0x08008550   0x000002c8   Code   RO         1677    i.create_name       ff.o
    0x08008818   0x00000044   Code   RO         1678    i.dec_lock          ff.o
    0x0800885c   0x00000060   Code   RO         1679    i.dir_alloc         ff.o
    0x080088bc   0x000000fc   Code   RO         1680    i.dir_find          ff.o
    0x080089b8   0x0000011a   Code   RO         1681    i.dir_next          ff.o
    0x08008ad2   0x00000142   Code   RO         1683    i.dir_register      ff.o
    0x08008c14   0x000000a6   Code   RO         1685    i.dir_sdi           ff.o
    0x08008cba   0x00000002   PAD
    0x08008cbc   0x0000002c   Code   RO         1617    i.disk_initialize   diskio.o
    0x08008ce8   0x00000028   Code   RO         1618    i.disk_ioctl        diskio.o
    0x08008d10   0x00000030   Code   RO         1619    i.disk_read         diskio.o
    0x08008d40   0x0000001c   Code   RO         1620    i.disk_status       diskio.o
    0x08008d5c   0x00000030   Code   RO         1621    i.disk_write        diskio.o
    0x08008d8c   0x00000024   Code   RO         1686    i.enq_lock          ff.o
    0x08008db0   0x00000034   Code   RO         1689    i.f_close           ff.o
    0x08008de4   0x00000084   Code   RO         1696    i.f_mount           ff.o
    0x08008e68   0x00000254   Code   RO         1697    i.f_open            ff.o
    0x080090bc   0x0000002c   Code   RO         1701    i.f_puts            ff.o
    0x080090e8   0x00000234   Code   RO         1702    i.f_read            ff.o
    0x0800931c   0x000000b0   Code   RO         1706    i.f_sync            ff.o
    0x080093cc   0x00000278   Code   RO         1709    i.f_write           ff.o
    0x08009644   0x0000007c   Code   RO         2179    i.ff_convert        cc936.o
    0x080096c0   0x0000001e   Code   RO         2208    i.ff_cre_syncobj    syscall.o
    0x080096de   0x00000010   Code   RO         2209    i.ff_del_syncobj    syscall.o
    0x080096ee   0x00000012   Code   RO         2210    i.ff_rel_grant      syscall.o
    0x08009700   0x00000020   Code   RO         2211    i.ff_req_grant      syscall.o
    0x08009720   0x000000a4   Code   RO         2180    i.ff_wtoupper       cc936.o
    0x080097c4   0x00000360   Code   RO         1710    i.find_volume       ff.o
    0x08009b24   0x000000dc   Code   RO         1711    i.follow_path       ff.o
    0x08009c00   0x00000018   Code   RO          288    i.fputc             main.o
    0x08009c18   0x00000050   Code   RO        10555    i.free              mc_w.l(malloc.o)
    0x08009c68   0x000000cc   Code   RO         1712    i.gen_numname       ff.o
    0x08009d34   0x00000132   Code   RO         1713    i.get_fat           ff.o
    0x08009e66   0x00000004   Code   RO          895    i.get_fattime       fatfs.o
    0x08009e6a   0x00000002   PAD
    0x08009e6c   0x00000050   Code   RO         1715    i.get_ldnumber      ff.o
    0x08009ebc   0x000000b8   Code   RO         1716    i.inc_lock          ff.o
    0x08009f74   0x00000026   Code   RO         1717    i.ld_clust          ff.o
    0x08009f9a   0x00000018   Code   RO         1718    i.ld_dword          ff.o
    0x08009fb2   0x0000000c   Code   RO         1719    i.ld_word           ff.o
    0x08009fbe   0x00000016   Code   RO         1720    i.lock_fs           ff.o
    0x08009fd4   0x00000048   Code   RO          289    i.main              main.o
    0x0800a01c   0x0000006c   Code   RO        10556    i.malloc            mc_w.l(malloc.o)
    0x0800a088   0x00000024   Code   RO         1721    i.mem_cmp           ff.o
    0x0800a0ac   0x0000001a   Code   RO         1722    i.mem_cpy           ff.o
    0x0800a0c6   0x00000012   Code   RO         1723    i.mem_set           ff.o
    0x0800a0d8   0x00000034   Code   RO         1724    i.move_window       ff.o
    0x0800a10c   0x00000098   Code   RO         7282    i.prvAddCurrentTaskToDelayedList  tasks.o
    0x0800a1a4   0x000000b8   Code   RO         7283    i.prvAddNewTaskToReadyList  tasks.o
    0x0800a25c   0x00000064   Code   RO         7619    i.prvCheckForValidListAndQueue  timers.o
    0x0800a2c0   0x00000064   Code   RO         7284    i.prvCheckTasksWaitingTermination  tasks.o
    0x0800a324   0x0000002a   Code   RO         7084    i.prvCopyDataFromQueue  queue.o
    0x0800a34e   0x0000007c   Code   RO         7085    i.prvCopyDataToQueue  queue.o
    0x0800a3ca   0x00000012   Code   RO         7285    i.prvDeleteTCB      tasks.o
    0x0800a3dc   0x00000028   Code   RO         7620    i.prvGetNextExpireTime  timers.o
    0x0800a404   0x0000007c   Code   RO         7749    i.prvHeapInit       heap_4.o
    0x0800a480   0x00000028   Code   RO         7286    i.prvIdleTask       tasks.o
    0x0800a4a8   0x0000001c   Code   RO         7086    i.prvInitialiseMutex  queue.o
    0x0800a4c4   0x0000002a   Code   RO         7087    i.prvInitialiseNewQueue  queue.o
    0x0800a4ee   0x000000b4   Code   RO         7287    i.prvInitialiseNewTask  tasks.o
    0x0800a5a2   0x00000002   PAD
    0x0800a5a4   0x00000068   Code   RO         7288    i.prvInitialiseTaskLists  tasks.o
    0x0800a60c   0x00000068   Code   RO         7750    i.prvInsertBlockIntoFreeList  heap_4.o
    0x0800a674   0x00000058   Code   RO         7622    i.prvInsertTimerInActiveList  timers.o
    0x0800a6cc   0x0000001a   Code   RO         7088    i.prvIsQueueEmpty   queue.o
    0x0800a6e6   0x0000001e   Code   RO         7089    i.prvIsQueueFull    queue.o
    0x0800a704   0x00000064   Code   RO         7623    i.prvProcessExpiredTimer  timers.o
    0x0800a768   0x000000f8   Code   RO         7624    i.prvProcessReceivedCommands  timers.o
    0x0800a860   0x00000074   Code   RO         7625    i.prvProcessTimerOrBlockTask  timers.o
    0x0800a8d4   0x00000034   Code   RO         7290    i.prvResetNextTaskUnblockTime  tasks.o
    0x0800a908   0x0000002c   Code   RO         7626    i.prvSampleTimeNow  timers.o
    0x0800a934   0x000000a0   Code   RO         7627    i.prvSwitchTimerLists  timers.o
    0x0800a9d4   0x00000040   Code   RO         7799    i.prvTaskExitError  port.o
    0x0800aa14   0x0000001a   Code   RO         7628    i.prvTimerTask      timers.o
    0x0800aa2e   0x0000007e   Code   RO         7090    i.prvUnlockQueue    queue.o
    0x0800aaac   0x00000190   Code   RO         1726    i.put_fat           ff.o
    0x0800ac3c   0x00000080   Code   RO         1727    i.put_lfn           ff.o
    0x0800acbc   0x0000004e   Code   RO         1728    i.putc_bfd          ff.o
    0x0800ad0a   0x0000002c   Code   RO         1729    i.putc_flush        ff.o
    0x0800ad36   0x0000000a   Code   RO         1730    i.putc_init         ff.o
    0x0800ad40   0x0000013c   Code   RO         7751    i.pvPortMalloc      heap_4.o
    0x0800ae7c   0x00000020   Code   RO         7293    i.pvTaskIncrementMutexHeldCount  tasks.o
    0x0800ae9c   0x0000002c   Code   RO         7800    i.pxPortInitialiseStack  port.o
    0x0800aec8   0x0000009a   Code   RO         1731    i.remove_chain      ff.o
    0x0800af62   0x00000002   PAD
    0x0800af64   0x00000044   Code   RO          948    i.sFLASH_EraseSector  spi_flash.o
    0x0800afa8   0x00000018   Code   RO          949    i.sFLASH_Init       spi_flash.o
    0x0800afc0   0x00000002   Code   RO          951    i.sFLASH_LowLevel_Init  spi_flash.o
    0x0800afc2   0x00000002   PAD
    0x0800afc4   0x00000054   Code   RO          952    i.sFLASH_ReadBuffer  spi_flash.o
    0x0800b018   0x00000054   Code   RO          954    i.sFLASH_ReadID     spi_flash.o
    0x0800b06c   0x00000028   Code   RO          955    i.sFLASH_SendByte   spi_flash.o
    0x0800b094   0x00000038   Code   RO          958    i.sFLASH_WaitForWriteEnd  spi_flash.o
    0x0800b0cc   0x00000122   Code   RO          959    i.sFLASH_WriteBuffer  spi_flash.o
    0x0800b1ee   0x00000002   PAD
    0x0800b1f0   0x00000024   Code   RO          960    i.sFLASH_WriteEnable  spi_flash.o
    0x0800b214   0x0000005c   Code   RO          961    i.sFLASH_WritePage  spi_flash.o
    0x0800b270   0x000000d8   Code   RO           13    i.sdram_init        fmc.o
    0x0800b348   0x00000024   Code   RO         1732    i.st_clust          ff.o
    0x0800b36c   0x00000018   Code   RO         1733    i.st_dword          ff.o
    0x0800b384   0x0000000c   Code   RO         1734    i.st_word           ff.o
    0x0800b390   0x00000020   Code   RO         1735    i.sum_sfn           ff.o
    0x0800b3b0   0x00000090   Code   RO         1736    i.sync_fs           ff.o
    0x0800b440   0x00000052   Code   RO         1737    i.sync_window       ff.o
    0x0800b492   0x0000001c   Code   RO         1738    i.unlock_fs         ff.o
    0x0800b4ae   0x00000028   Code   RO         7047    i.uxListRemove      list.o
    0x0800b4d6   0x0000001a   Code   RO         7048    i.vListInitialise   list.o
    0x0800b4f0   0x00000006   Code   RO         7049    i.vListInitialiseItem  list.o
    0x0800b4f6   0x00000034   Code   RO         7050    i.vListInsert       list.o
    0x0800b52a   0x00000018   Code   RO         7051    i.vListInsertEnd    list.o
    0x0800b542   0x00000002   PAD
    0x0800b544   0x00000054   Code   RO         7802    i.vPortEnterCritical  port.o
    0x0800b598   0x0000003c   Code   RO         7803    i.vPortExitCritical  port.o
    0x0800b5d4   0x00000094   Code   RO         7752    i.vPortFree         heap_4.o
    0x0800b668   0x00000014   Code   RO         7804    i.vPortSetupTimerInterrupt  port.o
    0x0800b67c   0x00000078   Code   RO         7805    i.vPortValidateInterruptPriority  port.o
    0x0800b6f4   0x0000002c   Code   RO         7096    i.vQueueAddToRegistry  queue.o
    0x0800b720   0x0000002c   Code   RO         7097    i.vQueueDelete      queue.o
    0x0800b74c   0x00000030   Code   RO         7099    i.vQueueUnregisterQueue  queue.o
    0x0800b77c   0x0000004a   Code   RO         7100    i.vQueueWaitForMessageRestricted  queue.o
    0x0800b7c6   0x00000002   PAD
    0x0800b7c8   0x0000023c   Code   RO          290    i.vSD_Task          main.o
    0x0800ba04   0x0000005c   Code   RO         7301    i.vTaskDelay        tasks.o
    0x0800ba60   0x00000018   Code   RO          291    i.vTaskLed          main.o
    0x0800ba78   0x0000000c   Code   RO         7306    i.vTaskMissedYield  tasks.o
    0x0800ba84   0x00000018   Code   RO          292    i.vTaskMsgPro       main.o
    0x0800ba9c   0x00000038   Code   RO         7308    i.vTaskPlaceOnEventList  tasks.o
    0x0800bad4   0x00000040   Code   RO         7309    i.vTaskPlaceOnEventListRestricted  tasks.o
    0x0800bb14   0x000000b0   Code   RO         7311    i.vTaskPriorityInherit  tasks.o
    0x0800bbc4   0x00000030   Code   RO         7315    i.vTaskSetTimeOutState  tasks.o
    0x0800bbf4   0x00000094   Code   RO         7316    i.vTaskStartScheduler  tasks.o
    0x0800bc88   0x00000010   Code   RO         7318    i.vTaskSuspendAll   tasks.o
    0x0800bc98   0x0000008c   Code   RO         7319    i.vTaskSwitchContext  tasks.o
    0x0800bd24   0x00000048   Code   RO         1739    i.validate          ff.o
    0x0800bd6c   0x0000013c   Code   RO         7806    i.xPortStartScheduler  port.o
    0x0800bea8   0x00000034   Code   RO         7807    i.xPortSysTickHandler  port.o
    0x0800bedc   0x00000022   Code   RO         7102    i.xQueueCreateMutex  queue.o
    0x0800befe   0x00000058   Code   RO         7103    i.xQueueGenericCreate  queue.o
    0x0800bf56   0x00000002   PAD
    0x0800bf58   0x000001c4   Code   RO         7104    i.xQueueGenericReceive  queue.o
    0x0800c11c   0x00000098   Code   RO         7105    i.xQueueGenericReset  queue.o
    0x0800c1b4   0x000001a8   Code   RO         7106    i.xQueueGenericSend  queue.o
    0x0800c35c   0x000000f8   Code   RO         7107    i.xQueueGenericSendFromISR  queue.o
    0x0800c454   0x0000008c   Code   RO         7320    i.xTaskCheckForTimeOut  tasks.o
    0x0800c4e0   0x00000060   Code   RO         7321    i.xTaskCreate       tasks.o
    0x0800c540   0x00000020   Code   RO         7325    i.xTaskGetSchedulerState  tasks.o
    0x0800c560   0x0000000c   Code   RO         7326    i.xTaskGetTickCount  tasks.o
    0x0800c56c   0x00000148   Code   RO         7328    i.xTaskIncrementTick  tasks.o
    0x0800c6b4   0x000000c8   Code   RO         7331    i.xTaskPriorityDisinherit  tasks.o
    0x0800c77c   0x00000098   Code   RO         7332    i.xTaskRemoveFromEventList  tasks.o
    0x0800c814   0x00000104   Code   RO         7334    i.xTaskResumeAll    tasks.o
    0x0800c918   0x00000058   Code   RO         7632    i.xTimerCreateTimerTask  timers.o
    0x0800c970   0x00000084   Code   RO         7633    i.xTimerGenericCommand  timers.o
    0x0800c9f4   0x00000018   Data   RO          663    .constdata          system_stm32f4xx.o
    0x0800ca0c   0x00000024   Data   RO         1439    .constdata          usbd_storage_if.o
    0x0800ca30   0x0000000d   Data   RO         1741    .constdata          ff.o
    0x0800ca3d   0x00000003   PAD
    0x0800ca40   0x00000014   Data   RO         2119    .constdata          sd_diskio.o
    0x0800ca54   0x0002abb6   Data   RO         2181    .constdata          cc936.o
    0x0803760a   0x00000008   Data   RO         2873    .constdata          stm32f4xx_hal_dma.o
    0x08037612   0x00000017   Data   RO         8683    .constdata          usbd_msc_data.o
    0x08037629   0x00000003   PAD
    0x0803762c   0x00000020   Data   RO        10625    Region$$Table       anon$$obj.o


    Execution Region RW_IRAM1 (Base: 0x20000000, Size: 0x0001eb58, Max: 0x00030000, ABSOLUTE, COMPRESSED[0x000000bc])

    Base Addr    Size         Type   Attr      Idx    E Section Name        Object

    0x20000000   0x00000008   Data   RW           15    .data               fmc.o
    0x20000008   0x0000000d   Data   RW          296    .data               main.o
    0x20000015   0x00000003   PAD
    0x20000018   0x00000004   Data   RW          664    .data               system_stm32f4xx.o
    0x2000001c   0x0000000a   Data   RW          896    .data               fatfs.o
    0x20000026   0x00000002   PAD
    0x20000028   0x00000008   Data   RW         1073    .data               crc.o
    0x20000030   0x00000034   Data   RW         1373    .data               usbd_desc.o
    0x20000064   0x00000020   Data   RW         1440    .data               usbd_storage_if.o
    0x20000084   0x0000000b   Data   RW         1742    .data               ff.o
    0x2000008f   0x00000001   Data   RW         2120    .data               sd_diskio.o
    0x20000090   0x00000018   Data   RW         2249    .data               user_diskio.o
    0x200000a8   0x00000004   Data   RW         2319    .data               stm32f4xx_hal.o
    0x200000ac   0x0000003c   Data   RW         7337    .data               tasks.o
    0x200000e8   0x00000014   Data   RW         7639    .data               timers.o
    0x200000fc   0x00000018   Data   RW         7757    .data               heap_4.o
    0x20000114   0x0000000c   Data   RW         7808    .data               port.o
    0x20000120   0x00000001   Data   RW         8383    .data               usbd_ctlreq.o
    0x20000121   0x00000003   PAD
    0x20000124   0x000000a2   Data   RW         8534    .data               usbd_msc.o
    0x200001c6   0x00000002   PAD
    0x200001c8   0x00000004   Data   RW        10597    .data               mc_w.l(stdout.o)
    0x200001cc   0x00000004   Data   RW        10602    .data               mc_w.l(mvars.o)
    0x200001d0   0x00000004   Data   RW        10603    .data               mc_w.l(mvars.o)
    0x200001d4   0x00000044   Zero   RW           14    .bss                fmc.o
    0x20000218   0x000000a8   Zero   RW          245    .bss                ltdc.o
    0x200002c0   0x00003178   Zero   RW          295    .bss                main.o
    0x20003438   0x00000084   Zero   RW          480    .bss                sdio.o
    0x200034bc   0x00000058   Zero   RW          522    .bss                spi.o
    0x20003514   0x00000040   Zero   RW          701    .bss                usart.o
    0x20003554   0x00000040   Zero   RW          743    .bss                dma2d.o
    0x20003594   0x00000224   Zero   RW         1113    .bss                usb_device.o
    0x200037b8   0x000003f0   Zero   RW         1201    .bss                usbd_conf.o
    0x20003ba8   0x00000200   Zero   RW         1372    .bss                usbd_desc.o
    0x20003da8   0x00000060   Zero   RW         1498    .bss                dma.o
    0x20003e08   0x00000010   Zero   RW         1740    .bss                ff.o
    0x20003e18   0x00000010   Zero   RW         2068    .bss                ff_gen_drv.o
    0x20003e28   0x00000040   Zero   RW         7115    .bss                queue.o
    0x20003e68   0x000000c8   Zero   RW         7336    .bss                tasks.o
    0x20003f30   0x00000028   Zero   RW         7638    .bss                timers.o
    0x20003f58   0x00012c00   Zero   RW         7756    .bss                heap_4.o
    0x20016b58   0x00004000   Zero   RW         6937    HEAP                startup_stm32f429xx.o
    0x2001ab58   0x00004000   Zero   RW         6936    STACK               startup_stm32f429xx.o



  Load Region LR$$.ARM.__AT_0xD0000000 (Base: 0xd0000000, Size: 0x00000000, Max: 0x000003e8, ABSOLUTE)

    Execution Region ER$$.ARM.__AT_0xD0000000 (Base: 0xd0000000, Size: 0x000003e8, Max: 0x000003e8, ABSOLUTE, UNINIT)

    Base Addr    Size         Type   Attr      Idx    E Section Name        Object

    0xd0000000   0x000003e8   Zero   RW          293    .ARM.__AT_0xD0000000  main.o



  Load Region LR$$.ARM.__AT_0xD0020000 (Base: 0xd0020000, Size: 0x00000000, Max: 0x00002710, ABSOLUTE)

    Execution Region ER$$.ARM.__AT_0xD0020000 (Base: 0xd0020000, Size: 0x00002710, Max: 0x00002710, ABSOLUTE, UNINIT)

    Base Addr    Size         Type   Attr      Idx    E Section Name        Object

    0xd0020000   0x00002710   Zero   RW          294    .ARM.__AT_0xD0020000  main.o



  Load Region LR$$.ARM.__AT_0xD0465000 (Base: 0xd0465000, Size: 0x00000000, Max: 0x00400000, ABSOLUTE)

    Execution Region ER$$.ARM.__AT_0xD0465000 (Base: 0xd0465000, Size: 0x00400000, Max: 0x00400000, ABSOLUTE, UNINIT)

    Base Addr    Size         Type   Attr      Idx    E Section Name        Object

    0xd0465000   0x00400000   Zero   RW         7876    .ARM.__AT_0xD0465000  guiconf.o


==============================================================================

Image component sizes


      Code (inc. data)   RO Data    RW Data    ZI Data      Debug   Object Name

       200         26          0          0          0       3904   bsp_driver_sd.o
       288         26     175030          0          0       2527   cc936.o
       108         38          0          8          0       1411   crc.o
       208         24          0          0          0       3261   diskio.o
       132         34          0          0         96        991   dma.o
       148         36          0          0         64       1481   dma2d.o
         0          0          0          0          0      11676   event_groups.o
        56         24          0         10          0       3708   fatfs.o
      8222        102         13         11         16      40210   ff.o
       102          6          0          0         16       1451   ff_gen_drv.o
       670         74          0          8         68     778928   fmc.o
       444         18          0          0          0       1247   gpio.o
         0          0          0          0    4194304        395   guiconf.o
       692         62          0         24      76800       4071   heap_4.o
       148          0          0          0          0       3022   list.o
       476         56          0          0        168       1898   ltdc.o
      1134        336          0         13      23664      32863   main.o
       942         92          0         12          0      10749   port.o
      2026         26          0          0         64      14940   queue.o
       336         32         20          1          0       3924   sd_diskio.o
       204         44          0          0        132       1565   sdio.o
       184         44          0          0         88       1545   spi.o
       776         44          0          0          0       6182   spi_flash.o
        36          8        428          0      32768        804   startup_stm32f429xx.o
       128         20          0          4          0       3395   stm32f4xx_hal.o
       338         22          0          0          0      30873   stm32f4xx_hal_cortex.o
        36          0          0          0          0        867   stm32f4xx_hal_crc.o
       458         10          8          0          0       2435   stm32f4xx_hal_dma.o
       352          6          0          0          0       2501   stm32f4xx_hal_dma2d.o
       560         54          0          0          0       2613   stm32f4xx_hal_gpio.o
       908          6          0          0          0       2503   stm32f4xx_hal_ltdc.o
        86          0          0          0          0        502   stm32f4xx_hal_msp.o
      3012         46          0          0          0      10416   stm32f4xx_hal_pcd.o
        92          0          0          0          0       1568   stm32f4xx_hal_pcd_ex.o
       164         12          0          0          0       1116   stm32f4xx_hal_pwr_ex.o
      1844         80          0          0          0       4928   stm32f4xx_hal_rcc.o
       880         24          0          0          0       1388   stm32f4xx_hal_rcc_ex.o
      3084          4          0          0          0      11908   stm32f4xx_hal_sd.o
       162          0          0          0          0       2348   stm32f4xx_hal_sdram.o
       892          0          0          0          0       3789   stm32f4xx_hal_spi.o
      1308          8          0          0          0       3248   stm32f4xx_hal_uart.o
        50          6          0          0          0       4093   stm32f4xx_it.o
       368          4          0          0          0       3080   stm32f4xx_ll_fmc.o
      2090         40          0          0          0      21271   stm32f4xx_ll_sdmmc.o
      3182         64          0          0          0      18262   stm32f4xx_ll_usb.o
        96          0          0          0          0       2580   syscall.o
       100         18         24          4          0       1083   system_stm32f4xx.o
      2834        368          0         60        200      21085   tasks.o
      1142        118          0         20         40      16559   timers.o
       172         42          0          0         64       1582   usart.o
        52         16          0          0        548       5601   usb_device.o
      1332         56          0          0       1008      15308   usbd_conf.o
       792          0          0          0          0      11589   usbd_core.o
      1584         30          0          1          0       9840   usbd_ctlreq.o
       300        124          0         52        512       5195   usbd_desc.o
       134          0          0          0          0       3520   usbd_ioreq.o
       562         24          0        162          0       8676   usbd_msc.o
       778          8          0          0          0       6849   usbd_msc_bot.o
         0          0         23          0          0        757   usbd_msc_data.o
      2150         14          0          0          0      12451   usbd_msc_scsi.o
       118          0         36         32          0       4529   usbd_storage_if.o
       170          4          0         24          0       3572   user_diskio.o

    ----------------------------------------------------------------------
     49896       2380     175620        456    4330620    1196633   Object Totals
         0          0         32          0          0          0   (incl. Generated)
        54          0          6         10          0          0   (incl. Padding)

    ----------------------------------------------------------------------

      Code (inc. data)   RO Data    RW Data    ZI Data      Debug   Library Member Name

        86          0          0          0          0          0   __dczerorl2.o
         0          0          0          0          0          0   entry.o
         0          0          0          0          0          0   entry10a.o
         0          0          0          0          0          0   entry11a.o
         8          4          0          0          0          0   entry2.o
         4          0          0          0          0          0   entry5.o
         0          0          0          0          0          0   entry7b.o
         0          0          0          0          0          0   entry8b.o
         8          4          0          0          0          0   entry9a.o
        30          0          0          0          0          0   handlers.o
        36          8          0          0          0         68   init.o
       188         20          0          0          0        160   malloc.o
        64          0          0          0          0         76   memmovea.o
        36          0          0          0          0        108   memseta.o
         0          0          0          8          0          0   mvars.o
       866         14          0          0          0        352   printf6.o
         0          0          0          4          0          0   stdout.o
        44          0          0          0          0         80   uidiv.o

    ----------------------------------------------------------------------
      1376         50          0         12          0        844   Library Totals
         6          0          0          0          0          0   (incl. Padding)

    ----------------------------------------------------------------------

      Code (inc. data)   RO Data    RW Data    ZI Data      Debug   Library Name

      1370         50          0         12          0        844   mc_w.l

    ----------------------------------------------------------------------
      1376         50          0         12          0        844   Library Totals

    ----------------------------------------------------------------------

==============================================================================


      Code (inc. data)   RO Data    RW Data    ZI Data      Debug   

     51272       2430     175620        468    4330620    1153097   Grand Totals
     51272       2430     175620        188    4330620    1153097   ELF Image Totals (compressed)
     51272       2430     175620        188          0          0   ROM Totals

==============================================================================

    Total RO  Size (Code + RO Data)               226892 ( 221.57kB)
    Total RW  Size (RW Data + ZI Data)           4331088 (4229.58kB)
    Total ROM Size (Code + RO Data + RW Data)     227080 ( 221.76kB)

==============================================================================

